Component: ARM Compiler 5.06 update 6 (build 750) Tool: armlink [4d35ed]

==============================================================================

Section Cross References

    buffer.o(i.Buffer_DrawLineH) refers to buffer.o(i.Buffer_SetPixel) for Buffer_SetPixel
    buffer.o(i.Buffer_DrawLineV) refers to buffer.o(i.Buffer_SetPixel) for Buffer_SetPixel
    buffer.o(i.Buffer_DrawRect) refers to buffer.o(i.Buffer_DrawLineH) for Buffer_DrawLineH
    delay.o(i.delay) refers to fflt_clz.o(x$fpl$ffltu) for __aeabi_ui2f
    delay.o(i.delay) refers to fmul.o(x$fpl$fmul) for __aeabi_fmul
    delay.o(i.delay) refers to ffix.o(x$fpl$ffix) for __aeabi_f2iz
    spi_lcd.o(i.SPILCD_Configure) refers to spi_lcd.o(i.SPILCD_SendCommand) for SPILCD_SendCommand
    spi_lcd.o(i.SPILCD_Init) refers to gpio_lpc17xx.o(i.GPIO_PortClock) for GPIO_PortClock
    spi_lcd.o(i.SPILCD_Init) refers to gpio_lpc17xx.o(i.GPIO_SetDir) for GPIO_SetDir
    spi_lcd.o(i.SPILCD_Init) refers to pin_lpc17xx.o(i.PIN_Configure) for PIN_Configure
    spi_lcd.o(i.SPILCD_Reset) refers to gpio_lpc17xx.o(i.GPIO_PinWrite) for GPIO_PinWrite
    spi_lcd.o(i.SPILCD_Reset) refers to delay.o(i.delay) for delay
    spi_lcd.o(i.SPILCD_SendCommand) refers to gpio_lpc17xx.o(i.GPIO_PinWrite) for GPIO_PinWrite
    spi_lcd.o(i.SPILCD_SendData) refers to gpio_lpc17xx.o(i.GPIO_PinWrite) for GPIO_PinWrite
    spi_lcd.o(i.SPILCD_Transfer) refers to spi_lcd.o(i.SPILCD_SendCommand) for SPILCD_SendCommand
    spi_lcd.o(i.SPILCD_Transfer) refers to spi_lcd.o(i.SPILCD_SendData) for SPILCD_SendData
    pf_main.o(i.TIMER0_IRQHandler) refers to pf_main.o(i.set_direction) for set_direction
    pf_main.o(i.TIMER0_IRQHandler) refers to gpio_lpc17xx.o(i.GPIO_PinWrite) for GPIO_PinWrite
    pf_main.o(i.TIMER0_IRQHandler) refers to pf_main.o(.data) for x
    pf_main.o(i.main) refers to system_lpc17xx.o(i.SystemInit) for SystemInit
    pf_main.o(i.main) refers to pf_pin.o(i.initPin_LED) for initPin_LED
    pf_main.o(i.main) refers to pf_pin.o(i.initPin_JOY) for initPin_JOY
    pf_main.o(i.main) refers to spi_lcd.o(i.SPILCD_Init) for SPILCD_Init
    pf_main.o(i.main) refers to spi_lcd.o(i.SPILCD_Reset) for SPILCD_Reset
    pf_main.o(i.main) refers to spi_lcd.o(i.SPILCD_Configure) for SPILCD_Configure
    pf_main.o(i.main) refers to buffer.o(i.Buffer_Reset) for Buffer_Reset
    pf_main.o(i.main) refers to pf_timmer.o(i.timmer0_configuration) for timmer0_configuration
    pf_main.o(i.main) refers to buffer.o(i.Buffer_DrawRect) for Buffer_DrawRect
    pf_main.o(i.main) refers to spi_lcd.o(i.SPILCD_Transfer) for SPILCD_Transfer
    pf_main.o(i.main) refers to spi_lcd.o(i.draw_game) for draw_game
    pf_main.o(i.main) refers to pf_main.o(.data) for spiDrv1
    pf_main.o(i.main) refers to pf_main.o(.bss) for buffer
    pf_main.o(i.set_direction) refers to gpio_lpc17xx.o(i.GPIO_PinRead) for GPIO_PinRead
    pf_main.o(i.set_direction) refers to pf_main.o(.data) for state_joy_center
    pf_main.o(.data) refers to ssp_lpc17xx.o(.constdata) for Driver_SPI1
    pf_timmer.o(i.timmer0_configuration) refers to pf_timmer.o(.data) for time
    pf_pin.o(i.initPin_JOY) refers to gpio_lpc17xx.o(i.GPIO_SetDir) for GPIO_SetDir
    pf_pin.o(i.initPin_JOY) refers to pin_lpc17xx.o(i.PIN_Configure) for PIN_Configure
    pf_pin.o(i.initPin_LED) refers to gpio_lpc17xx.o(i.GPIO_SetDir) for GPIO_SetDir
    pf_pin.o(i.initPin_LED) refers to pin_lpc17xx.o(i.PIN_Configure) for PIN_Configure
    i2c_lpc17xx.o(i.GetI2CClockFreq) refers to system_lpc17xx.o(.data) for SystemCoreClock
    i2c_lpc17xx.o(i.I2C2_Control) refers to i2c_lpc17xx.o(i.I2Cx_Control) for I2Cx_Control
    i2c_lpc17xx.o(i.I2C2_Control) refers to i2c_lpc17xx.o(.constdata) for I2C2_Resources
    i2c_lpc17xx.o(i.I2C2_GetDataCount) refers to i2c_lpc17xx.o(i.I2Cx_GetDataCount) for I2Cx_GetDataCount
    i2c_lpc17xx.o(i.I2C2_GetDataCount) refers to i2c_lpc17xx.o(.constdata) for I2C2_Resources
    i2c_lpc17xx.o(i.I2C2_GetStatus) refers to i2c_lpc17xx.o(i.I2Cx_GetStatus) for I2Cx_GetStatus
    i2c_lpc17xx.o(i.I2C2_GetStatus) refers to i2c_lpc17xx.o(.constdata) for I2C2_Resources
    i2c_lpc17xx.o(i.I2C2_IRQHandler) refers to i2c_lpc17xx.o(i.I2Cx_IRQHandler) for I2Cx_IRQHandler
    i2c_lpc17xx.o(i.I2C2_IRQHandler) refers to i2c_lpc17xx.o(.constdata) for I2C2_Resources
    i2c_lpc17xx.o(i.I2C2_Initialize) refers to i2c_lpc17xx.o(i.I2Cx_Initialize) for I2Cx_Initialize
    i2c_lpc17xx.o(i.I2C2_Initialize) refers to i2c_lpc17xx.o(.constdata) for I2C2_Resources
    i2c_lpc17xx.o(i.I2C2_MasterReceive) refers to i2c_lpc17xx.o(i.I2Cx_MasterReceive) for I2Cx_MasterReceive
    i2c_lpc17xx.o(i.I2C2_MasterReceive) refers to i2c_lpc17xx.o(.constdata) for I2C2_Resources
    i2c_lpc17xx.o(i.I2C2_MasterTransmit) refers to i2c_lpc17xx.o(i.I2Cx_MasterTransmit) for I2Cx_MasterTransmit
    i2c_lpc17xx.o(i.I2C2_MasterTransmit) refers to i2c_lpc17xx.o(.constdata) for I2C2_Resources
[...]
    defsig_fpe_outer.o(.text) refers to defsig_fpe_inner.o(.text) for __rt_SIGFPE_inner
    defsig_fpe_outer.o(.text) refers to defsig_exit.o(.text) for __sig_exit
    defsig_fpe_formal.o(.text) refers to rt_raise.o(.text) for __rt_raise
    libinit.o(.ARM.Collect$$libinit$$00000000) refers (Special) to libinit2.o(.ARM.Collect$$libinit$$0000002E) for __rt_lib_init_alloca_1
    libinit.o(.ARM.Collect$$libinit$$00000000) refers (Special) to libinit2.o(.ARM.Collect$$libinit$$0000002C) for __rt_lib_init_argv_1
    libinit.o(.ARM.Collect$$libinit$$00000000) refers (Special) to libinit2.o(.ARM.Collect$$libinit$$0000001B) for __rt_lib_init_atexit_1
    libinit.o(.ARM.Collect$$libinit$$00000000) refers (Special) to libinit2.o(.ARM.Collect$$libinit$$00000021) for __rt_lib_init_clock_1
    libinit.o(.ARM.Collect$$libinit$$00000000) refers (Special) to libinit2.o(.ARM.Collect$$libinit$$00000032) for __rt_lib_init_cpp_1
    libinit.o(.ARM.Collect$$libinit$$00000000) refers (Special) to libinit2.o(.ARM.Collect$$libinit$$00000030) for __rt_lib_init_exceptions_1
    libinit.o(.ARM.Collect$$libinit$$00000000) refers (Special) to libinit2.o(.ARM.Collect$$libinit$$00000002) for __rt_lib_init_fp_1
    libinit.o(.ARM.Collect$$libinit$$00000000) refers (Special) to libinit2.o(.ARM.Collect$$libinit$$0000001F) for __rt_lib_init_fp_trap_1
    libinit.o(.ARM.Collect$$libinit$$00000000) refers (Special) to libinit2.o(.ARM.Collect$$libinit$$00000023) for __rt_lib_init_getenv_1
    libinit.o(.ARM.Collect$$libinit$$00000000) refers (Special) to libinit2.o(.ARM.Collect$$libinit$$0000000A) for __rt_lib_init_heap_1
    libinit.o(.ARM.Collect$$libinit$$00000000) refers (Special) to libinit2.o(.ARM.Collect$$libinit$$00000011) for __rt_lib_init_lc_collate_1
    libinit.o(.ARM.Collect$$libinit$$00000000) refers (Special) to libinit2.o(.ARM.Collect$$libinit$$00000013) for __rt_lib_init_lc_ctype_1
    libinit.o(.ARM.Collect$$libinit$$00000000) refers (Special) to libinit2.o(.ARM.Collect$$libinit$$00000015) for __rt_lib_init_lc_monetary_1
    libinit.o(.ARM.Collect$$libinit$$00000000) refers (Special) to libinit2.o(.ARM.Collect$$libinit$$00000017) for __rt_lib_init_lc_numeric_1
    libinit.o(.ARM.Collect$$libinit$$00000000) refers (Special) to libinit2.o(.ARM.Collect$$libinit$$00000019) for __rt_lib_init_lc_time_1
    libinit.o(.ARM.Collect$$libinit$$00000000) refers (Special) to libinit2.o(.ARM.Collect$$libinit$$00000004) for __rt_lib_init_preinit_1
    libinit.o(.ARM.Collect$$libinit$$00000000) refers (Special) to libinit2.o(.ARM.Collect$$libinit$$0000000E) for __rt_lib_init_rand_1
    libinit.o(.ARM.Collect$$libinit$$00000000) refers (Special) to libinit2.o(.ARM.Collect$$libinit$$00000033) for __rt_lib_init_return
    libinit.o(.ARM.Collect$$libinit$$00000000) refers (Special) to libinit2.o(.ARM.Collect$$libinit$$0000001D) for __rt_lib_init_signal_1
    libinit.o(.ARM.Collect$$libinit$$00000000) refers (Special) to libinit2.o(.ARM.Collect$$libinit$$00000025) for __rt_lib_init_stdio_1
    libinit.o(.ARM.Collect$$libinit$$00000000) refers (Special) to libinit2.o(.ARM.Collect$$libinit$$0000000C) for __rt_lib_init_user_alloc_1
    libspace.o(.text) refers to libspace.o(.bss) for __libspace_start
    rtexit.o(.ARM.Collect$$rtexit$$00000000) refers (Special) to rtexit2.o(.ARM.Collect$$rtexit$$00000004) for __rt_exit_exit
    rtexit.o(.ARM.Collect$$rtexit$$00000000) refers (Special) to rtexit2.o(.ARM.Collect$$rtexit$$00000003) for __rt_exit_ls
    rtexit.o(.ARM.Collect$$rtexit$$00000000) refers (Special) to rtexit2.o(.ARM.Collect$$rtexit$$00000002) for __rt_exit_prels_1
    rtexit.o(.ARM.exidx) refers (Special) to rtexit2.o(.ARM.Collect$$rtexit$$00000004) for __rt_exit_exit
    rtexit.o(.ARM.exidx) refers (Special) to rtexit2.o(.ARM.Collect$$rtexit$$00000003) for __rt_exit_ls
    rtexit.o(.ARM.exidx) refers (Special) to rtexit2.o(.ARM.Collect$$rtexit$$00000002) for __rt_exit_prels_1
    rtexit.o(.ARM.exidx) refers to rtexit.o(.ARM.Collect$$rtexit$$00000000) for .ARM.Collect$$rtexit$$00000000
    rt_raise.o(.text) refers to __raise.o(.text) for __raise
    rt_raise.o(.text) refers to sys_exit.o(.text) for _sys_exit
    defsig_exit.o(.text) refers to sys_exit.o(.text) for _sys_exit
    defsig_fpe_inner.o(.text) refers to defsig_general.o(.text) for __default_signal_display
    libinit2.o(.ARM.Collect$$libinit$$00000010) refers to libinit2.o(.ARM.Collect$$libinit$$0000000F) for .ARM.Collect$$libinit$$0000000F
    libinit2.o(.ARM.Collect$$libinit$$00000012) refers to libinit2.o(.ARM.Collect$$libinit$$0000000F) for .ARM.Collect$$libinit$$0000000F
    libinit2.o(.ARM.Collect$$libinit$$00000014) refers to libinit2.o(.ARM.Collect$$libinit$$0000000F) for .ARM.Collect$$libinit$$0000000F
    libinit2.o(.ARM.Collect$$libinit$$00000016) refers to libinit2.o(.ARM.Collect$$libinit$$0000000F) for .ARM.Collect$$libinit$$0000000F
    libinit2.o(.ARM.Collect$$libinit$$00000018) refers to libinit2.o(.ARM.Collect$$libinit$$0000000F) for .ARM.Collect$$libinit$$0000000F
    libinit2.o(.ARM.Collect$$libinit$$00000026) refers to argv_veneer.o(.emb_text) for __ARM_argv_veneer
    libinit2.o(.ARM.Collect$$libinit$$00000027) refers to argv_veneer.o(.emb_text) for __ARM_argv_veneer
    sys_exit.o(.text) refers (Special) to use_no_semi.o(.text) for __I$use$semihosting
    sys_exit.o(.text) refers (Special) to indicate_semi.o(.text) for __semihosting_library_function
    rtexit2.o(.ARM.Collect$$rtexit$$00000003) refers to libshutdown.o(.ARM.Collect$$libshutdown$$00000000) for __rt_lib_shutdown
    rtexit2.o(.ARM.Collect$$rtexit$$00000004) refers to sys_exit.o(.text) for _sys_exit
    rtexit2.o(.ARM.exidx) refers to rtexit2.o(.ARM.Collect$$rtexit$$00000001) for .ARM.Collect$$rtexit$$00000001
    rtexit2.o(.ARM.exidx) refers to rtexit2.o(.ARM.Collect$$rtexit$$00000003) for .ARM.Collect$$rtexit$$00000003
    rtexit2.o(.ARM.exidx) refers to rtexit2.o(.ARM.Collect$$rtexit$$00000004) for .ARM.Collect$$rtexit$$00000004
    __raise.o(.text) refers to defsig.o(CL$$defsig) for __default_signal_handler
    defsig_general.o(.text) refers to sys_wrch.o(.text) for _ttywrch
    argv_veneer.o(.emb_text) refers to no_argv.o(.text) for __ARM_get_argv
    sys_wrch.o(.text) refers (Special) to use_no_semi.o(.text) for __I$use$semihosting
    sys_wrch.o(.text) refers (Special) to indicate_semi.o(.text) for __semihosting_library_function
    defsig.o(CL$$defsig) refers to defsig_fpe_inner.o(.text) for __rt_SIGFPE_inner
    defsig.o(CL$$defsig) refers to defsig_rtmem_inner.o(.text) for __rt_SIGRTMEM_inner
    _get_argv_nomalloc.o(.text) refers (Special) to hrguard.o(.text) for __heap_region$guard
    _get_argv_nomalloc.o(.text) refers to defsig_rtmem_outer.o(.text) for __rt_SIGRTMEM
    _get_argv_nomalloc.o(.text) refers to sys_command.o(.text) for _sys_command_string
    libshutdown.o(.ARM.Collect$$libshutdown$$00000000) refers (Special) to libshutdown2.o(.ARM.Collect$$libshutdown$$00000002) for __rt_lib_shutdown_cpp_1
    libshutdown.o(.ARM.Collect$$libshutdown$$00000000) refers (Special) to libshutdown2.o(.ARM.Collect$$libshutdown$$00000007) for __rt_lib_shutdown_fp_trap_1
    libshutdown.o(.ARM.Collect$$libshutdown$$00000000) refers (Special) to libshutdown2.o(.ARM.Collect$$libshutdown$$0000000F) for __rt_lib_shutdown_heap_1
    libshutdown.o(.ARM.Collect$$libshutdown$$00000000) refers (Special) to libshutdown2.o(.ARM.Collect$$libshutdown$$00000010) for __rt_lib_shutdown_return
    libshutdown.o(.ARM.Collect$$libshutdown$$00000000) refers (Special) to libshutdown2.o(.ARM.Collect$$libshutdown$$0000000A) for __rt_lib_shutdown_signal_1
    libshutdown.o(.ARM.Collect$$libshutdown$$00000000) refers (Special) to libshutdown2.o(.ARM.Collect$$libshutdown$$00000004) for __rt_lib_shutdown_stdio_1
    libshutdown.o(.ARM.Collect$$libshutdown$$00000000) refers (Special) to libshutdown2.o(.ARM.Collect$$libshutdown$$0000000C) for __rt_lib_shutdown_user_alloc_1
    sys_command.o(.text) refers (Special) to use_no_semi.o(.text) for __I$use$semihosting
    sys_command.o(.text) refers (Special) to indicate_semi.o(.text) for __semihosting_library_function
    defsig_abrt_inner.o(.text) refers to defsig_general.o(.text) for __default_signal_display
    defsig_rtred_inner.o(.text) refers to defsig_general.o(.text) for __default_signal_display
    defsig_rtmem_inner.o(.text) refers to defsig_general.o(.text) for __default_signal_display
    defsig_rtmem_outer.o(.text) refers to defsig_rtmem_inner.o(.text) for __rt_SIGRTMEM_inner
    defsig_rtmem_outer.o(.text) refers to defsig_exit.o(.text) for __sig_exit
    defsig_rtmem_formal.o(.text) refers to rt_raise.o(.text) for __rt_raise
    defsig_stak_inner.o(.text) refers to defsig_general.o(.text) for __default_signal_display
    defsig_pvfn_inner.o(.text) refers to defsig_general.o(.text) for __default_signal_display
    defsig_cppl_inner.o(.text) refers to defsig_general.o(.text) for __default_signal_display
    defsig_segv_inner.o(.text) refers to defsig_general.o(.text) for __default_signal_display
    defsig_other.o(.text) refers to defsig_general.o(.text) for __default_signal_display


==============================================================================

Removing Unused input sections from the image.

    Removing buffer.o(i.Buffer_DrawLineV), (36 bytes).
    Removing delay.o(.rev16_text), (4 bytes).
    Removing delay.o(.revsh_text), (4 bytes).
    Removing delay.o(.rrx_text), (6 bytes).
    Removing spi_lcd.o(.rev16_text), (4 bytes).
    Removing spi_lcd.o(.revsh_text), (4 bytes).
    Removing spi_lcd.o(.rrx_text), (6 bytes).
    Removing spi_lcd.o(.constdata), (776 bytes).
    Removing pf_main.o(.rev16_text), (4 bytes).
    Removing pf_main.o(.revsh_text), (4 bytes).
    Removing pf_main.o(.rrx_text), (6 bytes).
    Removing pf_timmer.o(.rev16_text), (4 bytes).
    Removing pf_timmer.o(.revsh_text), (4 bytes).
    Removing pf_timmer.o(.rrx_text), (6 bytes).
    Removing pf_pin.o(.rev16_text), (4 bytes).
    Removing pf_pin.o(.revsh_text), (4 bytes).
    Removing pf_pin.o(.rrx_text), (6 bytes).
    Removing i2c_lpc17xx.o(.rev16_text), (4 bytes).
    Removing i2c_lpc17xx.o(.revsh_text), (4 bytes).
    Removing i2c_lpc17xx.o(.rrx_text), (6 bytes).
    Removing ssp_lpc17xx.o(.rev16_text), (4 bytes).
    Removing ssp_lpc17xx.o(.revsh_text), (4 bytes).
    Removing ssp_lpc17xx.o(.rrx_text), (6 bytes).
    Removing gpdma_lpc17xx.o(.rev16_text), (4 bytes).
    Removing gpdma_lpc17xx.o(.revsh_text), (4 bytes).
    Removing gpdma_lpc17xx.o(.rrx_text), (6 bytes).
    Removing gpdma_lpc17xx.o(i.GPDMA_ChannelEnable), (60 bytes).
    Removing gpdma_lpc17xx.o(i.GPDMA_ChannelGetStatus), (36 bytes).
    Removing gpio_lpc17xx.o(.rev16_text), (4 bytes).
    Removing gpio_lpc17xx.o(.revsh_text), (4 bytes).
    Removing gpio_lpc17xx.o(.rrx_text), (6 bytes).
    Removing gpio_lpc17xx.o(i.GPIO_PortRead), (20 bytes).
    Removing gpio_lpc17xx.o(i.GPIO_PortWrite), (32 bytes).
    Removing pin_lpc17xx.o(.rev16_text), (4 bytes).
    Removing pin_lpc17xx.o(.revsh_text), (4 bytes).
    Removing pin_lpc17xx.o(.rrx_text), (6 bytes).
    Removing pin_lpc17xx.o(i.PIN_ConfigureTPIU), (40 bytes).
    Removing system_lpc17xx.o(.rev16_text), (4 bytes).
    Removing system_lpc17xx.o(.revsh_text), (4 bytes).
    Removing system_lpc17xx.o(.rrx_text), (6 bytes).
    Removing system_lpc17xx.o(i.SystemCoreClockUpdate), (424 bytes).

41 unused section(s) (total 1578 bytes) removed from the image.

==============================================================================

Image Symbol Table

    Local Symbols

    Symbol Name                              Value     Ov Type        Size  Object(Section)

    RESET                                    0x00000000   Section      204  startup_lpc17xx.o(RESET)
    ../clib/angel/boardlib.s                 0x00000000   Number         0  boardshut.o ABSOLUTE
    ../clib/angel/boardlib.s                 0x00000000   Number         0  boardinit1.o ABSOLUTE
    ../clib/angel/boardlib.s                 0x00000000   Number         0  boardinit2.o ABSOLUTE
    ../clib/angel/boardlib.s                 0x00000000   Number         0  boardinit3.o ABSOLUTE
    ../clib/angel/handlers.s                 0x00000000   Number         0  __scatter_zi.o ABSOLUTE
    ../clib/angel/handlers.s                 0x00000000   Number         0  __scatter_copy.o ABSOLUTE
    ../clib/angel/kernel.s                   0x00000000   Number         0  rtexit.o ABSOLUTE
    ../clib/angel/kernel.s                   0x00000000   Number         0  __rtentry2.o ABSOLUTE
    ../clib/angel/kernel.s                   0x00000000   Number         0  __rtentry4.o ABSOLUTE
    ../clib/angel/kernel.s                   0x00000000   Number         0  __rtentry.o ABSOLUTE
    ../clib/angel/kernel.s                   0x00000000   Number         0  rtexit2.o ABSOLUTE
    ../clib/angel/rt.s                       0x00000000   Number         0  aeabi_ldiv0.o ABSOLUTE
    ../clib/angel/rt.s                       0x00000000   Number         0  aeabi_ldiv0_sigfpe.o ABSOLUTE
    ../clib/angel/rt.s                       0x00000000   Number         0  rt_div0.o ABSOLUTE
    ../clib/angel/rt.s                       0x00000000   Number         0  rt_raise.o ABSOLUTE
    ../clib/angel/scatter.s                  0x00000000   Number         0  __scatter.o ABSOLUTE
    ../clib/angel/startup.s                  0x00000000   Number         0  __main.o ABSOLUTE
    ../clib/angel/sys.s                      0x00000000   Number         0  libspace.o ABSOLUTE
    ../clib/angel/sys.s                      0x00000000   Number         0  sys_stackheap_outer.o ABSOLUTE
    ../clib/angel/sys.s                      0x00000000   Number         0  indicate_semi.o ABSOLUTE
    ../clib/angel/sys.s                      0x00000000   Number         0  use_no_semi.o ABSOLUTE
    ../clib/angel/sysapp.c                   0x00000000   Number         0  sys_exit.o ABSOLUTE
    ../clib/angel/sysapp.c                   0x00000000   Number         0  sys_wrch.o ABSOLUTE
    ../clib/angel/sysapp.c                   0x00000000   Number         0  sys_command.o ABSOLUTE
    ../clib/armsys.c                         0x00000000   Number         0  argv_veneer.o ABSOLUTE
    ../clib/armsys.c                         0x00000000   Number         0  _get_argv_nomalloc.o ABSOLUTE
    ../clib/armsys.c                         0x00000000   Number         0  argv_veneer.o ABSOLUTE
    ../clib/armsys.c                         0x00000000   Number         0  no_argv.o ABSOLUTE
    ../clib/heapalloc.c                      0x00000000   Number         0  hrguard.o ABSOLUTE
    ../clib/heapaux.c                        0x00000000   Number         0  heapauxi.o ABSOLUTE
    ../clib/libinit.s                        0x00000000   Number         0  libinit2.o ABSOLUTE
    ../clib/libinit.s                        0x00000000   Number         0  libinit.o ABSOLUTE
    ../clib/libinit.s                        0x00000000   Number         0  libshutdown.o ABSOLUTE
    ../clib/libinit.s                        0x00000000   Number         0  libshutdown2.o ABSOLUTE
    ../clib/longlong.s                       0x00000000   Number         0  lludivv7m.o ABSOLUTE
    ../clib/memcpset.s                       0x00000000   Number         0  rt_memclr_w.o ABSOLUTE
    ../clib/signal.c                         0x00000000   Number         0  defsig_cppl_inner.o ABSOLUTE
    ../clib/signal.c                         0x00000000   Number         0  defsig_pvfn_inner.o ABSOLUTE
    ../clib/signal.c                         0x00000000   Number         0  defsig_stak_inner.o ABSOLUTE
    ../clib/signal.c                         0x00000000   Number         0  defsig_rtmem_formal.o ABSOLUTE
    ../clib/signal.c                         0x00000000   Number         0  defsig_rtmem_outer.o ABSOLUTE
    ../clib/signal.c                         0x00000000   Number         0  defsig_rtmem_inner.o ABSOLUTE
    ../clib/signal.c                         0x00000000   Number         0  defsig_rtred_inner.o ABSOLUTE
    ../clib/signal.c                         0x00000000   Number         0  defsig_abrt_inner.o ABSOLUTE
    ../clib/signal.c                         0x00000000   Number         0  defsig_fpe_outer.o ABSOLUTE
    ../clib/signal.c                         0x00000000   Number         0  defsig_general.o ABSOLUTE
    ../clib/signal.c                         0x00000000   Number         0  __raise.o ABSOLUTE
    ../clib/signal.c                         0x00000000   Number         0  defsig_fpe_inner.o ABSOLUTE
    ../clib/signal.c                         0x00000000   Number         0  defsig_exit.o ABSOLUTE
    ../clib/signal.c                         0x00000000   Number         0  defsig_fpe_formal.o ABSOLUTE
    ../clib/signal.c                         0x00000000   Number         0  defsig_segv_inner.o ABSOLUTE
    ../clib/signal.c                         0x00000000   Number         0  defsig_other.o ABSOLUTE
    ../clib/signal.s                         0x00000000   Number         0  defsig.o ABSOLUTE
    ../clib/stdlib.c                         0x00000000   Number         0  exit.o ABSOLUTE
    ../fplib/ffix.s                          0x00000000   Number         0  ffix.o ABSOLUTE
    ../fplib/fflt.s                          0x00000000   Number         0  fflt_clz.o ABSOLUTE
    ../fplib/fmul.s                          0x00000000   Number         0  fmul.o ABSOLUTE
    ../fplib/fnaninf.s                       0x00000000   Number         0  fnaninf.o ABSOLUTE
    ../fplib/fpinit.s                        0x00000000   Number         0  fpinit.o ABSOLUTE
    ../fplib/fretinf.s                       0x00000000   Number         0  fretinf.o ABSOLUTE
    ../fplib/usenofp.s                       0x00000000   Number         0  usenofp.o ABSOLUTE
    Buffer.c                                 0x00000000   Number         0  buffer.o ABSOLUTE
    C:\Keil_v5\ARM\PACK\Keil\LPC1700_DFP\2.5.0\RTE_Driver\GPDMA_LPC17xx.c 0x00000000   Number         0  gpdma_lpc17xx.o ABSOLUTE
    C:\Keil_v5\ARM\PACK\Keil\LPC1700_DFP\2.5.0\RTE_Driver\GPIO_LPC17xx.c 0x00000000   Number         0  gpio_lpc17xx.o ABSOLUTE
    C:\Keil_v5\ARM\PACK\Keil\LPC1700_DFP\2.5.0\RTE_Driver\I2C_LPC17xx.c 0x00000000   Number         0  i2c_lpc17xx.o ABSOLUTE
    C:\Keil_v5\ARM\PACK\Keil\LPC1700_DFP\2.5.0\RTE_Driver\PIN_LPC17xx.c 0x00000000   Number         0  pin_lpc17xx.o ABSOLUTE
    C:\Keil_v5\ARM\PACK\Keil\LPC1700_DFP\2.5.0\RTE_Driver\SSP_LPC17xx.c 0x00000000   Number         0  ssp_lpc17xx.o ABSOLUTE
    C:\\Keil_v5\\ARM\\PACK\\Keil\\LPC1700_DFP\\2.5.0\\RTE_Driver\\GPDMA_LPC17xx.c 0x00000000   Number         0  gpdma_lpc17xx.o ABSOLUTE
    C:\\Keil_v5\\ARM\\PACK\\Keil\\LPC1700_DFP\\2.5.0\\RTE_Driver\\GPIO_LPC17xx.c 0x00000000   Number         0  gpio_lpc17xx.o ABSOLUTE
    C:\\Keil_v5\\ARM\\PACK\\Keil\\LPC1700_DFP\\2.5.0\\RTE_Driver\\I2C_LPC17xx.c 0x00000000   Number         0  i2c_lpc17xx.o ABSOLUTE
    C:\\Keil_v5\\ARM\\PACK\\Keil\\LPC1700_DFP\\2.5.0\\RTE_Driver\\PIN_LPC17xx.c 0x00000000   Number         0  pin_lpc17xx.o ABSOLUTE
    C:\\Keil_v5\\ARM\\PACK\\Keil\\LPC1700_DFP\\2.5.0\\RTE_Driver\\SSP_LPC17xx.c 0x00000000   Number         0  ssp_lpc17xx.o ABSOLUTE
    Delay.c                                  0x00000000   Number         0  delay.o ABSOLUTE
    Delay.c                                  0x00000000   Number         0  delay.o ABSOLUTE
    PF_main.c                                0x00000000   Number         0  pf_main.o ABSOLUTE
    PF_main.c                                0x00000000   Number         0  pf_main.o ABSOLUTE
    PF_pin.c                                 0x00000000   Number         0  pf_pin.o ABSOLUTE
    PF_pin.c                                 0x00000000   Number         0  pf_pin.o ABSOLUTE
    PF_timmer.c                              0x00000000   Number         0  pf_timmer.o ABSOLUTE
    PF_timmer.c                              0x00000000   Number         0  pf_timmer.o ABSOLUTE
    RTE\Device\LPC1768\startup_LPC17xx.s     0x00000000   Number         0  startup_lpc17xx.o ABSOLUTE
    RTE\Device\LPC1768\system_LPC17xx.c      0x00000000   Number         0  system_lpc17xx.o ABSOLUTE
    RTE\\Device\\LPC1768\\system_LPC17xx.c   0x00000000   Number         0  system_lpc17xx.o ABSOLUTE
    SPI_LCD.c                                0x00000000   Number         0  spi_lcd.o ABSOLUTE
    SPI_LCD.c                                0x00000000   Number         0  spi_lcd.o ABSOLUTE
    dc.s                                     0x00000000   Number         0  dc.o ABSOLUTE
    !!!main                                  0x000000cc   Section        8  __main.o(!!!main)
    !!!scatter                               0x000000d4   Section       52  __scatter.o(!!!scatter)
    !!handler_copy                           0x00000108   Section       26  __scatter_copy.o(!!handler_copy)
    !!handler_zi                             0x00000124   Section       28  __scatter_zi.o(!!handler_zi)
    .ARM.Collect$$libinit$$00000000          0x00000140   Section        2  libinit.o(.ARM.Collect$$libinit$$00000000)
    .ARM.Collect$$libinit$$00000002          0x00000142   Section        0  libinit2.o(.ARM.Collect$$libinit$$00000002)
    .ARM.Collect$$libinit$$00000004          0x00000142   Section        0  libinit2.o(.ARM.Collect$$libinit$$00000004)
    .ARM.Collect$$libinit$$0000000A          0x00000142   Section        0  libinit2.o(.ARM.Collect$$libinit$$0000000A)
    .ARM.Collect$$libinit$$0000000C          0x00000142   Section        0  libinit2.o(.ARM.Collect$$libinit$$0000000C)
    .ARM.Collect$$libinit$$0000000E          0x00000142   Section        0  libinit2.o(.ARM.Collect$$libinit$$0000000E)
    .ARM.Collect$$libinit$$00000011          0x00000142   Section        0  libinit2.o(.ARM.Collect$$libinit$$00000011)
    .ARM.Collect$$libinit$$00000013          0x00000142   Section        0  libinit2.o(.ARM.Collect$$libinit$$00000013)
    .ARM.Collect$$libinit$$00000015          0x00000142   Section        0  libinit2.o(.ARM.Collect$$libinit$$00000015)
    .ARM.Collect$$libinit$$00000017          0x00000142   Section        0  libinit2.o(.ARM.Collect$$libinit$$00000017)
    .ARM.Collect$$libinit$$00000019          0x00000142   Section        0  libinit2.o(.ARM.Collect$$libinit$$00000019)
    .ARM.Collect$$libinit$$0000001B          0x00000142   Section        0  libinit2.o(.ARM.Collect$$libinit$$0000001B)
    .ARM.Collect$$libinit$$0000001D          0x00000142   Section        0  libinit2.o(.ARM.Collect$$libinit$$0000001D)
    .ARM.Collect$$libinit$$0000001F          0x00000142   Section        0  libinit2.o(.ARM.Collect$$libinit$$0000001F)
    .ARM.Collect$$libinit$$00000021          0x00000142   Section        0  libinit2.o(.ARM.Collect$$libinit$$00000021)
    .ARM.Collect$$libinit$$00000023          0x00000142   Section        0  libinit2.o(.ARM.Collect$$libinit$$00000023)
    .ARM.Collect$$libinit$$00000025          0x00000142   Section        0  libinit2.o(.ARM.Collect$$libinit$$00000025)
    .ARM.Collect$$libinit$$0000002C          0x00000142   Section        0  libinit2.o(.ARM.Collect$$libinit$$0000002C)
    .ARM.Collect$$libinit$$0000002E          0x00000142   Section        0  libinit2.o(.ARM.Collect$$libinit$$0000002E)
    .ARM.Collect$$libinit$$00000030          0x00000142   Section        0  libinit2.o(.ARM.Collect$$libinit$$00000030)
    .ARM.Collect$$libinit$$00000032          0x00000142   Section        0  libinit2.o(.ARM.Collect$$libinit$$00000032)
    .ARM.Collect$$libinit$$00000033          0x00000142   Section        2  libinit2.o(.ARM.Collect$$libinit$$00000033)
    .ARM.Collect$$libshutdown$$00000000      0x00000144   Section        2  libshutdown.o(.ARM.Collect$$libshutdown$$00000000)
    .ARM.Collect$$libshutdown$$00000002      0x00000146   Section        0  libshutdown2.o(.ARM.Collect$$libshutdown$$00000002)
    .ARM.Collect$$libshutdown$$00000004      0x00000146   Section        0  libshutdown2.o(.ARM.Collect$$libshutdown$$00000004)
    .ARM.Collect$$libshutdown$$00000007      0x00000146   Section        0  libshutdown2.o(.ARM.Collect$$libshutdown$$00000007)
    .ARM.Collect$$libshutdown$$0000000A      0x00000146   Section        0  libshutdown2.o(.ARM.Collect$$libshutdown$$0000000A)
    .ARM.Collect$$libshutdown$$0000000C      0x00000146   Section        0  libshutdown2.o(.ARM.Collect$$libshutdown$$0000000C)
    .ARM.Collect$$libshutdown$$0000000F      0x00000146   Section        0  libshutdown2.o(.ARM.Collect$$libshutdown$$0000000F)
    .ARM.Collect$$libshutdown$$00000010      0x00000146   Section        2  libshutdown2.o(.ARM.Collect$$libshutdown$$00000010)
    .ARM.Collect$$rtentry$$00000000          0x00000148   Section        0  __rtentry.o(.ARM.Collect$$rtentry$$00000000)
    .ARM.Collect$$rtentry$$00000002          0x00000148   Section        0  __rtentry2.o(.ARM.Collect$$rtentry$$00000002)
    .ARM.Collect$$rtentry$$00000004          0x00000148   Section        6  __rtentry4.o(.ARM.Collect$$rtentry$$00000004)
    .ARM.Collect$$rtentry$$00000009          0x0000014e   Section        0  __rtentry2.o(.ARM.Collect$$rtentry$$00000009)
    .ARM.Collect$$rtentry$$0000000A          0x0000014e   Section        4  __rtentry2.o(.ARM.Collect$$rtentry$$0000000A)
    .ARM.Collect$$rtentry$$0000000C          0x00000152   Section        0  __rtentry2.o(.ARM.Collect$$rtentry$$0000000C)
    .ARM.Collect$$rtentry$$0000000D          0x00000152   Section        8  __rtentry2.o(.ARM.Collect$$rtentry$$0000000D)
    .ARM.Collect$$rtexit$$00000000           0x0000015a   Section        2  rtexit.o(.ARM.Collect$$rtexit$$00000000)
    .ARM.Collect$$rtexit$$00000002           0x0000015c   Section        0  rtexit2.o(.ARM.Collect$$rtexit$$00000002)
    .ARM.Collect$$rtexit$$00000003           0x0000015c   Section        4  rtexit2.o(.ARM.Collect$$rtexit$$00000003)
    .ARM.Collect$$rtexit$$00000004           0x00000160   Section        6  rtexit2.o(.ARM.Collect$$rtexit$$00000004)
    .text                                    0x00000168   Section       60  startup_lpc17xx.o(.text)
    .text                                    0x000001a4   Section       78  rt_memclr_w.o(.text)
    .text                                    0x000001f2   Section        0  heapauxi.o(.text)
    .text                                    0x000001f8   Section       74  sys_stackheap_outer.o(.text)
    .text                                    0x00000242   Section        0  exit.o(.text)
    .text                                    0x00000254   Section        8  libspace.o(.text)
    .text                                    0x0000025c   Section        0  sys_exit.o(.text)
    .text                                    0x00000268   Section        2  use_no_semi.o(.text)
    .text                                    0x0000026a   Section        0  indicate_semi.o(.text)
    i.Buffer_DrawLineH                       0x0000026a   Section        0  buffer.o(i.Buffer_DrawLineH)
    i.Buffer_DrawRect                        0x0000028e   Section        0  buffer.o(i.Buffer_DrawRect)
    i.Buffer_Reset                           0x000002be   Section        0  buffer.o(i.Buffer_Reset)
    i.Clear_Channel_active_flag              0x000002d4   Section        0  gpdma_lpc17xx.o(i.Clear_Channel_active_flag)
    Clear_Channel_active_flag                0x000002d5   Thumb Code    28  gpdma_lpc17xx.o(i.Clear_Channel_active_flag)
    i.I2Cx_GetDataCount                      0x000002f4   Section        0  i2c_lpc17xx.o(i.I2Cx_GetDataCount)
    I2Cx_GetDataCount                        0x000002f5   Thumb Code     8  i2c_lpc17xx.o(i.I2Cx_GetDataCount)
    .ARM.__at_0x02FC                         0x000002fc   Section        4  startup_lpc17xx.o(.ARM.__at_0x02FC)
    i.Buffer_SetPixel                        0x00000300   Section        0  buffer.o(i.Buffer_SetPixel)
    i.DMA_IRQHandler                         0x0000036c   Section        0  gpdma_lpc17xx.o(i.DMA_IRQHandler)
    i.GPDMA_ChannelConfigure                 0x000004ec   Section        0  gpdma_lpc17xx.o(i.GPDMA_ChannelConfigure)
    i.GPDMA_ChannelDisable                   0x000005e0   Section        0  gpdma_lpc17xx.o(i.GPDMA_ChannelDisable)
    i.GPDMA_ChannelGetCount                  0x00000610   Section        0  gpdma_lpc17xx.o(i.GPDMA_ChannelGetCount)
    i.GPDMA_Initialize                       0x00000640   Section        0  gpdma_lpc17xx.o(i.GPDMA_Initialize)
    i.GPDMA_PeripheralSelect                 0x000006e8   Section        0  gpdma_lpc17xx.o(i.GPDMA_PeripheralSelect)
    i.GPDMA_Uninitialize                     0x0000072c   Section        0  gpdma_lpc17xx.o(i.GPDMA_Uninitialize)
    i.GPIO_PinRead                           0x000007ac   Section        0  gpio_lpc17xx.o(i.GPIO_PinRead)
    i.GPIO_PinWrite                          0x000007cc   Section        0  gpio_lpc17xx.o(i.GPIO_PinWrite)
    i.GPIO_PortClock                         0x000007f4   Section        0  gpio_lpc17xx.o(i.GPIO_PortClock)
    i.GPIO_SetDir                            0x00000820   Section        0  gpio_lpc17xx.o(i.GPIO_SetDir)
    i.GetI2CClockFreq                        0x00000858   Section        0  i2c_lpc17xx.o(i.GetI2CClockFreq)
    GetI2CClockFreq                          0x00000859   Thumb Code    60  i2c_lpc17xx.o(i.GetI2CClockFreq)
    i.GetSSPClockFreq                        0x00000898   Section        0  ssp_lpc17xx.o(i.GetSSPClockFreq)
    GetSSPClockFreq                          0x00000899   Thumb Code    64  ssp_lpc17xx.o(i.GetSSPClockFreq)
    i.I2C2_Control                           0x000008dc   Section        0  i2c_lpc17xx.o(i.I2C2_Control)
    I2C2_Control                             0x000008dd   Thumb Code    18  i2c_lpc17xx.o(i.I2C2_Control)
    i.I2C2_GetDataCount                      0x000008f4   Section        0  i2c_lpc17xx.o(i.I2C2_GetDataCount)
    I2C2_GetDataCount                        0x000008f5   Thumb Code    10  i2c_lpc17xx.o(i.I2C2_GetDataCount)
    i.I2C2_GetStatus                         0x00000904   Section        0  i2c_lpc17xx.o(i.I2C2_GetStatus)
    I2C2_GetStatus                           0x00000905   Thumb Code    12  i2c_lpc17xx.o(i.I2C2_GetStatus)
    i.I2C2_IRQHandler                        0x00000914   Section        0  i2c_lpc17xx.o(i.I2C2_IRQHandler)
    i.I2C2_Initialize                        0x00000924   Section        0  i2c_lpc17xx.o(i.I2C2_Initialize)
    I2C2_Initialize                          0x00000925   Thumb Code    14  i2c_lpc17xx.o(i.I2C2_Initialize)
    i.I2C2_MasterReceive                     0x00000938   Section        0  i2c_lpc17xx.o(i.I2C2_MasterReceive)
    I2C2_MasterReceive                       0x00000939   Thumb Code    28  i2c_lpc17xx.o(i.I2C2_MasterReceive)
    i.I2C2_MasterTransmit                    0x00000958   Section        0  i2c_lpc17xx.o(i.I2C2_MasterTransmit)
    I2C2_MasterTransmit                      0x00000959   Thumb Code    28  i2c_lpc17xx.o(i.I2C2_MasterTransmit)
    i.I2C2_PowerControl                      0x00000978   Section        0  i2c_lpc17xx.o(i.I2C2_PowerControl)
    I2C2_PowerControl                        0x00000979   Thumb Code    14  i2c_lpc17xx.o(i.I2C2_PowerControl)
    i.I2C2_SlaveReceive                      0x0000098c   Section        0  i2c_lpc17xx.o(i.I2C2_SlaveReceive)
    I2C2_SlaveReceive                        0x0000098d   Thumb Code    18  i2c_lpc17xx.o(i.I2C2_SlaveReceive)
    i.I2C2_SlaveTransmit                     0x000009a4   Section        0  i2c_lpc17xx.o(i.I2C2_SlaveTransmit)
    I2C2_SlaveTransmit                       0x000009a5   Thumb Code    18  i2c_lpc17xx.o(i.I2C2_SlaveTransmit)
    i.I2C2_Uninitialize                      0x000009bc   Section        0  i2c_lpc17xx.o(i.I2C2_Uninitialize)
    I2C2_Uninitialize                        0x000009bd   Thumb Code    10  i2c_lpc17xx.o(i.I2C2_Uninitialize)
    i.I2C_GetCapabilities                    0x000009cc   Section        0  i2c_lpc17xx.o(i.I2C_GetCapabilities)
    I2C_GetCapabilities                      0x000009cd   Thumb Code     6  i2c_lpc17xx.o(i.I2C_GetCapabilities)
    i.I2C_GetVersion                         0x000009d8   Section        0  i2c_lpc17xx.o(i.I2C_GetVersion)
    I2C_GetVersion                           0x000009d9   Thumb Code    10  i2c_lpc17xx.o(i.I2C_GetVersion)
    i.I2Cx_Control                           0x000009e8   Section        0  i2c_lpc17xx.o(i.I2Cx_Control)
    I2Cx_Control                             0x000009e9   Thumb Code   378  i2c_lpc17xx.o(i.I2Cx_Control)
    i.I2Cx_GetStatus                         0x00000b74   Section        0  i2c_lpc17xx.o(i.I2Cx_GetStatus)
    I2Cx_GetStatus                           0x00000b75   Thumb Code     8  i2c_lpc17xx.o(i.I2Cx_GetStatus)
    i.I2Cx_IRQHandler                        0x00000b7c   Section        0  i2c_lpc17xx.o(i.I2Cx_IRQHandler)
    I2Cx_IRQHandler                          0x00000b7d   Thumb Code    48  i2c_lpc17xx.o(i.I2Cx_IRQHandler)
    i.I2Cx_Initialize                        0x00000bac   Section        0  i2c_lpc17xx.o(i.I2Cx_Initialize)
    I2Cx_Initialize                          0x00000bad   Thumb Code    78  i2c_lpc17xx.o(i.I2Cx_Initialize)
    i.I2Cx_MasterHandler                     0x00000bfa   Section        0  i2c_lpc17xx.o(i.I2Cx_MasterHandler)
    I2Cx_MasterHandler                       0x00000bfb   Thumb Code   462  i2c_lpc17xx.o(i.I2Cx_MasterHandler)
    i.I2Cx_MasterReceive                     0x00000dc8   Section        0  i2c_lpc17xx.o(i.I2Cx_MasterReceive)
    I2Cx_MasterReceive                       0x00000dc9   Thumb Code   206  i2c_lpc17xx.o(i.I2Cx_MasterReceive)
    i.I2Cx_MasterTransmit                    0x00000e96   Section        0  i2c_lpc17xx.o(i.I2Cx_MasterTransmit)
    I2Cx_MasterTransmit                      0x00000e97   Thumb Code   204  i2c_lpc17xx.o(i.I2Cx_MasterTransmit)
    i.I2Cx_PowerControl                      0x00000f62   Section        0  i2c_lpc17xx.o(i.I2Cx_PowerControl)
    I2Cx_PowerControl                        0x00000f63   Thumb Code   320  i2c_lpc17xx.o(i.I2Cx_PowerControl)
    i.I2Cx_SlaveHandler                      0x000010a2   Section        0  i2c_lpc17xx.o(i.I2Cx_SlaveHandler)
    I2Cx_SlaveHandler                        0x000010a3   Thumb Code   468  i2c_lpc17xx.o(i.I2Cx_SlaveHandler)
    i.I2Cx_SlaveReceive                      0x00001276   Section        0  i2c_lpc17xx.o(i.I2Cx_SlaveReceive)
    I2Cx_SlaveReceive                        0x00001277   Thumb Code   116  i2c_lpc17xx.o(i.I2Cx_SlaveReceive)
    i.I2Cx_SlaveTransmit                     0x000012ea   Section        0  i2c_lpc17xx.o(i.I2Cx_SlaveTransmit)
    I2Cx_SlaveTransmit                       0x000012eb   Thumb Code   116  i2c_lpc17xx.o(i.I2Cx_SlaveTransmit)
    i.I2Cx_Uninitialize                      0x0000135e   Section        0  i2c_lpc17xx.o(i.I2Cx_Uninitialize)
    I2Cx_Uninitialize                        0x0000135f   Thumb Code    48  i2c_lpc17xx.o(i.I2Cx_Uninitialize)
    i.PIN_Configure                          0x00001390   Section        0  pin_lpc17xx.o(i.PIN_Configure)
    i.PIN_ConfigureI2C0Pins                  0x0000148c   Section        0  pin_lpc17xx.o(i.PIN_ConfigureI2C0Pins)
    i.SPILCD_Configure                       0x000014ac   Section        0  spi_lcd.o(i.SPILCD_Configure)
    i.SPILCD_Init                            0x0000150c   Section        0  spi_lcd.o(i.SPILCD_Init)
    i.SPILCD_Reset                           0x0000157c   Section        0  spi_lcd.o(i.SPILCD_Reset)
    i.SPILCD_SendCommand                     0x000015c8   Section        0  spi_lcd.o(i.SPILCD_SendCommand)
    i.SPILCD_SendData                        0x00001630   Section        0  spi_lcd.o(i.SPILCD_SendData)
    i.SPILCD_Transfer                        0x0000169a   Section        0  spi_lcd.o(i.SPILCD_Transfer)
    i.SSP1_Control                           0x000016d8   Section        0  ssp_lpc17xx.o(i.SSP1_Control)
    SSP1_Control                             0x000016d9   Thumb Code    18  ssp_lpc17xx.o(i.SSP1_Control)
    i.SSP1_GPDMA_Rx_SignalEvent              0x000016f0   Section        0  ssp_lpc17xx.o(i.SSP1_GPDMA_Rx_SignalEvent)
    i.SSP1_GPDMA_Tx_SignalEvent              0x00001704   Section        0  ssp_lpc17xx.o(i.SSP1_GPDMA_Tx_SignalEvent)
    i.SSP1_GetDataCount                      0x00001718   Section        0  ssp_lpc17xx.o(i.SSP1_GetDataCount)
    SSP1_GetDataCount                        0x00001719   Thumb Code    10  ssp_lpc17xx.o(i.SSP1_GetDataCount)
    i.SSP1_GetStatus                         0x00001728   Section        0  ssp_lpc17xx.o(i.SSP1_GetStatus)
    SSP1_GetStatus                           0x00001729   Thumb Code    12  ssp_lpc17xx.o(i.SSP1_GetStatus)
    i.SSP1_IRQHandler                        0x00001738   Section        0  ssp_lpc17xx.o(i.SSP1_IRQHandler)
    i.SSP1_Initialize                        0x00001748   Section        0  ssp_lpc17xx.o(i.SSP1_Initialize)
    SSP1_Initialize                          0x00001749   Thumb Code    14  ssp_lpc17xx.o(i.SSP1_Initialize)
    i.SSP1_PowerControl                      0x0000175c   Section        0  ssp_lpc17xx.o(i.SSP1_PowerControl)
    SSP1_PowerControl                        0x0000175d   Thumb Code    14  ssp_lpc17xx.o(i.SSP1_PowerControl)
    i.SSP1_Receive                           0x00001770   Section        0  ssp_lpc17xx.o(i.SSP1_Receive)
    SSP1_Receive                             0x00001771   Thumb Code    18  ssp_lpc17xx.o(i.SSP1_Receive)
    i.SSP1_Send                              0x00001788   Section        0  ssp_lpc17xx.o(i.SSP1_Send)
    SSP1_Send                                0x00001789   Thumb Code    18  ssp_lpc17xx.o(i.SSP1_Send)
    i.SSP1_Transfer                          0x000017a0   Section        0  ssp_lpc17xx.o(i.SSP1_Transfer)
    SSP1_Transfer                            0x000017a1   Thumb Code    22  ssp_lpc17xx.o(i.SSP1_Transfer)
    i.SSP1_Uninitialize                      0x000017bc   Section        0  ssp_lpc17xx.o(i.SSP1_Uninitialize)
    SSP1_Uninitialize                        0x000017bd   Thumb Code    10  ssp_lpc17xx.o(i.SSP1_Uninitialize)
    i.SSP_GetCapabilities                    0x000017cc   Section        0  ssp_lpc17xx.o(i.SSP_GetCapabilities)
    SSP_GetCapabilities                      0x000017cd   Thumb Code     6  ssp_lpc17xx.o(i.SSP_GetCapabilities)
    i.SSP_GetVersion                         0x000017d8   Section        0  ssp_lpc17xx.o(i.SSP_GetVersion)
    SSP_GetVersion                           0x000017d9   Thumb Code    10  ssp_lpc17xx.o(i.SSP_GetVersion)
    i.SSPx_Control                           0x000017e8   Section        0  ssp_lpc17xx.o(i.SSPx_Control)
    SSPx_Control                             0x000017e9   Thumb Code  1310  ssp_lpc17xx.o(i.SSPx_Control)
    i.SSPx_GPDMA_Rx_SignalEvent              0x00001d06   Section        0  ssp_lpc17xx.o(i.SSPx_GPDMA_Rx_SignalEvent)
    i.SSPx_GPDMA_Tx_SignalEvent              0x00001d3c   Section        0  ssp_lpc17xx.o(i.SSPx_GPDMA_Tx_SignalEvent)
    i.SSPx_GetDataCount                      0x00001d58   Section        0  ssp_lpc17xx.o(i.SSPx_GetDataCount)
    SSPx_GetDataCount                        0x00001d59   Thumb Code    44  ssp_lpc17xx.o(i.SSPx_GetDataCount)
    i.SSPx_GetStatus                         0x00001d84   Section        0  ssp_lpc17xx.o(i.SSPx_GetStatus)
    SSPx_GetStatus                           0x00001d85   Thumb Code    90  ssp_lpc17xx.o(i.SSPx_GetStatus)
    i.SSPx_IRQHandler                        0x00001dde   Section        0  ssp_lpc17xx.o(i.SSPx_IRQHandler)
    SSPx_IRQHandler                          0x00001ddf   Thumb Code   260  ssp_lpc17xx.o(i.SSPx_IRQHandler)
    i.SSPx_Initialize                        0x00001ee2   Section        0  ssp_lpc17xx.o(i.SSPx_Initialize)
    SSPx_Initialize                          0x00001ee3   Thumb Code   168  ssp_lpc17xx.o(i.SSPx_Initialize)
    i.SSPx_PowerControl                      0x00001f8c   Section        0  ssp_lpc17xx.o(i.SSPx_PowerControl)
    SSPx_PowerControl                        0x00001f8d   Thumb Code   430  ssp_lpc17xx.o(i.SSPx_PowerControl)
    i.SSPx_Receive                           0x00002140   Section        0  ssp_lpc17xx.o(i.SSPx_Receive)
    SSPx_Receive                             0x00002141   Thumb Code   344  ssp_lpc17xx.o(i.SSPx_Receive)
    i.SSPx_Send                              0x0000229c   Section        0  ssp_lpc17xx.o(i.SSPx_Send)
    SSPx_Send                                0x0000229d   Thumb Code   336  ssp_lpc17xx.o(i.SSPx_Send)
    i.SSPx_Transfer                          0x000023f0   Section        0  ssp_lpc17xx.o(i.SSPx_Transfer)
    SSPx_Transfer                            0x000023f1   Thumb Code   338  ssp_lpc17xx.o(i.SSPx_Transfer)
    i.SSPx_Uninitialize                      0x00002542   Section        0  ssp_lpc17xx.o(i.SSPx_Uninitialize)
    SSPx_Uninitialize                        0x00002543   Thumb Code   112  ssp_lpc17xx.o(i.SSPx_Uninitialize)
    i.Set_Channel_active_flag                0x000025b4   Section        0  gpdma_lpc17xx.o(i.Set_Channel_active_flag)
    Set_Channel_active_flag                  0x000025b5   Thumb Code    50  gpdma_lpc17xx.o(i.Set_Channel_active_flag)
    i.SystemInit                             0x000025ec   Section        0  system_lpc17xx.o(i.SystemInit)
    i.TIMER0_IRQHandler                      0x0000272c   Section        0  pf_main.o(i.TIMER0_IRQHandler)
    i.__NVIC_ClearPendingIRQ                 0x000028e8   Section        0  i2c_lpc17xx.o(i.__NVIC_ClearPendingIRQ)
    __NVIC_ClearPendingIRQ                   0x000028e9   Thumb Code    22  i2c_lpc17xx.o(i.__NVIC_ClearPendingIRQ)
    i.__NVIC_ClearPendingIRQ                 0x00002904   Section        0  ssp_lpc17xx.o(i.__NVIC_ClearPendingIRQ)
    __NVIC_ClearPendingIRQ                   0x00002905   Thumb Code    22  ssp_lpc17xx.o(i.__NVIC_ClearPendingIRQ)
    i.__NVIC_ClearPendingIRQ                 0x00002920   Section        0  gpdma_lpc17xx.o(i.__NVIC_ClearPendingIRQ)
    __NVIC_ClearPendingIRQ                   0x00002921   Thumb Code    22  gpdma_lpc17xx.o(i.__NVIC_ClearPendingIRQ)
    i.__NVIC_DisableIRQ                      0x0000293c   Section        0  i2c_lpc17xx.o(i.__NVIC_DisableIRQ)
    __NVIC_DisableIRQ                        0x0000293d   Thumb Code    54  i2c_lpc17xx.o(i.__NVIC_DisableIRQ)
    i.__NVIC_EnableIRQ                       0x00002978   Section        0  i2c_lpc17xx.o(i.__NVIC_EnableIRQ)
    __NVIC_EnableIRQ                         0x00002979   Thumb Code    26  i2c_lpc17xx.o(i.__NVIC_EnableIRQ)
    i.delay                                  0x00002994   Section        0  delay.o(i.delay)
    i.draw_game                              0x00002a20   Section        0  spi_lcd.o(i.draw_game)
    i.initPin_JOY                            0x00002a3e   Section        0  pf_pin.o(i.initPin_JOY)
    i.initPin_LED                            0x00002a60   Section        0  pf_pin.o(i.initPin_LED)
    i.main                                   0x00002a84   Section        0  pf_main.o(i.main)
    i.set_direction                          0x00002b74   Section        0  pf_main.o(i.set_direction)
    i.timmer0_configuration                  0x00002d74   Section        0  pf_timmer.o(i.timmer0_configuration)
    x$fpl$ffix                               0x00002db0   Section       54  ffix.o(x$fpl$ffix)
    x$fpl$ffltu                              0x00002de8   Section       38  fflt_clz.o(x$fpl$ffltu)
    x$fpl$fmul                               0x00002e10   Section      258  fmul.o(x$fpl$fmul)
    x$fpl$fnaninf                            0x00002f12   Section      140  fnaninf.o(x$fpl$fnaninf)
    x$fpl$fretinf                            0x00002f9e   Section       10  fretinf.o(x$fpl$fretinf)
    .constdata                               0x00002fa8   Section      100  i2c_lpc17xx.o(.constdata)
    x$fpl$usenofp                            0x00002fa8   Section        0  usenofp.o(x$fpl$usenofp)
    DriverVersion                            0x00002fa8   Data           4  i2c_lpc17xx.o(.constdata)
    DriverCapabilities                       0x00002fac   Data           4  i2c_lpc17xx.o(.constdata)
    I2C2_Resources                           0x00002fb0   Data          44  i2c_lpc17xx.o(.constdata)
    .constdata                               0x0000300c   Section      124  ssp_lpc17xx.o(.constdata)
    DriverVersion                            0x0000300c   Data           4  ssp_lpc17xx.o(.constdata)
    DriverCapabilities                       0x00003010   Data           4  ssp_lpc17xx.o(.constdata)
    SSP1_Resources                           0x00003014   Data          72  ssp_lpc17xx.o(.constdata)
    .data                                    0x10000000   Section       83  pf_main.o(.data)
    time                                     0x10000000   Data           4  pf_main.o(.data)
    pres                                     0x10000004   Data           4  pf_main.o(.data)
    state_joy_up                             0x10000008   Data           4  pf_main.o(.data)
    state_joy_right                          0x1000000c   Data           4  pf_main.o(.data)
    state_joy_left                           0x10000010   Data           4  pf_main.o(.data)
    state_joy_down                           0x10000014   Data           4  pf_main.o(.data)
    state_joy_center                         0x10000018   Data           4  pf_main.o(.data)
    state_joy_up_prev                        0x1000001c   Data           4  pf_main.o(.data)
    state_joy_right_prev                     0x10000020   Data           4  pf_main.o(.data)
    state_joy_left_prev                      0x10000024   Data           4  pf_main.o(.data)
    state_joy_down_prev                      0x10000028   Data           4  pf_main.o(.data)
    state_joy_center_prev                    0x1000002c   Data           4  pf_main.o(.data)
    width                                    0x10000038   Data           4  pf_main.o(.data)
    height                                   0x1000003c   Data           4  pf_main.o(.data)
    width_max                                0x10000040   Data           4  pf_main.o(.data)
    height_max                               0x10000044   Data           4  pf_main.o(.data)
    width_min                                0x10000048   Data           4  pf_main.o(.data)
    height_min                               0x1000004c   Data           4  pf_main.o(.data)
    .data                                    0x10000054   Section        8  pf_timmer.o(.data)
    time                                     0x10000054   Data           4  pf_timmer.o(.data)
    pres                                     0x10000058   Data           4  pf_timmer.o(.data)
    .data                                    0x1000005c   Section        4  i2c_lpc17xx.o(.data)
    .data                                    0x10000060   Section       12  ssp_lpc17xx.o(.data)
    SSP1_pin_sck                             0x10000060   Data           2  ssp_lpc17xx.o(.data)
    SSP1_pin_mosi                            0x10000062   Data           2  ssp_lpc17xx.o(.data)
    dummy_data                               0x10000064   Data           4  ssp_lpc17xx.o(.data)
    dummy_data                               0x10000068   Data           4  ssp_lpc17xx.o(.data)
    .data                                    0x1000006c   Section        8  gpdma_lpc17xx.o(.data)
    Channel_active                           0x1000006c   Data           4  gpdma_lpc17xx.o(.data)
    Init_cnt                                 0x10000070   Data           4  gpdma_lpc17xx.o(.data)
    .data                                    0x10000074   Section        4  system_lpc17xx.o(.data)
    .bss                                     0x10000078   Section      512  pf_main.o(.bss)
    .bss                                     0x10000278   Section       36  i2c_lpc17xx.o(.bss)
    I2C2_Ctrl                                0x10000278   Data          36  i2c_lpc17xx.o(.bss)
    .bss                                     0x1000029c   Section       40  ssp_lpc17xx.o(.bss)
    SSP1_Info                                0x1000029c   Data          12  ssp_lpc17xx.o(.bss)
    SSP1_Xfer                                0x100002a8   Data          28  ssp_lpc17xx.o(.bss)
    .bss                                     0x100002c4   Section      160  gpdma_lpc17xx.o(.bss)
    Channel_info                             0x100002c4   Data         160  gpdma_lpc17xx.o(.bss)
    .bss                                     0x10000364   Section       96  libspace.o(.bss)
    HEAP                                     0x100003c8   Section        0  startup_lpc17xx.o(HEAP)
    STACK                                    0x100003c8   Section      512  startup_lpc17xx.o(STACK)
    Heap_Mem                                 0x100003c8   Data           0  startup_lpc17xx.o(HEAP)
    Stack_Mem                                0x100003c8   Data         512  startup_lpc17xx.o(STACK)
    __initial_sp                             0x100005c8   Data           0  startup_lpc17xx.o(STACK)

    Global Symbols

    Symbol Name                              Value     Ov Type        Size  Object(Section)

    BuildAttributes$$THM_ISAv4$P$D$K$B$S$PE$A:L22UL41UL21$X:L11$S22US41US21$IEEE1$IW$USESV6$~STKCKD$USESV7$~SHL$OSPACE$ROPI$EBA8$UX$STANDARDLIB$REQ8$PRES8$EABIv2 0x00000000   Number         0  anon$$obj.o ABSOLUTE
    __ARM_use_no_argv                        0x00000000   Number         0  pf_main.o ABSOLUTE
    __Vectors                                0x00000000   Data           4  startup_lpc17xx.o(RESET)
    __ARM_exceptions_init                     - Undefined Weak Reference
    __alloca_initialize                       - Undefined Weak Reference
    __arm_preinit_                            - Undefined Weak Reference
    __cpp_initialize__aeabi_                  - Undefined Weak Reference
    __cxa_finalize                            - Undefined Weak Reference
    __rt_locale                               - Undefined Weak Reference
    __sigvec_lookup                           - Undefined Weak Reference
    _atexit_init                              - Undefined Weak Reference
    _call_atexit_fns                          - Undefined Weak Reference
    _clock_init                               - Undefined Weak Reference
    _fp_trap_init                             - Undefined Weak Reference
    _fp_trap_shutdown                         - Undefined Weak Reference
    _get_lc_collate                           - Undefined Weak Reference
    _get_lc_ctype                             - Undefined Weak Reference
    _get_lc_monetary                          - Undefined Weak Reference
    _get_lc_numeric                           - Undefined Weak Reference
    _get_lc_time                              - Undefined Weak Reference
    _getenv_init                              - Undefined Weak Reference
    _handle_redirection                       - Undefined Weak Reference
    _init_alloc                               - Undefined Weak Reference
    _init_user_alloc                          - Undefined Weak Reference
    _initio                                   - Undefined Weak Reference
    _rand_init                                - Undefined Weak Reference
    _signal_finish                            - Undefined Weak Reference
    _signal_init                              - Undefined Weak Reference
    _terminate_alloc                          - Undefined Weak Reference
    _terminate_user_alloc                     - Undefined Weak Reference
    _terminateio                              - Undefined Weak Reference
    __main                                   0x000000cd   Thumb Code     8  __main.o(!!!main)
    __scatterload                            0x000000d5   Thumb Code     0  __scatter.o(!!!scatter)
    __scatterload_rt2                        0x000000d5   Thumb Code    44  __scatter.o(!!!scatter)
    __scatterload_rt2_thumb_only             0x000000d5   Thumb Code     0  __scatter.o(!!!scatter)
    __scatterload_null                       0x000000e3   Thumb Code     0  __scatter.o(!!!scatter)
    __scatterload_copy                       0x00000109   Thumb Code    26  __scatter_copy.o(!!handler_copy)
    __scatterload_zeroinit                   0x00000125   Thumb Code    28  __scatter_zi.o(!!handler_zi)
    __rt_lib_init                            0x00000141   Thumb Code     0  libinit.o(.ARM.Collect$$libinit$$00000000)
    __rt_lib_init_alloca_1                   0x00000143   Thumb Code     0  libinit2.o(.ARM.Collect$$libinit$$0000002E)
    __rt_lib_init_argv_1                     0x00000143   Thumb Code     0  libinit2.o(.ARM.Collect$$libinit$$0000002C)
    __rt_lib_init_atexit_1                   0x00000143   Thumb Code     0  libinit2.o(.ARM.Collect$$libinit$$0000001B)
    __rt_lib_init_clock_1                    0x00000143   Thumb Code     0  libinit2.o(.ARM.Collect$$libinit$$00000021)
    __rt_lib_init_cpp_1                      0x00000143   Thumb Code     0  libinit2.o(.ARM.Collect$$libinit$$00000032)
    __rt_lib_init_exceptions_1               0x00000143   Thumb Code     0  libinit2.o(.ARM.Collect$$libinit$$00000030)
    __rt_lib_init_fp_1                       0x00000143   Thumb Code     0  libinit2.o(.ARM.Collect$$libinit$$00000002)
    __rt_lib_init_fp_trap_1                  0x00000143   Thumb Code     0  libinit2.o(.ARM.Collect$$libinit$$0000001F)
    __rt_lib_init_getenv_1                   0x00000143   Thumb Code     0  libinit2.o(.ARM.Collect$$libinit$$00000023)
    __rt_lib_init_heap_1                     0x00000143   Thumb Code     0  libinit2.o(.ARM.Collect$$libinit$$0000000A)
    __rt_lib_init_lc_collate_1               0x00000143   Thumb Code     0  libinit2.o(.ARM.Collect$$libinit$$00000011)
    __rt_lib_init_lc_ctype_1                 0x00000143   Thumb Code     0  libinit2.o(.ARM.Collect$$libinit$$00000013)
    __rt_lib_init_lc_monetary_1              0x00000143   Thumb Code     0  libinit2.o(.ARM.Collect$$libinit$$00000015)
    __rt_lib_init_lc_numeric_1               0x00000143   Thumb Code     0  libinit2.o(.ARM.Collect$$libinit$$00000017)
    __rt_lib_init_lc_time_1                  0x00000143   Thumb Code     0  libinit2.o(.ARM.Collect$$libinit$$00000019)
    __rt_lib_init_preinit_1                  0x00000143   Thumb Code     0  libinit2.o(.ARM.Collect$$libinit$$00000004)
    __rt_lib_init_rand_1                     0x00000143   Thumb Code     0  libinit2.o(.ARM.Collect$$libinit$$0000000E)
    __rt_lib_init_return                     0x00000143   Thumb Code     0  libinit2.o(.ARM.Collect$$libinit$$00000033)
    __rt_lib_init_signal_1                   0x00000143   Thumb Code     0  libinit2.o(.ARM.Collect$$libinit$$0000001D)
    __rt_lib_init_stdio_1                    0x00000143   Thumb Code     0  libinit2.o(.ARM.Collect$$libinit$$00000025)
    __rt_lib_init_user_alloc_1               0x00000143   Thumb Code     0  libinit2.o(.ARM.Collect$$libinit$$0000000C)
    __rt_lib_shutdown                        0x00000145   Thumb Code     0  libshutdown.o(.ARM.Collect$$libshutdown$$00000000)
    __rt_lib_shutdown_cpp_1                  0x00000147   Thumb Code     0  libshutdown2.o(.ARM.Collect$$libshutdown$$00000002)
    __rt_lib_shutdown_fp_trap_1              0x00000147   Thumb Code     0  libshutdown2.o(.ARM.Collect$$libshutdown$$00000007)
    __rt_lib_shutdown_heap_1                 0x00000147   Thumb Code     0  libshutdown2.o(.ARM.Collect$$libshutdown$$0000000F)
    __rt_lib_shutdown_return                 0x00000147   Thumb Code     0  libshutdown2.o(.ARM.Collect$$libshutdown$$00000010)
    __rt_lib_shutdown_signal_1               0x00000147   Thumb Code     0  libshutdown2.o(.ARM.Collect$$libshutdown$$0000000A)
    __rt_lib_shutdown_stdio_1                0x00000147   Thumb Code     0  libshutdown2.o(.ARM.Collect$$libshutdown$$00000004)
    __rt_lib_shutdown_user_alloc_1           0x00000147   Thumb Code     0  libshutdown2.o(.ARM.Collect$$libshutdown$$0000000C)
    __rt_entry                               0x00000149   Thumb Code     0  __rtentry.o(.ARM.Collect$$rtentry$$00000000)
    __rt_entry_presh_1                       0x00000149   Thumb Code     0  __rtentry2.o(.ARM.Collect$$rtentry$$00000002)
    __rt_entry_sh                            0x00000149   Thumb Code     0  __rtentry4.o(.ARM.Collect$$rtentry$$00000004)
    __rt_entry_li                            0x0000014f   Thumb Code     0  __rtentry2.o(.ARM.Collect$$rtentry$$0000000A)
    __rt_entry_postsh_1                      0x0000014f   Thumb Code     0  __rtentry2.o(.ARM.Collect$$rtentry$$00000009)
    __rt_entry_main                          0x00000153   Thumb Code     0  __rtentry2.o(.ARM.Collect$$rtentry$$0000000D)
    __rt_entry_postli_1                      0x00000153   Thumb Code     0  __rtentry2.o(.ARM.Collect$$rtentry$$0000000C)
    __rt_exit                                0x0000015b   Thumb Code     0  rtexit.o(.ARM.Collect$$rtexit$$00000000)
    __rt_exit_ls                             0x0000015d   Thumb Code     0  rtexit2.o(.ARM.Collect$$rtexit$$00000003)
    __rt_exit_prels_1                        0x0000015d   Thumb Code     0  rtexit2.o(.ARM.Collect$$rtexit$$00000002)
    __rt_exit_exit                           0x00000161   Thumb Code     0  rtexit2.o(.ARM.Collect$$rtexit$$00000004)
    Reset_Handler                            0x00000169   Thumb Code     8  startup_lpc17xx.o(.text)
    NMI_Handler                              0x00000171   Thumb Code     2  startup_lpc17xx.o(.text)
    HardFault_Handler                        0x00000173   Thumb Code     2  startup_lpc17xx.o(.text)
    MemManage_Handler                        0x00000175   Thumb Code     2  startup_lpc17xx.o(.text)
    BusFault_Handler                         0x00000177   Thumb Code     2  startup_lpc17xx.o(.text)
    UsageFault_Handler                       0x00000179   Thumb Code     2  startup_lpc17xx.o(.text)
    SVC_Handler                              0x0000017b   Thumb Code     2  startup_lpc17xx.o(.text)
    DebugMon_Handler                         0x0000017d   Thumb Code     2  startup_lpc17xx.o(.text)
    PendSV_Handler                           0x0000017f   Thumb Code     2  startup_lpc17xx.o(.text)
    SysTick_Handler                          0x00000181   Thumb Code     2  startup_lpc17xx.o(.text)
    ADC_IRQHandler                           0x00000183   Thumb Code     0  startup_lpc17xx.o(.text)
    BOD_IRQHandler                           0x00000183   Thumb Code     0  startup_lpc17xx.o(.text)
    CANActivity_IRQHandler                   0x00000183   Thumb Code     0  startup_lpc17xx.o(.text)
    CAN_IRQHandler                           0x00000183   Thumb Code     0  startup_lpc17xx.o(.text)
    EINT0_IRQHandler                         0x00000183   Thumb Code     0  startup_lpc17xx.o(.text)
    EINT1_IRQHandler                         0x00000183   Thumb Code     0  startup_lpc17xx.o(.text)
    EINT2_IRQHandler                         0x00000183   Thumb Code     0  startup_lpc17xx.o(.text)
    EINT3_IRQHandler                         0x00000183   Thumb Code     0  startup_lpc17xx.o(.text)
    ENET_IRQHandler                          0x00000183   Thumb Code     0  startup_lpc17xx.o(.text)
    I2C0_IRQHandler                          0x00000183   Thumb Code     0  startup_lpc17xx.o(.text)
    I2C1_IRQHandler                          0x00000183   Thumb Code     0  startup_lpc17xx.o(.text)
    I2S_IRQHandler                           0x00000183   Thumb Code     0  startup_lpc17xx.o(.text)
    MCPWM_IRQHandler                         0x00000183   Thumb Code     0  startup_lpc17xx.o(.text)
    PLL0_IRQHandler                          0x00000183   Thumb Code     0  startup_lpc17xx.o(.text)
    PLL1_IRQHandler                          0x00000183   Thumb Code     0  startup_lpc17xx.o(.text)
    PWM1_IRQHandler                          0x00000183   Thumb Code     0  startup_lpc17xx.o(.text)
    QEI_IRQHandler                           0x00000183   Thumb Code     0  startup_lpc17xx.o(.text)
    RIT_IRQHandler                           0x00000183   Thumb Code     0  startup_lpc17xx.o(.text)
    RTC_IRQHandler                           0x00000183   Thumb Code     0  startup_lpc17xx.o(.text)
    SPI_IRQHandler                           0x00000183   Thumb Code     0  startup_lpc17xx.o(.text)
    SSP0_IRQHandler                          0x00000183   Thumb Code     0  startup_lpc17xx.o(.text)
    TIMER1_IRQHandler                        0x00000183   Thumb Code     0  startup_lpc17xx.o(.text)
    TIMER2_IRQHandler                        0x00000183   Thumb Code     0  startup_lpc17xx.o(.text)
    TIMER3_IRQHandler                        0x00000183   Thumb Code     0  startup_lpc17xx.o(.text)
    UART0_IRQHandler                         0x00000183   Thumb Code     0  startup_lpc17xx.o(.text)
    UART1_IRQHandler                         0x00000183   Thumb Code     0  startup_lpc17xx.o(.text)
    UART2_IRQHandler                         0x00000183   Thumb Code     0  startup_lpc17xx.o(.text)
    UART3_IRQHandler                         0x00000183   Thumb Code     0  startup_lpc17xx.o(.text)
    USBActivity_IRQHandler                   0x00000183   Thumb Code     0  startup_lpc17xx.o(.text)
    USB_IRQHandler                           0x00000183   Thumb Code     0  startup_lpc17xx.o(.text)
    WDT_IRQHandler                           0x00000183   Thumb Code     0  startup_lpc17xx.o(.text)
    __user_initial_stackheap                 0x00000185   Thumb Code     0  startup_lpc17xx.o(.text)
    __aeabi_memclr4                          0x000001a5   Thumb Code     0  rt_memclr_w.o(.text)
    __aeabi_memclr8                          0x000001a5   Thumb Code     0  rt_memclr_w.o(.text)
    __rt_memclr_w                            0x000001a5   Thumb Code    78  rt_memclr_w.o(.text)
    _memset_w                                0x000001a9   Thumb Code     0  rt_memclr_w.o(.text)
    __use_two_region_memory                  0x000001f3   Thumb Code     2  heapauxi.o(.text)
    __rt_heap_escrow$2region                 0x000001f5   Thumb Code     2  heapauxi.o(.text)
    __rt_heap_expand$2region                 0x000001f7   Thumb Code     2  heapauxi.o(.text)
    __user_setup_stackheap                   0x000001f9   Thumb Code    74  sys_stackheap_outer.o(.text)
    exit                                     0x00000243   Thumb Code    18  exit.o(.text)
    __user_libspace                          0x00000255   Thumb Code     8  libspace.o(.text)
    __user_perproc_libspace                  0x00000255   Thumb Code     0  libspace.o(.text)
    __user_perthread_libspace                0x00000255   Thumb Code     0  libspace.o(.text)
    _sys_exit                                0x0000025d   Thumb Code     8  sys_exit.o(.text)
    __I$use$semihosting                      0x00000269   Thumb Code     0  use_no_semi.o(.text)
    __use_no_semihosting_swi                 0x00000269   Thumb Code     2  use_no_semi.o(.text)
    Buffer_DrawLineH                         0x0000026b   Thumb Code    36  buffer.o(i.Buffer_DrawLineH)
    __semihosting_library_function           0x0000026b   Thumb Code     0  indicate_semi.o(.text)
    Buffer_DrawRect                          0x0000028f   Thumb Code    48  buffer.o(i.Buffer_DrawRect)
    Buffer_Reset                             0x000002bf   Thumb Code    20  buffer.o(i.Buffer_Reset)
    Buffer_SetPixel                          0x00000301   Thumb Code   108  buffer.o(i.Buffer_SetPixel)
    DMA_IRQHandler                           0x0000036d   Thumb Code   372  gpdma_lpc17xx.o(i.DMA_IRQHandler)
    GPDMA_ChannelConfigure                   0x000004ed   Thumb Code   232  gpdma_lpc17xx.o(i.GPDMA_ChannelConfigure)
    GPDMA_ChannelDisable                     0x000005e1   Thumb Code    44  gpdma_lpc17xx.o(i.GPDMA_ChannelDisable)
    GPDMA_ChannelGetCount                    0x00000611   Thumb Code    38  gpdma_lpc17xx.o(i.GPDMA_ChannelGetCount)
    GPDMA_Initialize                         0x00000641   Thumb Code   146  gpdma_lpc17xx.o(i.GPDMA_Initialize)
    GPDMA_PeripheralSelect                   0x000006e9   Thumb Code    62  gpdma_lpc17xx.o(i.GPDMA_PeripheralSelect)
    GPDMA_Uninitialize                       0x0000072d   Thumb Code   116  gpdma_lpc17xx.o(i.GPDMA_Uninitialize)
    GPIO_PinRead                             0x000007ad   Thumb Code    28  gpio_lpc17xx.o(i.GPIO_PinRead)
    GPIO_PinWrite                            0x000007cd   Thumb Code    36  gpio_lpc17xx.o(i.GPIO_PinWrite)
    GPIO_PortClock                           0x000007f5   Thumb Code    38  gpio_lpc17xx.o(i.GPIO_PortClock)
    GPIO_SetDir                              0x00000821   Thumb Code    52  gpio_lpc17xx.o(i.GPIO_SetDir)
    I2C2_IRQHandler                          0x00000915   Thumb Code    10  i2c_lpc17xx.o(i.I2C2_IRQHandler)
    PIN_Configure                            0x00001391   Thumb Code   246  pin_lpc17xx.o(i.PIN_Configure)
    PIN_ConfigureI2C0Pins                    0x0000148d   Thumb Code    28  pin_lpc17xx.o(i.PIN_ConfigureI2C0Pins)
    SPILCD_Configure                         0x000014ad   Thumb Code    94  spi_lcd.o(i.SPILCD_Configure)
    SPILCD_Init                              0x0000150d   Thumb Code   106  spi_lcd.o(i.SPILCD_Init)
    SPILCD_Reset                             0x0000157d   Thumb Code    68  spi_lcd.o(i.SPILCD_Reset)
    SPILCD_SendCommand                       0x000015c9   Thumb Code   104  spi_lcd.o(i.SPILCD_SendCommand)
    SPILCD_SendData                          0x00001631   Thumb Code   106  spi_lcd.o(i.SPILCD_SendData)
    SPILCD_Transfer                          0x0000169b   Thumb Code    60  spi_lcd.o(i.SPILCD_Transfer)
    SSP1_GPDMA_Rx_SignalEvent                0x000016f1   Thumb Code    14  ssp_lpc17xx.o(i.SSP1_GPDMA_Rx_SignalEvent)
    SSP1_GPDMA_Tx_SignalEvent                0x00001705   Thumb Code    14  ssp_lpc17xx.o(i.SSP1_GPDMA_Tx_SignalEvent)
    SSP1_IRQHandler                          0x00001739   Thumb Code    10  ssp_lpc17xx.o(i.SSP1_IRQHandler)
    SSPx_GPDMA_Rx_SignalEvent                0x00001d07   Thumb Code    54  ssp_lpc17xx.o(i.SSPx_GPDMA_Rx_SignalEvent)
    SSPx_GPDMA_Tx_SignalEvent                0x00001d3d   Thumb Code    28  ssp_lpc17xx.o(i.SSPx_GPDMA_Tx_SignalEvent)
    SystemInit                               0x000025ed   Thumb Code   302  system_lpc17xx.o(i.SystemInit)
    TIMER0_IRQHandler                        0x0000272d   Thumb Code   416  pf_main.o(i.TIMER0_IRQHandler)
    delay                                    0x00002995   Thumb Code   126  delay.o(i.delay)
    draw_game                                0x00002a21   Thumb Code    30  spi_lcd.o(i.draw_game)
    initPin_JOY                              0x00002a3f   Thumb Code    34  pf_pin.o(i.initPin_JOY)
    initPin_LED                              0x00002a61   Thumb Code    34  pf_pin.o(i.initPin_LED)
    main                                     0x00002a85   Thumb Code   216  pf_main.o(i.main)
    set_direction                            0x00002b75   Thumb Code   434  pf_main.o(i.set_direction)
    timmer0_configuration                    0x00002d75   Thumb Code    50  pf_timmer.o(i.timmer0_configuration)
    __aeabi_f2iz                             0x00002db1   Thumb Code     0  ffix.o(x$fpl$ffix)
    _ffix                                    0x00002db1   Thumb Code    54  ffix.o(x$fpl$ffix)
    __aeabi_ui2f                             0x00002de9   Thumb Code     0  fflt_clz.o(x$fpl$ffltu)
    _ffltu                                   0x00002de9   Thumb Code    38  fflt_clz.o(x$fpl$ffltu)
    __aeabi_fmul                             0x00002e11   Thumb Code     0  fmul.o(x$fpl$fmul)
    _fmul                                    0x00002e11   Thumb Code   258  fmul.o(x$fpl$fmul)
    __fpl_fnaninf                            0x00002f13   Thumb Code   140  fnaninf.o(x$fpl$fnaninf)
    __fpl_fretinf                            0x00002f9f   Thumb Code    10  fretinf.o(x$fpl$fretinf)
    __I$use$fp                               0x00002fa8   Number         0  usenofp.o(x$fpl$usenofp)
    Driver_I2C2                              0x00002fdc   Data          48  i2c_lpc17xx.o(.constdata)
    Driver_SPI1                              0x0000305c   Data          44  ssp_lpc17xx.o(.constdata)
    Region$$Table$$Base                      0x00003088   Number         0  anon$$obj.o(Region$$Table)
    Region$$Table$$Limit                     0x000030a8   Number         0  anon$$obj.o(Region$$Table)
    spiDrv1                                  0x10000030   Data           4  pf_main.o(.data)
    x                                        0x10000034   Data           1  pf_main.o(.data)
    y                                        0x10000035   Data           1  pf_main.o(.data)
    direccion                                0x10000050   Data           1  pf_main.o(.data)
    state_led_on                             0x10000051   Data           1  pf_main.o(.data)
    state_led_off                            0x10000052   Data           1  pf_main.o(.data)
    I2C2_PIN                                 0x1000005c   Data           4  i2c_lpc17xx.o(.data)
    SystemCoreClock                          0x10000074   Data           4  system_lpc17xx.o(.data)
    buffer                                   0x10000078   Data         512  pf_main.o(.bss)
    __libspace_start                         0x10000364   Data          96  libspace.o(.bss)
    __temporary_stack_top$libspace           0x100003c4   Data           0  libspace.o(.bss)



==============================================================================

Memory Map of the image

  Image Entry point : 0x00000169

  Load Region LR_1 (Base: 0x00000000, Size: 0x00003120, Max: 0xffffffff, ABSOLUTE)

    Execution Region ER_RO (Exec base: 0x00000000, Load base: 0x00000000, Size: 0x000030a8, Max: 0xffffffff, ABSOLUTE)

    Exec Addr    Load Addr    Size         Type   Attr      Idx    E Section Name        Object

    0x00000000   0x00000000   0x000000cc   Data   RO          849    RESET               startup_lpc17xx.o
    0x000000cc   0x000000cc   0x00000008   Code   RO          901  * !!!main             c_w.l(__main.o)
    0x000000d4   0x000000d4   0x00000034   Code   RO         1085    !!!scatter          c_w.l(__scatter.o)
    0x00000108   0x00000108   0x0000001a   Code   RO         1087    !!handler_copy      c_w.l(__scatter_copy.o)
    0x00000122   0x00000122   0x00000002   PAD
    0x00000124   0x00000124   0x0000001c   Code   RO         1089    !!handler_zi        c_w.l(__scatter_zi.o)
    0x00000140   0x00000140   0x00000002   Code   RO          955    .ARM.Collect$$libinit$$00000000  c_w.l(libinit.o)
    0x00000142   0x00000142   0x00000000   Code   RO          968    .ARM.Collect$$libinit$$00000002  c_w.l(libinit2.o)
    0x00000142   0x00000142   0x00000000   Code   RO          970    .ARM.Collect$$libinit$$00000004  c_w.l(libinit2.o)
    0x00000142   0x00000142   0x00000000   Code   RO          973    .ARM.Collect$$libinit$$0000000A  c_w.l(libinit2.o)
    0x00000142   0x00000142   0x00000000   Code   RO          975    .ARM.Collect$$libinit$$0000000C  c_w.l(libinit2.o)
    0x00000142   0x00000142   0x00000000   Code   RO          977    .ARM.Collect$$libinit$$0000000E  c_w.l(libinit2.o)
    0x00000142   0x00000142   0x00000000   Code   RO          980    .ARM.Collect$$libinit$$00000011  c_w.l(libinit2.o)
    0x00000142   0x00000142   0x00000000   Code   RO          982    .ARM.Collect$$libinit$$00000013  c_w.l(libinit2.o)
    0x00000142   0x00000142   0x00000000   Code   RO          984    .ARM.Collect$$libinit$$00000015  c_w.l(libinit2.o)
    0x00000142   0x00000142   0x00000000   Code   RO          986    .ARM.Collect$$libinit$$00000017  c_w.l(libinit2.o)
    0x00000142   0x00000142   0x00000000   Code   RO          988    .ARM.Collect$$libinit$$00000019  c_w.l(libinit2.o)
    0x00000142   0x00000142   0x00000000   Code   RO          990    .ARM.Collect$$libinit$$0000001B  c_w.l(libinit2.o)
    0x00000142   0x00000142   0x00000000   Code   RO          992    .ARM.Collect$$libinit$$0000001D  c_w.l(libinit2.o)
    0x00000142   0x00000142   0x00000000   Code   RO          994    .ARM.Collect$$libinit$$0000001F  c_w.l(libinit2.o)
    0x00000142   0x00000142   0x00000000   Code   RO          996    .ARM.Collect$$libinit$$00000021  c_w.l(libinit2.o)
    0x00000142   0x00000142   0x00000000   Code   RO          998    .ARM.Collect$$libinit$$00000023  c_w.l(libinit2.o)
    0x00000142   0x00000142   0x00000000   Code   RO         1000    .ARM.Collect$$libinit$$00000025  c_w.l(libinit2.o)
    0x00000142   0x00000142   0x00000000   Code   RO         1004    .ARM.Collect$$libinit$$0000002C  c_w.l(libinit2.o)
    0x00000142   0x00000142   0x00000000   Code   RO         1006    .ARM.Collect$$libinit$$0000002E  c_w.l(libinit2.o)
    0x00000142   0x00000142   0x00000000   Code   RO         1008    .ARM.Collect$$libinit$$00000030  c_w.l(libinit2.o)
    0x00000142   0x00000142   0x00000000   Code   RO         1010    .ARM.Collect$$libinit$$00000032  c_w.l(libinit2.o)
    0x00000142   0x00000142   0x00000002   Code   RO         1011    .ARM.Collect$$libinit$$00000033  c_w.l(libinit2.o)
    0x00000144   0x00000144   0x00000002   Code   RO         1042    .ARM.Collect$$libshutdown$$00000000  c_w.l(libshutdown.o)
    0x00000146   0x00000146   0x00000000   Code   RO         1068    .ARM.Collect$$libshutdown$$00000002  c_w.l(libshutdown2.o)
    0x00000146   0x00000146   0x00000000   Code   RO         1070    .ARM.Collect$$libshutdown$$00000004  c_w.l(libshutdown2.o)
    0x00000146   0x00000146   0x00000000   Code   RO         1073    .ARM.Collect$$libshutdown$$00000007  c_w.l(libshutdown2.o)
    0x00000146   0x00000146   0x00000000   Code   RO         1076    .ARM.Collect$$libshutdown$$0000000A  c_w.l(libshutdown2.o)
    0x00000146   0x00000146   0x00000000   Code   RO         1078    .ARM.Collect$$libshutdown$$0000000C  c_w.l(libshutdown2.o)
    0x00000146   0x00000146   0x00000000   Code   RO         1081    .ARM.Collect$$libshutdown$$0000000F  c_w.l(libshutdown2.o)
    0x00000146   0x00000146   0x00000002   Code   RO         1082    .ARM.Collect$$libshutdown$$00000010  c_w.l(libshutdown2.o)
    0x00000148   0x00000148   0x00000000   Code   RO          915    .ARM.Collect$$rtentry$$00000000  c_w.l(__rtentry.o)
    0x00000148   0x00000148   0x00000000   Code   RO          926    .ARM.Collect$$rtentry$$00000002  c_w.l(__rtentry2.o)
    0x00000148   0x00000148   0x00000006   Code   RO          938    .ARM.Collect$$rtentry$$00000004  c_w.l(__rtentry4.o)
    0x0000014e   0x0000014e   0x00000000   Code   RO          928    .ARM.Collect$$rtentry$$00000009  c_w.l(__rtentry2.o)
    0x0000014e   0x0000014e   0x00000004   Code   RO          929    .ARM.Collect$$rtentry$$0000000A  c_w.l(__rtentry2.o)
    0x00000152   0x00000152   0x00000000   Code   RO          931    .ARM.Collect$$rtentry$$0000000C  c_w.l(__rtentry2.o)
    0x00000152   0x00000152   0x00000008   Code   RO          932    .ARM.Collect$$rtentry$$0000000D  c_w.l(__rtentry2.o)
    0x0000015a   0x0000015a   0x00000002   Code   RO          959    .ARM.Collect$$rtexit$$00000000  c_w.l(rtexit.o)
    0x0000015c   0x0000015c   0x00000000   Code   RO         1015    .ARM.Collect$$rtexit$$00000002  c_w.l(rtexit2.o)
    0x0000015c   0x0000015c   0x00000004   Code   RO         1016    .ARM.Collect$$rtexit$$00000003  c_w.l(rtexit2.o)
    0x00000160   0x00000160   0x00000006   Code   RO         1017    .ARM.Collect$$rtexit$$00000004  c_w.l(rtexit2.o)
    0x00000166   0x00000166   0x00000002   PAD
    0x00000168   0x00000168   0x0000003c   Code   RO          851  * .text               startup_lpc17xx.o
    0x000001a4   0x000001a4   0x0000004e   Code   RO          897    .text               c_w.l(rt_memclr_w.o)
    0x000001f2   0x000001f2   0x00000006   Code   RO          899    .text               c_w.l(heapauxi.o)
    0x000001f8   0x000001f8   0x0000004a   Code   RO          942    .text               c_w.l(sys_stackheap_outer.o)
    0x00000242   0x00000242   0x00000012   Code   RO          944    .text               c_w.l(exit.o)
    0x00000254   0x00000254   0x00000008   Code   RO          956    .text               c_w.l(libspace.o)
    0x0000025c   0x0000025c   0x0000000c   Code   RO         1012    .text               c_w.l(sys_exit.o)
    0x00000268   0x00000268   0x00000002   Code   RO         1031    .text               c_w.l(use_no_semi.o)
    0x0000026a   0x0000026a   0x00000000   Code   RO         1033    .text               c_w.l(indicate_semi.o)
    0x0000026a   0x0000026a   0x00000024   Code   RO            1    i.Buffer_DrawLineH  buffer.o
    0x0000028e   0x0000028e   0x00000030   Code   RO            3    i.Buffer_DrawRect   buffer.o
    0x000002be   0x000002be   0x00000014   Code   RO            4    i.Buffer_Reset      buffer.o
    0x000002d2   0x000002d2   0x00000002   PAD
    0x000002d4   0x000002d4   0x00000020   Code   RO          670    i.Clear_Channel_active_flag  gpdma_lpc17xx.o
    0x000002f4   0x000002f4   0x00000008   Code   RO          311    i.I2Cx_GetDataCount  i2c_lpc17xx.o
    0x000002fc   0x000002fc   0x00000004   Code   RO          850    .ARM.__at_0x02FC    startup_lpc17xx.o
    0x00000300   0x00000300   0x0000006c   Code   RO            5    i.Buffer_SetPixel   buffer.o
    0x0000036c   0x0000036c   0x00000180   Code   RO          671    i.DMA_IRQHandler    gpdma_lpc17xx.o
    0x000004ec   0x000004ec   0x000000f4   Code   RO          672    i.GPDMA_ChannelConfigure  gpdma_lpc17xx.o
    0x000005e0   0x000005e0   0x00000030   Code   RO          673    i.GPDMA_ChannelDisable  gpdma_lpc17xx.o
    0x00000610   0x00000610   0x00000030   Code   RO          675    i.GPDMA_ChannelGetCount  gpdma_lpc17xx.o
    0x00000640   0x00000640   0x000000a8   Code   RO          677    i.GPDMA_Initialize  gpdma_lpc17xx.o
    0x000006e8   0x000006e8   0x00000044   Code   RO          678    i.GPDMA_PeripheralSelect  gpdma_lpc17xx.o
    0x0000072c   0x0000072c   0x00000080   Code   RO          679    i.GPDMA_Uninitialize  gpdma_lpc17xx.o
    0x000007ac   0x000007ac   0x00000020   Code   RO          760    i.GPIO_PinRead      gpio_lpc17xx.o
    0x000007cc   0x000007cc   0x00000028   Code   RO          761    i.GPIO_PinWrite     gpio_lpc17xx.o
    0x000007f4   0x000007f4   0x0000002c   Code   RO          762    i.GPIO_PortClock    gpio_lpc17xx.o
    0x00000820   0x00000820   0x00000038   Code   RO          765    i.GPIO_SetDir       gpio_lpc17xx.o
    0x00000858   0x00000858   0x00000040   Code   RO          296    i.GetI2CClockFreq   i2c_lpc17xx.o
    0x00000898   0x00000898   0x00000044   Code   RO          492    i.GetSSPClockFreq   ssp_lpc17xx.o
    0x000008dc   0x000008dc   0x00000018   Code   RO          297    i.I2C2_Control      i2c_lpc17xx.o
    0x000008f4   0x000008f4   0x00000010   Code   RO          298    i.I2C2_GetDataCount  i2c_lpc17xx.o
    0x00000904   0x00000904   0x00000010   Code   RO          299    i.I2C2_GetStatus    i2c_lpc17xx.o
    0x00000914   0x00000914   0x00000010   Code   RO          300    i.I2C2_IRQHandler   i2c_lpc17xx.o
    0x00000924   0x00000924   0x00000014   Code   RO          301    i.I2C2_Initialize   i2c_lpc17xx.o
    0x00000938   0x00000938   0x00000020   Code   RO          302    i.I2C2_MasterReceive  i2c_lpc17xx.o
    0x00000958   0x00000958   0x00000020   Code   RO          303    i.I2C2_MasterTransmit  i2c_lpc17xx.o
    0x00000978   0x00000978   0x00000014   Code   RO          304    i.I2C2_PowerControl  i2c_lpc17xx.o
    0x0000098c   0x0000098c   0x00000018   Code   RO          305    i.I2C2_SlaveReceive  i2c_lpc17xx.o
    0x000009a4   0x000009a4   0x00000018   Code   RO          306    i.I2C2_SlaveTransmit  i2c_lpc17xx.o
    0x000009bc   0x000009bc   0x00000010   Code   RO          307    i.I2C2_Uninitialize  i2c_lpc17xx.o
    0x000009cc   0x000009cc   0x0000000c   Code   RO          308    i.I2C_GetCapabilities  i2c_lpc17xx.o
    0x000009d8   0x000009d8   0x00000010   Code   RO          309    i.I2C_GetVersion    i2c_lpc17xx.o
    0x000009e8   0x000009e8   0x0000018c   Code   RO          310    i.I2Cx_Control      i2c_lpc17xx.o
    0x00000b74   0x00000b74   0x00000008   Code   RO          312    i.I2Cx_GetStatus    i2c_lpc17xx.o
    0x00000b7c   0x00000b7c   0x00000030   Code   RO          313    i.I2Cx_IRQHandler   i2c_lpc17xx.o
    0x00000bac   0x00000bac   0x0000004e   Code   RO          314    i.I2Cx_Initialize   i2c_lpc17xx.o
    0x00000bfa   0x00000bfa   0x000001ce   Code   RO          315    i.I2Cx_MasterHandler  i2c_lpc17xx.o
    0x00000dc8   0x00000dc8   0x000000ce   Code   RO          316    i.I2Cx_MasterReceive  i2c_lpc17xx.o
    0x00000e96   0x00000e96   0x000000cc   Code   RO          317    i.I2Cx_MasterTransmit  i2c_lpc17xx.o
    0x00000f62   0x00000f62   0x00000140   Code   RO          318    i.I2Cx_PowerControl  i2c_lpc17xx.o
    0x000010a2   0x000010a2   0x000001d4   Code   RO          319    i.I2Cx_SlaveHandler  i2c_lpc17xx.o
    0x00001276   0x00001276   0x00000074   Code   RO          320    i.I2Cx_SlaveReceive  i2c_lpc17xx.o
    0x000012ea   0x000012ea   0x00000074   Code   RO          321    i.I2Cx_SlaveTransmit  i2c_lpc17xx.o
    0x0000135e   0x0000135e   0x00000030   Code   RO          322    i.I2Cx_Uninitialize  i2c_lpc17xx.o
    0x0000138e   0x0000138e   0x00000002   PAD
    0x00001390   0x00001390   0x000000fc   Code   RO          814    i.PIN_Configure     pin_lpc17xx.o
    0x0000148c   0x0000148c   0x00000020   Code   RO          815    i.PIN_ConfigureI2C0Pins  pin_lpc17xx.o
    0x000014ac   0x000014ac   0x0000005e   Code   RO          120    i.SPILCD_Configure  spi_lcd.o
    0x0000150a   0x0000150a   0x00000002   PAD
    0x0000150c   0x0000150c   0x00000070   Code   RO          121    i.SPILCD_Init       spi_lcd.o
    0x0000157c   0x0000157c   0x0000004c   Code   RO          122    i.SPILCD_Reset      spi_lcd.o
    0x000015c8   0x000015c8   0x00000068   Code   RO          123    i.SPILCD_SendCommand  spi_lcd.o
    0x00001630   0x00001630   0x0000006a   Code   RO          124    i.SPILCD_SendData   spi_lcd.o
    0x0000169a   0x0000169a   0x0000003c   Code   RO          125    i.SPILCD_Transfer   spi_lcd.o
    0x000016d6   0x000016d6   0x00000002   PAD
    0x000016d8   0x000016d8   0x00000018   Code   RO          493    i.SSP1_Control      ssp_lpc17xx.o
    0x000016f0   0x000016f0   0x00000014   Code   RO          494    i.SSP1_GPDMA_Rx_SignalEvent  ssp_lpc17xx.o
    0x00001704   0x00001704   0x00000014   Code   RO          495    i.SSP1_GPDMA_Tx_SignalEvent  ssp_lpc17xx.o
    0x00001718   0x00001718   0x00000010   Code   RO          496    i.SSP1_GetDataCount  ssp_lpc17xx.o
    0x00001728   0x00001728   0x00000010   Code   RO          497    i.SSP1_GetStatus    ssp_lpc17xx.o
    0x00001738   0x00001738   0x00000010   Code   RO          498    i.SSP1_IRQHandler   ssp_lpc17xx.o
    0x00001748   0x00001748   0x00000014   Code   RO          499    i.SSP1_Initialize   ssp_lpc17xx.o
    0x0000175c   0x0000175c   0x00000014   Code   RO          500    i.SSP1_PowerControl  ssp_lpc17xx.o
    0x00001770   0x00001770   0x00000018   Code   RO          501    i.SSP1_Receive      ssp_lpc17xx.o
    0x00001788   0x00001788   0x00000018   Code   RO          502    i.SSP1_Send         ssp_lpc17xx.o
    0x000017a0   0x000017a0   0x0000001c   Code   RO          503    i.SSP1_Transfer     ssp_lpc17xx.o
    0x000017bc   0x000017bc   0x00000010   Code   RO          504    i.SSP1_Uninitialize  ssp_lpc17xx.o
    0x000017cc   0x000017cc   0x0000000c   Code   RO          505    i.SSP_GetCapabilities  ssp_lpc17xx.o
    0x000017d8   0x000017d8   0x00000010   Code   RO          506    i.SSP_GetVersion    ssp_lpc17xx.o
    0x000017e8   0x000017e8   0x0000051e   Code   RO          507    i.SSPx_Control      ssp_lpc17xx.o
    0x00001d06   0x00001d06   0x00000036   Code   RO          508    i.SSPx_GPDMA_Rx_SignalEvent  ssp_lpc17xx.o
    0x00001d3c   0x00001d3c   0x0000001c   Code   RO          509    i.SSPx_GPDMA_Tx_SignalEvent  ssp_lpc17xx.o
    0x00001d58   0x00001d58   0x0000002c   Code   RO          510    i.SSPx_GetDataCount  ssp_lpc17xx.o
    0x00001d84   0x00001d84   0x0000005a   Code   RO          511    i.SSPx_GetStatus    ssp_lpc17xx.o
    0x00001dde   0x00001dde   0x00000104   Code   RO          512    i.SSPx_IRQHandler   ssp_lpc17xx.o
    0x00001ee2   0x00001ee2   0x000000a8   Code   RO          513    i.SSPx_Initialize   ssp_lpc17xx.o
    0x00001f8a   0x00001f8a   0x00000002   PAD
    0x00001f8c   0x00001f8c   0x000001b4   Code   RO          514    i.SSPx_PowerControl  ssp_lpc17xx.o
    0x00002140   0x00002140   0x0000015c   Code   RO          515    i.SSPx_Receive      ssp_lpc17xx.o
    0x0000229c   0x0000229c   0x00000154   Code   RO          516    i.SSPx_Send         ssp_lpc17xx.o
    0x000023f0   0x000023f0   0x00000152   Code   RO          517    i.SSPx_Transfer     ssp_lpc17xx.o
    0x00002542   0x00002542   0x00000070   Code   RO          518    i.SSPx_Uninitialize  ssp_lpc17xx.o
    0x000025b2   0x000025b2   0x00000002   PAD
    0x000025b4   0x000025b4   0x00000038   Code   RO          680    i.Set_Channel_active_flag  gpdma_lpc17xx.o
    0x000025ec   0x000025ec   0x00000140   Code   RO          861    i.SystemInit        system_lpc17xx.o
    0x0000272c   0x0000272c   0x000001bc   Code   RO          186    i.TIMER0_IRQHandler  pf_main.o
    0x000028e8   0x000028e8   0x0000001c   Code   RO          323    i.__NVIC_ClearPendingIRQ  i2c_lpc17xx.o
    0x00002904   0x00002904   0x0000001c   Code   RO          519    i.__NVIC_ClearPendingIRQ  ssp_lpc17xx.o
    0x00002920   0x00002920   0x0000001c   Code   RO          681    i.__NVIC_ClearPendingIRQ  gpdma_lpc17xx.o
    0x0000293c   0x0000293c   0x0000003c   Code   RO          324    i.__NVIC_DisableIRQ  i2c_lpc17xx.o
    0x00002978   0x00002978   0x0000001a   Code   RO          325    i.__NVIC_EnableIRQ  i2c_lpc17xx.o
    0x00002992   0x00002992   0x00000002   PAD
    0x00002994   0x00002994   0x0000008c   Code   RO           69    i.delay             delay.o
    0x00002a20   0x00002a20   0x0000001e   Code   RO          126    i.draw_game         spi_lcd.o
    0x00002a3e   0x00002a3e   0x00000022   Code   RO          266    i.initPin_JOY       pf_pin.o
    0x00002a60   0x00002a60   0x00000022   Code   RO          267    i.initPin_LED       pf_pin.o
    0x00002a82   0x00002a82   0x00000002   PAD
    0x00002a84   0x00002a84   0x000000f0   Code   RO          187    i.main              pf_main.o
    0x00002b74   0x00002b74   0x00000200   Code   RO          188    i.set_direction     pf_main.o
    0x00002d74   0x00002d74   0x0000003c   Code   RO          240    i.timmer0_configuration  pf_timmer.o
    0x00002db0   0x00002db0   0x00000036   Code   RO          903    x$fpl$ffix          fz_ws.l(ffix.o)
    0x00002de6   0x00002de6   0x00000002   PAD
    0x00002de8   0x00002de8   0x00000026   Code   RO          907    x$fpl$ffltu         fz_ws.l(fflt_clz.o)
    0x00002e0e   0x00002e0e   0x00000002   PAD
    0x00002e10   0x00002e10   0x00000102   Code   RO          913    x$fpl$fmul          fz_ws.l(fmul.o)
    0x00002f12   0x00002f12   0x0000008c   Code   RO          920    x$fpl$fnaninf       fz_ws.l(fnaninf.o)
    0x00002f9e   0x00002f9e   0x0000000a   Code   RO          922    x$fpl$fretinf       fz_ws.l(fretinf.o)
    0x00002fa8   0x00002fa8   0x00000000   Code   RO          924    x$fpl$usenofp       fz_ws.l(usenofp.o)
    0x00002fa8   0x00002fa8   0x00000064   Data   RO          327    .constdata          i2c_lpc17xx.o
    0x0000300c   0x0000300c   0x0000007c   Data   RO          521    .constdata          ssp_lpc17xx.o
    0x00003088   0x00003088   0x00000020   Data   RO         1083    Region$$Table       anon$$obj.o


    Execution Region ER_RW (Exec base: 0x10000000, Load base: 0x000030a8, Size: 0x00000078, Max: 0xffffffff, ABSOLUTE)

    Exec Addr    Load Addr    Size         Type   Attr      Idx    E Section Name        Object

    0x10000000   0x000030a8   0x00000053   Data   RW          190    .data               pf_main.o
    0x10000053   0x000030fb   0x00000001   PAD
    0x10000054   0x000030fc   0x00000008   Data   RW          241    .data               pf_timmer.o
    0x1000005c   0x00003104   0x00000004   Data   RW          328    .data               i2c_lpc17xx.o
    0x10000060   0x00003108   0x0000000c   Data   RW          522    .data               ssp_lpc17xx.o
    0x1000006c   0x00003114   0x00000008   Data   RW          683    .data               gpdma_lpc17xx.o
    0x10000074   0x0000311c   0x00000004   Data   RW          862    .data               system_lpc17xx.o


    Execution Region ER_ZI (Exec base: 0x10000078, Load base: 0x00003120, Size: 0x00000550, Max: 0xffffffff, ABSOLUTE)

    Exec Addr    Load Addr    Size         Type   Attr      Idx    E Section Name        Object

    0x10000078        -       0x00000200   Zero   RW          189    .bss                pf_main.o
    0x10000278        -       0x00000024   Zero   RW          326    .bss                i2c_lpc17xx.o
    0x1000029c        -       0x00000028   Zero   RW          520    .bss                ssp_lpc17xx.o
    0x100002c4        -       0x000000a0   Zero   RW          682    .bss                gpdma_lpc17xx.o
    0x10000364        -       0x00000060   Zero   RW          957    .bss                c_w.l(libspace.o)
    0x100003c4   0x00003120   0x00000004   PAD
    0x100003c8        -       0x00000000   Zero   RW          848    HEAP                startup_lpc17xx.o
    0x100003c8        -       0x00000200   Zero   RW          847    STACK               startup_lpc17xx.o


==============================================================================

Image component sizes


      Code (inc. data)   RO Data    RW Data    ZI Data      Debug   Object Name

       212          0          0          0          0      12582   buffer.o
       140         14          0          0          0      17296   delay.o
      1204         94          0          8        160       8206   gpdma_lpc17xx.o
       172         18          0          0          0       2298   gpio_lpc17xx.o
      2924        132        100          4         36      50616   i2c_lpc17xx.o
      1196        130          0         83        512      30306   pf_main.o
        68          0          0          0          0       1004   pf_pin.o
        60         10          0          8          0        580   pf_timmer.o
       284         10          0          0          0       1464   pin_lpc17xx.o
       582         14          0          0          0       3985   spi_lcd.o
      3896        106        124         12         40      53575   ssp_lpc17xx.o
        64         26        204          0        512        988   startup_lpc17xx.o
       320         18          0          4          0        795   system_lpc17xx.o

    ----------------------------------------------------------------------
     11138        572        460        120       1260     183695   Object Totals
         0          0         32          0          0          0   (incl. Generated)
        16          0          0          1          0          0   (incl. Padding)

    ----------------------------------------------------------------------

      Code (inc. data)   RO Data    RW Data    ZI Data      Debug   Library Member Name

         8          0          0          0          0         68   __main.o
         0          0          0          0          0          0   __rtentry.o
        12          0          0          0          0          0   __rtentry2.o
         6          0          0          0          0          0   __rtentry4.o
        52          8          0          0          0          0   __scatter.o
        26          0          0          0          0          0   __scatter_copy.o
        28          0          0          0          0          0   __scatter_zi.o
        18          0          0          0          0         80   exit.o
         6          0          0          0          0        152   heapauxi.o
         0          0          0          0          0          0   indicate_semi.o
         2          0          0          0          0          0   libinit.o
         2          0          0          0          0          0   libinit2.o
         2          0          0          0          0          0   libshutdown.o
         2          0          0          0          0          0   libshutdown2.o
         8          4          0          0         96         68   libspace.o
        78          0          0          0          0         80   rt_memclr_w.o
         2          0          0          0          0          0   rtexit.o
        10          0          0          0          0          0   rtexit2.o
        12          4          0          0          0         68   sys_exit.o
        74          0          0          0          0         80   sys_stackheap_outer.o
         2          0          0          0          0         68   use_no_semi.o
        54          4          0          0          0         84   ffix.o
        38          0          0          0          0         68   fflt_clz.o
       258          4          0          0          0         84   fmul.o
       140          4          0          0          0         84   fnaninf.o
        10          0          0          0          0         68   fretinf.o
         0          0          0          0          0          0   usenofp.o

    ----------------------------------------------------------------------
       858         28          0          0        100       1052   Library Totals
         8          0          0          0          4          0   (incl. Padding)

    ----------------------------------------------------------------------

      Code (inc. data)   RO Data    RW Data    ZI Data      Debug   Library Name

       350         16          0          0         96        664   c_w.l
       500         12          0          0          0        388   fz_ws.l

    ----------------------------------------------------------------------
       858         28          0          0        100       1052   Library Totals

    ----------------------------------------------------------------------

==============================================================================


      Code (inc. data)   RO Data    RW Data    ZI Data      Debug   

     11996        600        460        120       1360     179595   Grand Totals
     11996        600        460        120       1360     179595   ELF Image Totals
     11996        600        460        120          0          0   ROM Totals

==============================================================================

    Total RO  Size (Code + RO Data)                12456 (  12.16kB)
    Total RW  Size (RW Data + ZI Data)              1480 (   1.45kB)
    Total ROM Size (Code + RO Data + RW Data)      12576 (  12.28kB)

==============================================================================

