<html>
<body>
<pre>
<h1>µVision Build Log</h1>
<h2>Tool Versions:</h2>
IDE-Version: µVision V5.26.2.0
Copyright (C) 2018 ARM Ltd and ARM Germany GmbH. All rights reserved.
License Information: Escuela Politecnica Superior UAM, UAM, LIC=----
 
Tool Versions:
Toolchain:       MDK-Lite  Version: 5.26.2.0
Toolchain Path:  C:\Keil_v5\ARM\ARMCC\Bin
C Compiler:      Armcc.exe V5.06 update 6 (build 750)
Assembler:       Armasm.exe V5.06 update 6 (build 750)
Linker/Locator:  ArmLink.exe V5.06 update 6 (build 750)
Library Manager: ArmAr.exe V5.06 update 6 (build 750)
Hex Converter:   FromElf.exe V5.06 update 6 (build 750)
CPU DLL:         SARMCM3.DLL V5.26.2.0
Dialog DLL:      DCM.DLL V1.17.2.0
Target DLL:      CMSIS_AGDI.dll V1.30.6.0
Dialog DLL:      TCM.DLL V1.36.1.0
 
<h2>Project:</h2>
C:\Users\eps\Desktop\Proyecto final\Proyecto_final.uvprojx
Project File Date:  05/09/2023

<h2>Output:</h2>
*** Using Compiler 'V5.06 update 6 (build 750)', folder: 'C:\Keil_v5\ARM\ARMCC\Bin'
Build target 'Target 1'
compiling PF_main.c...
PF_timmer.h(11): warning:  #1-D: last line of file ends without a newline
  void timmer0_configuration(void);
PF_pin.h(8): warning:  #1-D: last line of file ends without a newline
  void initPin_ADC(uint32_t port_number, uint32_t pin_number);
PF_header.h(98): warning:  #1-D: last line of file ends without a newline
  bool state_led_off = 0;
PF_main.c(124): warning:  #61-D: integer operation result is out of range
  			while((LPC_ADC->ADGDR & (0x1 << 31)) == 0); // Esperar a que termine la conversión
PF_main.c(124): warning:  #68-D: integer conversion resulted in a change of sign
  			while((LPC_ADC->ADGDR & (0x1 << 31)) == 0); // Esperar a que termine la conversión
PF_main.c(71): warning:  #177-D: variable "range"  was declared but never referenced
  static uint32_t range = 0x333; //valor de una quinta parte del rango del adc
PF_main.c: 6 warnings, 0 errors
linking...
Program Size: Code=13084 RO-data=2260 RW-data=240 ZI-data=1584  
".\Objects\Proyecto_final.axf" - 0 Error(s), 6 Warning(s).

<h2>Software Packages used:</h2>

Package Vendor: ARM
                http://www.keil.com/pack/ARM.CMSIS.5.4.0.pack
                ARM.CMSIS.5.4.0
                CMSIS (Cortex Microcontroller Software Interface Standard)
   * Component: I2C Version: 2.3.0
   * Component: SPI Version: 2.2.0
   * Component: CORE Version: 5.1.2

Package Vendor: Keil
                http://www.keil.com/pack/Keil.LPC1700_DFP.2.5.0.pack
                Keil.LPC1700_DFP.2.5.0
                NXP LPC1700 Series Device Support, Drivers and Examples for MCB1700 and LPC1788-32
   * Component: I2C Version: 2.5.0
   * Component: SSP Version: 2.7.0
   * Component: GPDMA Version: 1.2.0
   * Component: GPIO Version: 1.1.0
   * Component: PIN Version: 1.0.0
   * Component: Startup Version: 1.0.0

<h2>Collection of Component include folders:</h2>
  .\RTE\Device\LPC1768
  .\RTE\_Target_1
  C:\Keil_v5\ARM\PACK\ARM\CMSIS\5.4.0\CMSIS\Core\Include
  C:\Keil_v5\ARM\PACK\ARM\CMSIS\5.4.0\CMSIS\Driver\Include
  C:\Keil_v5\ARM\PACK\Keil\LPC1700_DFP\2.5.0\Device\Include
  C:\Keil_v5\ARM\PACK\Keil\LPC1700_DFP\2.5.0\RTE_Driver

<h2>Collection of Component Files used:</h2>

   * Component: ::CMSIS Driver:I2C:2.3.0 (API)
      Include file:  CMSIS\Driver\Include\Driver_I2C.h

   * Component: ::CMSIS Driver:SPI:2.2.0 (API)
      Include file:  CMSIS\Driver\Include\Driver_SPI.h

   * Component: ARM::CMSIS:CORE:5.1.2

   * Component: Keil::CMSIS Driver:I2C:2.5.0
      Source file:   RTE_Driver\I2C_LPC17xx.c

   * Component: Keil::CMSIS Driver:SPI:SSP:2.7.0
      Source file:   RTE_Driver\SSP_LPC17xx.c

   * Component: Keil::Device:GPDMA:1.2.0
      Source file:   RTE_Driver\GPDMA_LPC17xx.c
      Include file:  RTE_Driver\GPDMA_LPC17xx.h

   * Component: Keil::Device:GPIO:1.1.0
      Source file:   RTE_Driver\GPIO_LPC17xx.c
      Include file:  RTE_Driver\GPIO_LPC17xx.h

   * Component: Keil::Device:PIN:1.0.0
      Include file:  RTE_Driver\PIN_LPC17xx.h
      Source file:   RTE_Driver\PIN_LPC17xx.c

   * Component: Keil::Device:Startup:1.0.0
      Include file:  RTE_Driver\Config\RTE_Device.h
      Source file:   Device\Source\system_LPC17xx.c
      Include file:  Device\Include\LPC17xx.h
      Source file:   Device\Source\ARM\startup_LPC17xx.s
Build Time Elapsed:  00:00:01
</pre>
</body>
</html>
