Component: ARM Compiler 5.06 update 6 (build 750) Tool: armlink [4d35ed]

==============================================================================

Section Cross References

    buffer.o(i.Buffer_DrawLineH) refers to buffer.o(i.Buffer_SetPixel) for Buffer_SetPixel
    buffer.o(i.Buffer_DrawLineV) refers to buffer.o(i.Buffer_SetPixel) for Buffer_SetPixel
    buffer.o(i.Buffer_DrawRect) refers to buffer.o(i.Buffer_DrawLineH) for Buffer_DrawLineH
    buffer.o(i.draw_all_enemies) refers to buffer.o(i.draw_enemy_one) for draw_enemy_one
    buffer.o(i.draw_enemy_one) refers to buffer.o(i.Buffer_SetPixel) for Buffer_SetPixel
    buffer.o(i.draw_enemy_one) refers to buffer.o(i.Buffer_DrawRect) for Buffer_DrawRect
    buffer.o(i.draw_gameOver) refers to buffer.o(.constdata) for gameOver
    buffer.o(i.draw_gameWin) refers to buffer.o(.constdata) for gameWin
    buffer.o(i.draw_pause_screen) refers to buffer.o(.constdata) for spaceInvaders
    buffer.o(i.draw_ship) refers to buffer.o(i.Buffer_DrawRect) for Buffer_DrawRect
    buffer.o(i.draw_ship) refers to buffer.o(i.Buffer_SetPixel) for Buffer_SetPixel
    delay.o(i.delay) refers to fflt_clz.o(x$fpl$ffltu) for __aeabi_ui2f
    delay.o(i.delay) refers to fmul.o(x$fpl$fmul) for __aeabi_fmul
    delay.o(i.delay) refers to ffix.o(x$fpl$ffix) for __aeabi_f2iz
    spi_lcd.o(i.SPILCD_Configure) refers to spi_lcd.o(i.SPILCD_SendCommand) for SPILCD_SendCommand
    spi_lcd.o(i.SPILCD_Init) refers to gpio_lpc17xx.o(i.GPIO_PortClock) for GPIO_PortClock
    spi_lcd.o(i.SPILCD_Init) refers to gpio_lpc17xx.o(i.GPIO_SetDir) for GPIO_SetDir
    spi_lcd.o(i.SPILCD_Init) refers to pin_lpc17xx.o(i.PIN_Configure) for PIN_Configure
    spi_lcd.o(i.SPILCD_Reset) refers to gpio_lpc17xx.o(i.GPIO_PinWrite) for GPIO_PinWrite
    spi_lcd.o(i.SPILCD_Reset) refers to delay.o(i.delay) for delay
    spi_lcd.o(i.SPILCD_SendCommand) refers to gpio_lpc17xx.o(i.GPIO_PinWrite) for GPIO_PinWrite
    spi_lcd.o(i.SPILCD_SendData) refers to gpio_lpc17xx.o(i.GPIO_PinWrite) for GPIO_PinWrite
    spi_lcd.o(i.SPILCD_Transfer) refers to spi_lcd.o(i.SPILCD_SendCommand) for SPILCD_SendCommand
    spi_lcd.o(i.SPILCD_Transfer) refers to spi_lcd.o(i.SPILCD_SendData) for SPILCD_SendData
    pf_main.o(i.TIMER0_IRQHandler) refers to pf_main.o(i.read_peripherals) for read_peripherals
    pf_main.o(i.TIMER0_IRQHandler) refers to pf_main.o(.data) for updateLCD
    pf_main.o(i.adc_configuration) refers to pf_pin.o(i.initPin_ADC) for initPin_ADC
    pf_main.o(i.check_damage) refers to pf_main.o(.data) for width_ship
    pf_main.o(i.check_enemies) refers to pf_main.o(.data) for bullet
    pf_main.o(i.main) refers to system_lpc17xx.o(i.SystemInit) for SystemInit
    pf_main.o(i.main) refers to gpio_lpc17xx.o(i.GPIO_PortClock) for GPIO_PortClock
    pf_main.o(i.main) refers to pf_pin.o(i.initPin_LED) for initPin_LED
    pf_main.o(i.main) refers to pf_pin.o(i.initPin_JOY) for initPin_JOY
    pf_main.o(i.main) refers to spi_lcd.o(i.SPILCD_Init) for SPILCD_Init
    pf_main.o(i.main) refers to spi_lcd.o(i.SPILCD_Reset) for SPILCD_Reset
    pf_main.o(i.main) refers to spi_lcd.o(i.SPILCD_Configure) for SPILCD_Configure
    pf_main.o(i.main) refers to i2c_accel.o(i.I2CACCEL_Init) for I2CACCEL_Init
    pf_main.o(i.main) refers to i2c_accel.o(i.I2CACCEL_Configure) for I2CACCEL_Configure
    pf_main.o(i.main) refers to delay.o(i.delay) for delay
    pf_main.o(i.main) refers to buffer.o(i.Buffer_Reset) for Buffer_Reset
    pf_main.o(i.main) refers to pf_timmer.o(i.timmer0_configuration) for timmer0_configuration
    pf_main.o(i.main) refers to buffer.o(i.draw_ship) for draw_ship
    pf_main.o(i.main) refers to buffer.o(i.draw_all_enemies) for draw_all_enemies
    pf_main.o(i.main) refers to spi_lcd.o(i.SPILCD_Transfer) for SPILCD_Transfer
    pf_main.o(i.main) refers to pf_main.o(i.adc_configuration) for adc_configuration
    pf_main.o(i.main) refers to rand.o(.emb_text) for rand
    pf_main.o(i.main) refers to buffer.o(i.draw_pause_screen) for draw_pause_screen
    pf_main.o(i.main) refers to gpio_lpc17xx.o(i.GPIO_PinWrite) for GPIO_PinWrite
    pf_main.o(i.main) refers to pf_main.o(i.ADC_value) for ADC_value
    pf_main.o(i.main) refers to i2c_accel.o(i.I2CACCEL_GetValue) for I2CACCEL_GetValue
    pf_main.o(i.main) refers to pf_main.o(i.check_damage) for check_damage
    pf_main.o(i.main) refers to buffer.o(i.Buffer_DrawRect) for Buffer_DrawRect
    pf_main.o(i.main) refers to pf_main.o(i.check_enemies) for check_enemies
    pf_main.o(i.main) refers to i2c_lpc17xx.o(.constdata) for Driver_I2C2
    pf_main.o(i.main) refers to pf_main.o(.data) for spiDrv1
    pf_main.o(i.main) refers to pf_main.o(.bss) for buffer
    pf_main.o(i.main) refers to pf_main.o(i.move_enemies) for move_enemies
    pf_main.o(i.main) refers to buffer.o(i.draw_gameOver) for draw_gameOver
    pf_main.o(i.main) refers to buffer.o(i.draw_gameWin) for draw_gameWin
    pf_main.o(i.read_peripherals) refers to gpio_lpc17xx.o(i.GPIO_PinRead) for GPIO_PinRead
[...]
    Removing pf_pin.o(.rrx_text), (6 bytes).
    Removing i2c_accel.o(i.I2CACCEL_Shake), (48 bytes).
    Removing i2c_lpc17xx.o(.rev16_text), (4 bytes).
    Removing i2c_lpc17xx.o(.revsh_text), (4 bytes).
    Removing i2c_lpc17xx.o(.rrx_text), (6 bytes).
    Removing ssp_lpc17xx.o(.rev16_text), (4 bytes).
    Removing ssp_lpc17xx.o(.revsh_text), (4 bytes).
    Removing ssp_lpc17xx.o(.rrx_text), (6 bytes).
    Removing gpdma_lpc17xx.o(.rev16_text), (4 bytes).
    Removing gpdma_lpc17xx.o(.revsh_text), (4 bytes).
    Removing gpdma_lpc17xx.o(.rrx_text), (6 bytes).
    Removing gpdma_lpc17xx.o(i.GPDMA_ChannelEnable), (60 bytes).
    Removing gpdma_lpc17xx.o(i.GPDMA_ChannelGetStatus), (36 bytes).
    Removing gpio_lpc17xx.o(.rev16_text), (4 bytes).
    Removing gpio_lpc17xx.o(.revsh_text), (4 bytes).
    Removing gpio_lpc17xx.o(.rrx_text), (6 bytes).
    Removing gpio_lpc17xx.o(i.GPIO_PortRead), (20 bytes).
    Removing gpio_lpc17xx.o(i.GPIO_PortWrite), (32 bytes).
    Removing pin_lpc17xx.o(.rev16_text), (4 bytes).
    Removing pin_lpc17xx.o(.revsh_text), (4 bytes).
    Removing pin_lpc17xx.o(.rrx_text), (6 bytes).
    Removing pin_lpc17xx.o(i.PIN_ConfigureTPIU), (40 bytes).
    Removing system_lpc17xx.o(.rev16_text), (4 bytes).
    Removing system_lpc17xx.o(.revsh_text), (4 bytes).
    Removing system_lpc17xx.o(.rrx_text), (6 bytes).
    Removing system_lpc17xx.o(i.SystemCoreClockUpdate), (424 bytes).

41 unused section(s) (total 850 bytes) removed from the image.

==============================================================================

Image Symbol Table

    Local Symbols

    Symbol Name                              Value     Ov Type        Size  Object(Section)

    RESET                                    0x00000000   Section      204  startup_lpc17xx.o(RESET)
    ../clib/angel/boardlib.s                 0x00000000   Number         0  boardinit2.o ABSOLUTE
    ../clib/angel/boardlib.s                 0x00000000   Number         0  boardinit1.o ABSOLUTE
    ../clib/angel/boardlib.s                 0x00000000   Number         0  boardshut.o ABSOLUTE
    ../clib/angel/boardlib.s                 0x00000000   Number         0  boardinit3.o ABSOLUTE
    ../clib/angel/handlers.s                 0x00000000   Number         0  __scatter_zi.o ABSOLUTE
    ../clib/angel/handlers.s                 0x00000000   Number         0  __scatter_copy.o ABSOLUTE
    ../clib/angel/kernel.s                   0x00000000   Number         0  rtexit2.o ABSOLUTE
    ../clib/angel/kernel.s                   0x00000000   Number         0  rtexit.o ABSOLUTE
    ../clib/angel/kernel.s                   0x00000000   Number         0  __rtentry4.o ABSOLUTE
    ../clib/angel/kernel.s                   0x00000000   Number         0  __rtentry.o ABSOLUTE
    ../clib/angel/kernel.s                   0x00000000   Number         0  __rtentry2.o ABSOLUTE
    ../clib/angel/rt.s                       0x00000000   Number         0  aeabi_ldiv0.o ABSOLUTE
    ../clib/angel/rt.s                       0x00000000   Number         0  rt_raise.o ABSOLUTE
    ../clib/angel/rt.s                       0x00000000   Number         0  aeabi_ldiv0_sigfpe.o ABSOLUTE
    ../clib/angel/rt.s                       0x00000000   Number         0  rt_div0.o ABSOLUTE
    ../clib/angel/scatter.s                  0x00000000   Number         0  __scatter.o ABSOLUTE
    ../clib/angel/startup.s                  0x00000000   Number         0  __main.o ABSOLUTE
    ../clib/angel/sys.s                      0x00000000   Number         0  sys_stackheap_outer.o ABSOLUTE
    ../clib/angel/sys.s                      0x00000000   Number         0  libspace.o ABSOLUTE
    ../clib/angel/sys.s                      0x00000000   Number         0  use_no_semi.o ABSOLUTE
    ../clib/angel/sys.s                      0x00000000   Number         0  indicate_semi.o ABSOLUTE
    ../clib/angel/sysapp.c                   0x00000000   Number         0  sys_command.o ABSOLUTE
    ../clib/angel/sysapp.c                   0x00000000   Number         0  sys_exit.o ABSOLUTE
    ../clib/angel/sysapp.c                   0x00000000   Number         0  sys_wrch.o ABSOLUTE
    ../clib/armsys.c                         0x00000000   Number         0  no_argv.o ABSOLUTE
    ../clib/armsys.c                         0x00000000   Number         0  _get_argv_nomalloc.o ABSOLUTE
    ../clib/armsys.c                         0x00000000   Number         0  argv_veneer.o ABSOLUTE
    ../clib/armsys.c                         0x00000000   Number         0  argv_veneer.o ABSOLUTE
    ../clib/heapalloc.c                      0x00000000   Number         0  hrguard.o ABSOLUTE
    ../clib/heapaux.c                        0x00000000   Number         0  heapauxi.o ABSOLUTE
    ../clib/libinit.s                        0x00000000   Number         0  libinit.o ABSOLUTE
    ../clib/libinit.s                        0x00000000   Number         0  libshutdown2.o ABSOLUTE
    ../clib/libinit.s                        0x00000000   Number         0  libshutdown.o ABSOLUTE
    ../clib/libinit.s                        0x00000000   Number         0  libinit2.o ABSOLUTE
    ../clib/longlong.s                       0x00000000   Number         0  lludivv7m.o ABSOLUTE
    ../clib/memcpset.s                       0x00000000   Number         0  rt_memclr_w.o ABSOLUTE
    ../clib/signal.c                         0x00000000   Number         0  defsig_fpe_outer.o ABSOLUTE
    ../clib/signal.c                         0x00000000   Number         0  defsig_fpe_formal.o ABSOLUTE
    ../clib/signal.c                         0x00000000   Number         0  defsig_other.o ABSOLUTE
    ../clib/signal.c                         0x00000000   Number         0  defsig_segv_inner.o ABSOLUTE
    ../clib/signal.c                         0x00000000   Number         0  defsig_cppl_inner.o ABSOLUTE
    ../clib/signal.c                         0x00000000   Number         0  defsig_pvfn_inner.o ABSOLUTE
    ../clib/signal.c                         0x00000000   Number         0  defsig_stak_inner.o ABSOLUTE
    ../clib/signal.c                         0x00000000   Number         0  defsig_abrt_inner.o ABSOLUTE
    ../clib/signal.c                         0x00000000   Number         0  defsig_rtmem_inner.o ABSOLUTE
    ../clib/signal.c                         0x00000000   Number         0  defsig_general.o ABSOLUTE
    ../clib/signal.c                         0x00000000   Number         0  __raise.o ABSOLUTE
    ../clib/signal.c                         0x00000000   Number         0  defsig_rtred_inner.o ABSOLUTE
    ../clib/signal.c                         0x00000000   Number         0  defsig_rtmem_formal.o ABSOLUTE
    ../clib/signal.c                         0x00000000   Number         0  defsig_rtmem_outer.o ABSOLUTE
    ../clib/signal.c                         0x00000000   Number         0  defsig_fpe_inner.o ABSOLUTE
    ../clib/signal.c                         0x00000000   Number         0  defsig_exit.o ABSOLUTE
    ../clib/signal.s                         0x00000000   Number         0  defsig.o ABSOLUTE
    ../clib/stdlib.c                         0x00000000   Number         0  rand.o ABSOLUTE
    ../clib/stdlib.c                         0x00000000   Number         0  exit.o ABSOLUTE
    ../clib/stdlib.c                         0x00000000   Number         0  rand.o ABSOLUTE
    ../fplib/ffix.s                          0x00000000   Number         0  ffix.o ABSOLUTE
    ../fplib/fflt.s                          0x00000000   Number         0  fflt_clz.o ABSOLUTE
    ../fplib/fmul.s                          0x00000000   Number         0  fmul.o ABSOLUTE
    ../fplib/fnaninf.s                       0x00000000   Number         0  fnaninf.o ABSOLUTE
    ../fplib/fpinit.s                        0x00000000   Number         0  fpinit.o ABSOLUTE
    ../fplib/fretinf.s                       0x00000000   Number         0  fretinf.o ABSOLUTE
    ../fplib/usenofp.s                       0x00000000   Number         0  usenofp.o ABSOLUTE
    Buffer.c                                 0x00000000   Number         0  buffer.o ABSOLUTE
    C:\Keil_v5\ARM\PACK\Keil\LPC1700_DFP\2.5.0\RTE_Driver\GPDMA_LPC17xx.c 0x00000000   Number         0  gpdma_lpc17xx.o ABSOLUTE
    C:\Keil_v5\ARM\PACK\Keil\LPC1700_DFP\2.5.0\RTE_Driver\GPIO_LPC17xx.c 0x00000000   Number         0  gpio_lpc17xx.o ABSOLUTE
    C:\Keil_v5\ARM\PACK\Keil\LPC1700_DFP\2.5.0\RTE_Driver\I2C_LPC17xx.c 0x00000000   Number         0  i2c_lpc17xx.o ABSOLUTE
    C:\Keil_v5\ARM\PACK\Keil\LPC1700_DFP\2.5.0\RTE_Driver\PIN_LPC17xx.c 0x00000000   Number         0  pin_lpc17xx.o ABSOLUTE
    C:\Keil_v5\ARM\PACK\Keil\LPC1700_DFP\2.5.0\RTE_Driver\SSP_LPC17xx.c 0x00000000   Number         0  ssp_lpc17xx.o ABSOLUTE
    C:\\Keil_v5\\ARM\\PACK\\Keil\\LPC1700_DFP\\2.5.0\\RTE_Driver\\GPDMA_LPC17xx.c 0x00000000   Number         0  gpdma_lpc17xx.o ABSOLUTE
    C:\\Keil_v5\\ARM\\PACK\\Keil\\LPC1700_DFP\\2.5.0\\RTE_Driver\\GPIO_LPC17xx.c 0x00000000   Number         0  gpio_lpc17xx.o ABSOLUTE
    C:\\Keil_v5\\ARM\\PACK\\Keil\\LPC1700_DFP\\2.5.0\\RTE_Driver\\I2C_LPC17xx.c 0x00000000   Number         0  i2c_lpc17xx.o ABSOLUTE
    C:\\Keil_v5\\ARM\\PACK\\Keil\\LPC1700_DFP\\2.5.0\\RTE_Driver\\PIN_LPC17xx.c 0x00000000   Number         0  pin_lpc17xx.o ABSOLUTE
    C:\\Keil_v5\\ARM\\PACK\\Keil\\LPC1700_DFP\\2.5.0\\RTE_Driver\\SSP_LPC17xx.c 0x00000000   Number         0  ssp_lpc17xx.o ABSOLUTE
    Delay.c                                  0x00000000   Number         0  delay.o ABSOLUTE
    Delay.c                                  0x00000000   Number         0  delay.o ABSOLUTE
    I2C_ACCEL.c                              0x00000000   Number         0  i2c_accel.o ABSOLUTE
    PF_main.c                                0x00000000   Number         0  pf_main.o ABSOLUTE
    PF_main.c                                0x00000000   Number         0  pf_main.o ABSOLUTE
    PF_pin.c                                 0x00000000   Number         0  pf_pin.o ABSOLUTE
    PF_pin.c                                 0x00000000   Number         0  pf_pin.o ABSOLUTE
    PF_timmer.c                              0x00000000   Number         0  pf_timmer.o ABSOLUTE
    PF_timmer.c                              0x00000000   Number         0  pf_timmer.o ABSOLUTE
    RTE\Device\LPC1768\startup_LPC17xx.s     0x00000000   Number         0  startup_lpc17xx.o ABSOLUTE
    RTE\Device\LPC1768\system_LPC17xx.c      0x00000000   Number         0  system_lpc17xx.o ABSOLUTE
    RTE\\Device\\LPC1768\\system_LPC17xx.c   0x00000000   Number         0  system_lpc17xx.o ABSOLUTE
    SPI_LCD.c                                0x00000000   Number         0  spi_lcd.o ABSOLUTE
    SPI_LCD.c                                0x00000000   Number         0  spi_lcd.o ABSOLUTE
    dc.s                                     0x00000000   Number         0  dc.o ABSOLUTE
    !!!main                                  0x000000cc   Section        8  __main.o(!!!main)
    !!!scatter                               0x000000d4   Section       52  __scatter.o(!!!scatter)
    !!handler_copy                           0x00000108   Section       26  __scatter_copy.o(!!handler_copy)
    !!handler_zi                             0x00000124   Section       28  __scatter_zi.o(!!handler_zi)
    .ARM.Collect$$libinit$$00000000          0x00000140   Section        2  libinit.o(.ARM.Collect$$libinit$$00000000)
    .ARM.Collect$$libinit$$00000002          0x00000142   Section        0  libinit2.o(.ARM.Collect$$libinit$$00000002)
    .ARM.Collect$$libinit$$00000004          0x00000142   Section        0  libinit2.o(.ARM.Collect$$libinit$$00000004)
    .ARM.Collect$$libinit$$0000000A          0x00000142   Section        0  libinit2.o(.ARM.Collect$$libinit$$0000000A)
    .ARM.Collect$$libinit$$0000000C          0x00000142   Section        0  libinit2.o(.ARM.Collect$$libinit$$0000000C)
    .ARM.Collect$$libinit$$0000000D          0x00000142   Section        4  libinit2.o(.ARM.Collect$$libinit$$0000000D)
    .ARM.Collect$$libinit$$0000000E          0x00000146   Section        0  libinit2.o(.ARM.Collect$$libinit$$0000000E)
    .ARM.Collect$$libinit$$00000011          0x00000146   Section        0  libinit2.o(.ARM.Collect$$libinit$$00000011)
    .ARM.Collect$$libinit$$00000013          0x00000146   Section        0  libinit2.o(.ARM.Collect$$libinit$$00000013)
    .ARM.Collect$$libinit$$00000015          0x00000146   Section        0  libinit2.o(.ARM.Collect$$libinit$$00000015)
    .ARM.Collect$$libinit$$00000017          0x00000146   Section        0  libinit2.o(.ARM.Collect$$libinit$$00000017)
    .ARM.Collect$$libinit$$00000019          0x00000146   Section        0  libinit2.o(.ARM.Collect$$libinit$$00000019)
    .ARM.Collect$$libinit$$0000001B          0x00000146   Section        0  libinit2.o(.ARM.Collect$$libinit$$0000001B)
    .ARM.Collect$$libinit$$0000001D          0x00000146   Section        0  libinit2.o(.ARM.Collect$$libinit$$0000001D)
    .ARM.Collect$$libinit$$0000001F          0x00000146   Section        0  libinit2.o(.ARM.Collect$$libinit$$0000001F)
    .ARM.Collect$$libinit$$00000021          0x00000146   Section        0  libinit2.o(.ARM.Collect$$libinit$$00000021)
    .ARM.Collect$$libinit$$00000023          0x00000146   Section        0  libinit2.o(.ARM.Collect$$libinit$$00000023)
    .ARM.Collect$$libinit$$00000025          0x00000146   Section        0  libinit2.o(.ARM.Collect$$libinit$$00000025)
    .ARM.Collect$$libinit$$0000002C          0x00000146   Section        0  libinit2.o(.ARM.Collect$$libinit$$0000002C)
    .ARM.Collect$$libinit$$0000002E          0x00000146   Section        0  libinit2.o(.ARM.Collect$$libinit$$0000002E)
    .ARM.Collect$$libinit$$00000030          0x00000146   Section        0  libinit2.o(.ARM.Collect$$libinit$$00000030)
    .ARM.Collect$$libinit$$00000032          0x00000146   Section        0  libinit2.o(.ARM.Collect$$libinit$$00000032)
    .ARM.Collect$$libinit$$00000033          0x00000146   Section        2  libinit2.o(.ARM.Collect$$libinit$$00000033)
    .ARM.Collect$$libshutdown$$00000000      0x00000148   Section        2  libshutdown.o(.ARM.Collect$$libshutdown$$00000000)
    .ARM.Collect$$libshutdown$$00000002      0x0000014a   Section        0  libshutdown2.o(.ARM.Collect$$libshutdown$$00000002)
    .ARM.Collect$$libshutdown$$00000004      0x0000014a   Section        0  libshutdown2.o(.ARM.Collect$$libshutdown$$00000004)
    .ARM.Collect$$libshutdown$$00000007      0x0000014a   Section        0  libshutdown2.o(.ARM.Collect$$libshutdown$$00000007)
    .ARM.Collect$$libshutdown$$0000000A      0x0000014a   Section        0  libshutdown2.o(.ARM.Collect$$libshutdown$$0000000A)
    .ARM.Collect$$libshutdown$$0000000C      0x0000014a   Section        0  libshutdown2.o(.ARM.Collect$$libshutdown$$0000000C)
    .ARM.Collect$$libshutdown$$0000000F      0x0000014a   Section        0  libshutdown2.o(.ARM.Collect$$libshutdown$$0000000F)
    .ARM.Collect$$libshutdown$$00000010      0x0000014a   Section        2  libshutdown2.o(.ARM.Collect$$libshutdown$$00000010)
    .ARM.Collect$$rtentry$$00000000          0x0000014c   Section        0  __rtentry.o(.ARM.Collect$$rtentry$$00000000)
    .ARM.Collect$$rtentry$$00000002          0x0000014c   Section        0  __rtentry2.o(.ARM.Collect$$rtentry$$00000002)
    .ARM.Collect$$rtentry$$00000004          0x0000014c   Section        6  __rtentry4.o(.ARM.Collect$$rtentry$$00000004)
    .ARM.Collect$$rtentry$$00000009          0x00000152   Section        0  __rtentry2.o(.ARM.Collect$$rtentry$$00000009)
    .ARM.Collect$$rtentry$$0000000A          0x00000152   Section        4  __rtentry2.o(.ARM.Collect$$rtentry$$0000000A)
    .ARM.Collect$$rtentry$$0000000C          0x00000156   Section        0  __rtentry2.o(.ARM.Collect$$rtentry$$0000000C)
    .ARM.Collect$$rtentry$$0000000D          0x00000156   Section        8  __rtentry2.o(.ARM.Collect$$rtentry$$0000000D)
    .ARM.Collect$$rtexit$$00000000           0x0000015e   Section        2  rtexit.o(.ARM.Collect$$rtexit$$00000000)
    .ARM.Collect$$rtexit$$00000002           0x00000160   Section        0  rtexit2.o(.ARM.Collect$$rtexit$$00000002)
    .ARM.Collect$$rtexit$$00000003           0x00000160   Section        4  rtexit2.o(.ARM.Collect$$rtexit$$00000003)
    .ARM.Collect$$rtexit$$00000004           0x00000164   Section        6  rtexit2.o(.ARM.Collect$$rtexit$$00000004)
    .emb_text                                0x0000016c   Section       52  rand.o(.emb_text)
    .text                                    0x000001a0   Section       60  startup_lpc17xx.o(.text)
    .text                                    0x000001dc   Section        0  rand.o(.text)
    .text                                    0x00000218   Section       78  rt_memclr_w.o(.text)
    .text                                    0x00000266   Section        0  heapauxi.o(.text)
    .text                                    0x0000026c   Section       74  sys_stackheap_outer.o(.text)
    .text                                    0x000002b6   Section        0  exit.o(.text)
    .text                                    0x000002c8   Section        8  libspace.o(.text)
    .text                                    0x000002d0   Section        0  sys_exit.o(.text)
    .text                                    0x000002dc   Section        2  use_no_semi.o(.text)
    .text                                    0x000002de   Section        0  indicate_semi.o(.text)
    i.Buffer_Reset                           0x000002de   Section        0  buffer.o(i.Buffer_Reset)
    i.I2Cx_GetDataCount                      0x000002f2   Section        0  i2c_lpc17xx.o(i.I2Cx_GetDataCount)
    I2Cx_GetDataCount                        0x000002f3   Thumb Code     8  i2c_lpc17xx.o(i.I2Cx_GetDataCount)
    x$fpl$usenofp                            0x000002fa   Section        0  usenofp.o(x$fpl$usenofp)
    .ARM.__at_0x02FC                         0x000002fc   Section        4  startup_lpc17xx.o(.ARM.__at_0x02FC)
    i.ADC_value                              0x00000300   Section        0  pf_main.o(i.ADC_value)
    ADC_value                                0x00000301   Thumb Code    68  pf_main.o(i.ADC_value)
    i.Buffer_DrawLineH                       0x0000034c   Section        0  buffer.o(i.Buffer_DrawLineH)
    i.Buffer_DrawRect                        0x00000370   Section        0  buffer.o(i.Buffer_DrawRect)
    i.Buffer_SetPixel                        0x000003a0   Section        0  buffer.o(i.Buffer_SetPixel)
    i.Clear_Channel_active_flag              0x0000040c   Section        0  gpdma_lpc17xx.o(i.Clear_Channel_active_flag)
    Clear_Channel_active_flag                0x0000040d   Thumb Code    28  gpdma_lpc17xx.o(i.Clear_Channel_active_flag)
    i.DMA_IRQHandler                         0x0000042c   Section        0  gpdma_lpc17xx.o(i.DMA_IRQHandler)
    i.GPDMA_ChannelConfigure                 0x000005ac   Section        0  gpdma_lpc17xx.o(i.GPDMA_ChannelConfigure)
    i.GPDMA_ChannelDisable                   0x000006a0   Section        0  gpdma_lpc17xx.o(i.GPDMA_ChannelDisable)
    i.GPDMA_ChannelGetCount                  0x000006d0   Section        0  gpdma_lpc17xx.o(i.GPDMA_ChannelGetCount)
    i.GPDMA_Initialize                       0x00000700   Section        0  gpdma_lpc17xx.o(i.GPDMA_Initialize)
    i.GPDMA_PeripheralSelect                 0x000007a8   Section        0  gpdma_lpc17xx.o(i.GPDMA_PeripheralSelect)
    i.GPDMA_Uninitialize                     0x000007ec   Section        0  gpdma_lpc17xx.o(i.GPDMA_Uninitialize)
    i.GPIO_PinRead                           0x0000086c   Section        0  gpio_lpc17xx.o(i.GPIO_PinRead)
    i.GPIO_PinWrite                          0x0000088c   Section        0  gpio_lpc17xx.o(i.GPIO_PinWrite)
    i.GPIO_PortClock                         0x000008b4   Section        0  gpio_lpc17xx.o(i.GPIO_PortClock)
    i.GPIO_SetDir                            0x000008e0   Section        0  gpio_lpc17xx.o(i.GPIO_SetDir)
    i.GetI2CClockFreq                        0x00000918   Section        0  i2c_lpc17xx.o(i.GetI2CClockFreq)
    GetI2CClockFreq                          0x00000919   Thumb Code    60  i2c_lpc17xx.o(i.GetI2CClockFreq)
    i.GetSSPClockFreq                        0x00000958   Section        0  ssp_lpc17xx.o(i.GetSSPClockFreq)
    GetSSPClockFreq                          0x00000959   Thumb Code    64  ssp_lpc17xx.o(i.GetSSPClockFreq)
    i.I2C2_Control                           0x0000099c   Section        0  i2c_lpc17xx.o(i.I2C2_Control)
    I2C2_Control                             0x0000099d   Thumb Code    18  i2c_lpc17xx.o(i.I2C2_Control)
    i.I2C2_GetDataCount                      0x000009b4   Section        0  i2c_lpc17xx.o(i.I2C2_GetDataCount)
    I2C2_GetDataCount                        0x000009b5   Thumb Code    10  i2c_lpc17xx.o(i.I2C2_GetDataCount)
    i.I2C2_GetStatus                         0x000009c4   Section        0  i2c_lpc17xx.o(i.I2C2_GetStatus)
    I2C2_GetStatus                           0x000009c5   Thumb Code    12  i2c_lpc17xx.o(i.I2C2_GetStatus)
    i.I2C2_IRQHandler                        0x000009d4   Section        0  i2c_lpc17xx.o(i.I2C2_IRQHandler)
    i.I2C2_Initialize                        0x000009e4   Section        0  i2c_lpc17xx.o(i.I2C2_Initialize)
    I2C2_Initialize                          0x000009e5   Thumb Code    14  i2c_lpc17xx.o(i.I2C2_Initialize)
    i.I2C2_MasterReceive                     0x000009f8   Section        0  i2c_lpc17xx.o(i.I2C2_MasterReceive)
    I2C2_MasterReceive                       0x000009f9   Thumb Code    28  i2c_lpc17xx.o(i.I2C2_MasterReceive)
    i.I2C2_MasterTransmit                    0x00000a18   Section        0  i2c_lpc17xx.o(i.I2C2_MasterTransmit)
    I2C2_MasterTransmit                      0x00000a19   Thumb Code    28  i2c_lpc17xx.o(i.I2C2_MasterTransmit)
    i.I2C2_PowerControl                      0x00000a38   Section        0  i2c_lpc17xx.o(i.I2C2_PowerControl)
    I2C2_PowerControl                        0x00000a39   Thumb Code    14  i2c_lpc17xx.o(i.I2C2_PowerControl)
    i.I2C2_SlaveReceive                      0x00000a4c   Section        0  i2c_lpc17xx.o(i.I2C2_SlaveReceive)
    I2C2_SlaveReceive                        0x00000a4d   Thumb Code    18  i2c_lpc17xx.o(i.I2C2_SlaveReceive)
    i.I2C2_SlaveTransmit                     0x00000a64   Section        0  i2c_lpc17xx.o(i.I2C2_SlaveTransmit)
    I2C2_SlaveTransmit                       0x00000a65   Thumb Code    18  i2c_lpc17xx.o(i.I2C2_SlaveTransmit)
    i.I2C2_Uninitialize                      0x00000a7c   Section        0  i2c_lpc17xx.o(i.I2C2_Uninitialize)
    I2C2_Uninitialize                        0x00000a7d   Thumb Code    10  i2c_lpc17xx.o(i.I2C2_Uninitialize)
    i.I2CACCEL_Configure                     0x00000a8c   Section        0  i2c_accel.o(i.I2CACCEL_Configure)
    i.I2CACCEL_GetRegister                   0x00000ae6   Section        0  i2c_accel.o(i.I2CACCEL_GetRegister)
    i.I2CACCEL_GetValue                      0x00000bce   Section        0  i2c_accel.o(i.I2CACCEL_GetValue)
    i.I2CACCEL_Init                          0x00000c10   Section        0  i2c_accel.o(i.I2CACCEL_Init)
    i.I2CACCEL_SetRegister                   0x00000c34   Section        0  i2c_accel.o(i.I2CACCEL_SetRegister)
    i.I2C_GetCapabilities                    0x00000cbc   Section        0  i2c_lpc17xx.o(i.I2C_GetCapabilities)
    I2C_GetCapabilities                      0x00000cbd   Thumb Code     6  i2c_lpc17xx.o(i.I2C_GetCapabilities)
    i.I2C_GetVersion                         0x00000cc8   Section        0  i2c_lpc17xx.o(i.I2C_GetVersion)
    I2C_GetVersion                           0x00000cc9   Thumb Code    10  i2c_lpc17xx.o(i.I2C_GetVersion)
    i.I2Cx_Control                           0x00000cd8   Section        0  i2c_lpc17xx.o(i.I2Cx_Control)
    I2Cx_Control                             0x00000cd9   Thumb Code   378  i2c_lpc17xx.o(i.I2Cx_Control)
    i.I2Cx_GetStatus                         0x00000e64   Section        0  i2c_lpc17xx.o(i.I2Cx_GetStatus)
    I2Cx_GetStatus                           0x00000e65   Thumb Code     8  i2c_lpc17xx.o(i.I2Cx_GetStatus)
    i.I2Cx_IRQHandler                        0x00000e6c   Section        0  i2c_lpc17xx.o(i.I2Cx_IRQHandler)
    I2Cx_IRQHandler                          0x00000e6d   Thumb Code    48  i2c_lpc17xx.o(i.I2Cx_IRQHandler)
    i.I2Cx_Initialize                        0x00000e9c   Section        0  i2c_lpc17xx.o(i.I2Cx_Initialize)
    I2Cx_Initialize                          0x00000e9d   Thumb Code    78  i2c_lpc17xx.o(i.I2Cx_Initialize)
    i.I2Cx_MasterHandler                     0x00000eea   Section        0  i2c_lpc17xx.o(i.I2Cx_MasterHandler)
    I2Cx_MasterHandler                       0x00000eeb   Thumb Code   462  i2c_lpc17xx.o(i.I2Cx_MasterHandler)
    i.I2Cx_MasterReceive                     0x000010b8   Section        0  i2c_lpc17xx.o(i.I2Cx_MasterReceive)
    I2Cx_MasterReceive                       0x000010b9   Thumb Code   206  i2c_lpc17xx.o(i.I2Cx_MasterReceive)
    i.I2Cx_MasterTransmit                    0x00001186   Section        0  i2c_lpc17xx.o(i.I2Cx_MasterTransmit)
    I2Cx_MasterTransmit                      0x00001187   Thumb Code   204  i2c_lpc17xx.o(i.I2Cx_MasterTransmit)
    i.I2Cx_PowerControl                      0x00001252   Section        0  i2c_lpc17xx.o(i.I2Cx_PowerControl)
    I2Cx_PowerControl                        0x00001253   Thumb Code   320  i2c_lpc17xx.o(i.I2Cx_PowerControl)
    i.I2Cx_SlaveHandler                      0x00001392   Section        0  i2c_lpc17xx.o(i.I2Cx_SlaveHandler)
    I2Cx_SlaveHandler                        0x00001393   Thumb Code   468  i2c_lpc17xx.o(i.I2Cx_SlaveHandler)
    i.I2Cx_SlaveReceive                      0x00001566   Section        0  i2c_lpc17xx.o(i.I2Cx_SlaveReceive)
    I2Cx_SlaveReceive                        0x00001567   Thumb Code   116  i2c_lpc17xx.o(i.I2Cx_SlaveReceive)
    i.I2Cx_SlaveTransmit                     0x000015da   Section        0  i2c_lpc17xx.o(i.I2Cx_SlaveTransmit)
    I2Cx_SlaveTransmit                       0x000015db   Thumb Code   116  i2c_lpc17xx.o(i.I2Cx_SlaveTransmit)
    i.I2Cx_Uninitialize                      0x0000164e   Section        0  i2c_lpc17xx.o(i.I2Cx_Uninitialize)
    I2Cx_Uninitialize                        0x0000164f   Thumb Code    48  i2c_lpc17xx.o(i.I2Cx_Uninitialize)
    i.PIN_Configure                          0x00001680   Section        0  pin_lpc17xx.o(i.PIN_Configure)
    i.PIN_ConfigureI2C0Pins                  0x0000177c   Section        0  pin_lpc17xx.o(i.PIN_ConfigureI2C0Pins)
    i.SPILCD_Configure                       0x0000179c   Section        0  spi_lcd.o(i.SPILCD_Configure)
    i.SPILCD_Init                            0x000017fc   Section        0  spi_lcd.o(i.SPILCD_Init)
    i.SPILCD_Reset                           0x0000186c   Section        0  spi_lcd.o(i.SPILCD_Reset)
    i.SPILCD_SendCommand                     0x000018b8   Section        0  spi_lcd.o(i.SPILCD_SendCommand)
    i.SPILCD_SendData                        0x00001920   Section        0  spi_lcd.o(i.SPILCD_SendData)
    i.SPILCD_Transfer                        0x0000198a   Section        0  spi_lcd.o(i.SPILCD_Transfer)
    i.SSP1_Control                           0x000019c8   Section        0  ssp_lpc17xx.o(i.SSP1_Control)
    SSP1_Control                             0x000019c9   Thumb Code    18  ssp_lpc17xx.o(i.SSP1_Control)
    i.SSP1_GPDMA_Rx_SignalEvent              0x000019e0   Section        0  ssp_lpc17xx.o(i.SSP1_GPDMA_Rx_SignalEvent)
    i.SSP1_GPDMA_Tx_SignalEvent              0x000019f4   Section        0  ssp_lpc17xx.o(i.SSP1_GPDMA_Tx_SignalEvent)
    i.SSP1_GetDataCount                      0x00001a08   Section        0  ssp_lpc17xx.o(i.SSP1_GetDataCount)
    SSP1_GetDataCount                        0x00001a09   Thumb Code    10  ssp_lpc17xx.o(i.SSP1_GetDataCount)
    i.SSP1_GetStatus                         0x00001a18   Section        0  ssp_lpc17xx.o(i.SSP1_GetStatus)
    SSP1_GetStatus                           0x00001a19   Thumb Code    12  ssp_lpc17xx.o(i.SSP1_GetStatus)
    i.SSP1_IRQHandler                        0x00001a28   Section        0  ssp_lpc17xx.o(i.SSP1_IRQHandler)
    i.SSP1_Initialize                        0x00001a38   Section        0  ssp_lpc17xx.o(i.SSP1_Initialize)
    SSP1_Initialize                          0x00001a39   Thumb Code    14  ssp_lpc17xx.o(i.SSP1_Initialize)
    i.SSP1_PowerControl                      0x00001a4c   Section        0  ssp_lpc17xx.o(i.SSP1_PowerControl)
    SSP1_PowerControl                        0x00001a4d   Thumb Code    14  ssp_lpc17xx.o(i.SSP1_PowerControl)
    i.SSP1_Receive                           0x00001a60   Section        0  ssp_lpc17xx.o(i.SSP1_Receive)
    SSP1_Receive                             0x00001a61   Thumb Code    18  ssp_lpc17xx.o(i.SSP1_Receive)
    i.SSP1_Send                              0x00001a78   Section        0  ssp_lpc17xx.o(i.SSP1_Send)
    SSP1_Send                                0x00001a79   Thumb Code    18  ssp_lpc17xx.o(i.SSP1_Send)
    i.SSP1_Transfer                          0x00001a90   Section        0  ssp_lpc17xx.o(i.SSP1_Transfer)
    SSP1_Transfer                            0x00001a91   Thumb Code    22  ssp_lpc17xx.o(i.SSP1_Transfer)
    i.SSP1_Uninitialize                      0x00001aac   Section        0  ssp_lpc17xx.o(i.SSP1_Uninitialize)
    SSP1_Uninitialize                        0x00001aad   Thumb Code    10  ssp_lpc17xx.o(i.SSP1_Uninitialize)
    i.SSP_GetCapabilities                    0x00001abc   Section        0  ssp_lpc17xx.o(i.SSP_GetCapabilities)
    SSP_GetCapabilities                      0x00001abd   Thumb Code     6  ssp_lpc17xx.o(i.SSP_GetCapabilities)
    i.SSP_GetVersion                         0x00001ac8   Section        0  ssp_lpc17xx.o(i.SSP_GetVersion)
    SSP_GetVersion                           0x00001ac9   Thumb Code    10  ssp_lpc17xx.o(i.SSP_GetVersion)
    i.SSPx_Control                           0x00001ad8   Section        0  ssp_lpc17xx.o(i.SSPx_Control)
    SSPx_Control                             0x00001ad9   Thumb Code  1310  ssp_lpc17xx.o(i.SSPx_Control)
    i.SSPx_GPDMA_Rx_SignalEvent              0x00001ff6   Section        0  ssp_lpc17xx.o(i.SSPx_GPDMA_Rx_SignalEvent)
    i.SSPx_GPDMA_Tx_SignalEvent              0x0000202c   Section        0  ssp_lpc17xx.o(i.SSPx_GPDMA_Tx_SignalEvent)
    i.SSPx_GetDataCount                      0x00002048   Section        0  ssp_lpc17xx.o(i.SSPx_GetDataCount)
    SSPx_GetDataCount                        0x00002049   Thumb Code    44  ssp_lpc17xx.o(i.SSPx_GetDataCount)
    i.SSPx_GetStatus                         0x00002074   Section        0  ssp_lpc17xx.o(i.SSPx_GetStatus)
    SSPx_GetStatus                           0x00002075   Thumb Code    90  ssp_lpc17xx.o(i.SSPx_GetStatus)
    i.SSPx_IRQHandler                        0x000020ce   Section        0  ssp_lpc17xx.o(i.SSPx_IRQHandler)
    SSPx_IRQHandler                          0x000020cf   Thumb Code   260  ssp_lpc17xx.o(i.SSPx_IRQHandler)
    i.SSPx_Initialize                        0x000021d2   Section        0  ssp_lpc17xx.o(i.SSPx_Initialize)
    SSPx_Initialize                          0x000021d3   Thumb Code   168  ssp_lpc17xx.o(i.SSPx_Initialize)
    i.SSPx_PowerControl                      0x0000227c   Section        0  ssp_lpc17xx.o(i.SSPx_PowerControl)
    SSPx_PowerControl                        0x0000227d   Thumb Code   430  ssp_lpc17xx.o(i.SSPx_PowerControl)
    i.SSPx_Receive                           0x00002430   Section        0  ssp_lpc17xx.o(i.SSPx_Receive)
    SSPx_Receive                             0x00002431   Thumb Code   344  ssp_lpc17xx.o(i.SSPx_Receive)
    i.SSPx_Send                              0x0000258c   Section        0  ssp_lpc17xx.o(i.SSPx_Send)
    SSPx_Send                                0x0000258d   Thumb Code   336  ssp_lpc17xx.o(i.SSPx_Send)
    i.SSPx_Transfer                          0x000026e0   Section        0  ssp_lpc17xx.o(i.SSPx_Transfer)
    SSPx_Transfer                            0x000026e1   Thumb Code   338  ssp_lpc17xx.o(i.SSPx_Transfer)
    i.SSPx_Uninitialize                      0x00002832   Section        0  ssp_lpc17xx.o(i.SSPx_Uninitialize)
    SSPx_Uninitialize                        0x00002833   Thumb Code   112  ssp_lpc17xx.o(i.SSPx_Uninitialize)
    i.Set_Channel_active_flag                0x000028a4   Section        0  gpdma_lpc17xx.o(i.Set_Channel_active_flag)
    Set_Channel_active_flag                  0x000028a5   Thumb Code    50  gpdma_lpc17xx.o(i.Set_Channel_active_flag)
    i.SystemInit                             0x000028dc   Section        0  system_lpc17xx.o(i.SystemInit)
    i.TIMER0_IRQHandler                      0x00002a1c   Section        0  pf_main.o(i.TIMER0_IRQHandler)
    i.__NVIC_ClearPendingIRQ                 0x00002a68   Section        0  i2c_lpc17xx.o(i.__NVIC_ClearPendingIRQ)
    __NVIC_ClearPendingIRQ                   0x00002a69   Thumb Code    22  i2c_lpc17xx.o(i.__NVIC_ClearPendingIRQ)
    i.__NVIC_ClearPendingIRQ                 0x00002a84   Section        0  ssp_lpc17xx.o(i.__NVIC_ClearPendingIRQ)
    __NVIC_ClearPendingIRQ                   0x00002a85   Thumb Code    22  ssp_lpc17xx.o(i.__NVIC_ClearPendingIRQ)
    i.__NVIC_ClearPendingIRQ                 0x00002aa0   Section        0  gpdma_lpc17xx.o(i.__NVIC_ClearPendingIRQ)
    __NVIC_ClearPendingIRQ                   0x00002aa1   Thumb Code    22  gpdma_lpc17xx.o(i.__NVIC_ClearPendingIRQ)
    i.__NVIC_DisableIRQ                      0x00002abc   Section        0  i2c_lpc17xx.o(i.__NVIC_DisableIRQ)
    __NVIC_DisableIRQ                        0x00002abd   Thumb Code    54  i2c_lpc17xx.o(i.__NVIC_DisableIRQ)
    i.__NVIC_EnableIRQ                       0x00002af8   Section        0  i2c_lpc17xx.o(i.__NVIC_EnableIRQ)
    __NVIC_EnableIRQ                         0x00002af9   Thumb Code    26  i2c_lpc17xx.o(i.__NVIC_EnableIRQ)
    i.adc_configuration                      0x00002b14   Section        0  pf_main.o(i.adc_configuration)
    i.check_damage                           0x00002b60   Section        0  pf_main.o(i.check_damage)
    i.check_enemies                          0x00002b94   Section        0  pf_main.o(i.check_enemies)
    i.delay                                  0x00002c14   Section        0  delay.o(i.delay)
    i.draw_all_enemies                       0x00002ca0   Section        0  buffer.o(i.draw_all_enemies)
    i.draw_enemy_one                         0x00002cd2   Section        0  buffer.o(i.draw_enemy_one)
    i.draw_gameOver                          0x00002de0   Section        0  buffer.o(i.draw_gameOver)
    i.draw_gameWin                           0x00002dfc   Section        0  buffer.o(i.draw_gameWin)
    i.draw_pause_screen                      0x00002e18   Section        0  buffer.o(i.draw_pause_screen)
    i.draw_ship                              0x00002e34   Section        0  buffer.o(i.draw_ship)
    i.initPin_ADC                            0x00002eea   Section        0  pf_pin.o(i.initPin_ADC)
    i.initPin_JOY                            0x00002f02   Section        0  pf_pin.o(i.initPin_JOY)
    i.initPin_LED                            0x00002f24   Section        0  pf_pin.o(i.initPin_LED)
    i.main                                   0x00002f48   Section        0  pf_main.o(i.main)
    i.move_enemies                           0x000034e0   Section        0  pf_main.o(i.move_enemies)
    i.read_peripherals                       0x00003510   Section        0  pf_main.o(i.read_peripherals)
    i.timmer0_configuration                  0x00003600   Section        0  pf_timmer.o(i.timmer0_configuration)
    x$fpl$ffix                               0x0000363c   Section       54  ffix.o(x$fpl$ffix)
    x$fpl$ffltu                              0x00003674   Section       38  fflt_clz.o(x$fpl$ffltu)
    x$fpl$fmul                               0x0000369c   Section      258  fmul.o(x$fpl$fmul)
    x$fpl$fnaninf                            0x0000379e   Section      140  fnaninf.o(x$fpl$fnaninf)
    x$fpl$fretinf                            0x0000382a   Section       10  fretinf.o(x$fpl$fretinf)
    .constdata                               0x00003834   Section     1536  buffer.o(.constdata)
    .constdata                               0x00003e34   Section      100  i2c_lpc17xx.o(.constdata)
    DriverVersion                            0x00003e34   Data           4  i2c_lpc17xx.o(.constdata)
    DriverCapabilities                       0x00003e38   Data           4  i2c_lpc17xx.o(.constdata)
    I2C2_Resources                           0x00003e3c   Data          44  i2c_lpc17xx.o(.constdata)
    .constdata                               0x00003e98   Section      124  ssp_lpc17xx.o(.constdata)
    DriverVersion                            0x00003e98   Data           4  ssp_lpc17xx.o(.constdata)
    DriverCapabilities                       0x00003e9c   Data           4  ssp_lpc17xx.o(.constdata)
    SSP1_Resources                           0x00003ea0   Data          72  ssp_lpc17xx.o(.constdata)
    .data                                    0x10000000   Section      203  pf_main.o(.data)
    time                                     0x10000000   Data           4  pf_main.o(.data)
    pres                                     0x10000004   Data           4  pf_main.o(.data)
    state_joy_up                             0x10000008   Data           4  pf_main.o(.data)
    state_joy_right                          0x1000000c   Data           4  pf_main.o(.data)
    state_joy_left                           0x10000010   Data           4  pf_main.o(.data)
    state_joy_down                           0x10000014   Data           4  pf_main.o(.data)
    state_joy_center                         0x10000018   Data           4  pf_main.o(.data)
    state_joy_up_prev                        0x1000001c   Data           4  pf_main.o(.data)
    state_joy_right_prev                     0x10000020   Data           4  pf_main.o(.data)
    state_joy_left_prev                      0x10000024   Data           4  pf_main.o(.data)
    state_joy_down_prev                      0x10000028   Data           4  pf_main.o(.data)
    state_joy_center_prev                    0x1000002c   Data           4  pf_main.o(.data)
    width_ship                               0x1000003c   Data           4  pf_main.o(.data)
    height_ship                              0x10000040   Data           4  pf_main.o(.data)
    width_bullet                             0x10000048   Data           4  pf_main.o(.data)
    height_bullet                            0x1000004c   Data           4  pf_main.o(.data)
    width_enemies                            0x10000054   Data           4  pf_main.o(.data)
    height_enemies                           0x10000058   Data           4  pf_main.o(.data)
    width_max                                0x10000060   Data           4  pf_main.o(.data)
    height_max                               0x10000064   Data           4  pf_main.o(.data)
    width_min                                0x10000068   Data           4  pf_main.o(.data)
    height_min                               0x1000006c   Data           4  pf_main.o(.data)
    range                                    0x100000a8   Data           4  pf_main.o(.data)
    .data                                    0x100000cc   Section        8  pf_timmer.o(.data)
    time                                     0x100000cc   Data           4  pf_timmer.o(.data)
    pres                                     0x100000d0   Data           4  pf_timmer.o(.data)
    .data                                    0x100000d4   Section        2  i2c_accel.o(.data)
    buffer                                   0x100000d4   Data           2  i2c_accel.o(.data)
    .data                                    0x100000d6   Section        4  i2c_lpc17xx.o(.data)
    .data                                    0x100000dc   Section       12  ssp_lpc17xx.o(.data)
    SSP1_pin_sck                             0x100000dc   Data           2  ssp_lpc17xx.o(.data)
    SSP1_pin_mosi                            0x100000de   Data           2  ssp_lpc17xx.o(.data)
    dummy_data                               0x100000e0   Data           4  ssp_lpc17xx.o(.data)
    dummy_data                               0x100000e4   Data           4  ssp_lpc17xx.o(.data)
    .data                                    0x100000e8   Section        8  gpdma_lpc17xx.o(.data)
    Channel_active                           0x100000e8   Data           4  gpdma_lpc17xx.o(.data)
    Init_cnt                                 0x100000ec   Data           4  gpdma_lpc17xx.o(.data)
    .data                                    0x100000f0   Section        4  system_lpc17xx.o(.data)
    .bss                                     0x100000f4   Section      512  pf_main.o(.bss)
    .bss                                     0x100002f4   Section       36  i2c_lpc17xx.o(.bss)
    I2C2_Ctrl                                0x100002f4   Data          36  i2c_lpc17xx.o(.bss)
    .bss                                     0x10000318   Section       40  ssp_lpc17xx.o(.bss)
    SSP1_Info                                0x10000318   Data          12  ssp_lpc17xx.o(.bss)
    SSP1_Xfer                                0x10000324   Data          28  ssp_lpc17xx.o(.bss)
    .bss                                     0x10000340   Section      160  gpdma_lpc17xx.o(.bss)
    Channel_info                             0x10000340   Data         160  gpdma_lpc17xx.o(.bss)
    .bss                                     0x100003e0   Section      228  rand.o(.bss)
    .bss                                     0x100004c4   Section       96  libspace.o(.bss)
    HEAP                                     0x10000528   Section        0  startup_lpc17xx.o(HEAP)
    STACK                                    0x10000528   Section      512  startup_lpc17xx.o(STACK)
    Heap_Mem                                 0x10000528   Data           0  startup_lpc17xx.o(HEAP)
    Stack_Mem                                0x10000528   Data         512  startup_lpc17xx.o(STACK)
    __initial_sp                             0x10000728   Data           0  startup_lpc17xx.o(STACK)

    Global Symbols

    Symbol Name                              Value     Ov Type        Size  Object(Section)

    BuildAttributes$$THM_ISAv4$P$D$K$B$S$PE$A:L22UL41UL21$X:L11$S22US41US21$IEEE1$IW$USESV6$~STKCKD$USESV7$~SHL$OSPACE$ROPI$EBA8$UX$STANDARDLIB$REQ8$PRES8$EABIv2 0x00000000   Number         0  anon$$obj.o ABSOLUTE
    __ARM_use_no_argv                        0x00000000   Number         0  pf_main.o ABSOLUTE
    __Vectors                                0x00000000   Data           4  startup_lpc17xx.o(RESET)
    __ARM_exceptions_init                     - Undefined Weak Reference
    __alloca_initialize                       - Undefined Weak Reference
    __arm_preinit_                            - Undefined Weak Reference
    __cpp_initialize__aeabi_                  - Undefined Weak Reference
    __cxa_finalize                            - Undefined Weak Reference
    __rt_locale                               - Undefined Weak Reference
    __sigvec_lookup                           - Undefined Weak Reference
    _atexit_init                              - Undefined Weak Reference
    _call_atexit_fns                          - Undefined Weak Reference
    _clock_init                               - Undefined Weak Reference
    _fp_trap_init                             - Undefined Weak Reference
    _fp_trap_shutdown                         - Undefined Weak Reference
    _get_lc_collate                           - Undefined Weak Reference
    _get_lc_ctype                             - Undefined Weak Reference
    _get_lc_monetary                          - Undefined Weak Reference
    _get_lc_numeric                           - Undefined Weak Reference
    _get_lc_time                              - Undefined Weak Reference
    _getenv_init                              - Undefined Weak Reference
    _handle_redirection                       - Undefined Weak Reference
    _init_alloc                               - Undefined Weak Reference
    _init_user_alloc                          - Undefined Weak Reference
    _initio                                   - Undefined Weak Reference
    _signal_finish                            - Undefined Weak Reference
    _signal_init                              - Undefined Weak Reference
    _terminate_alloc                          - Undefined Weak Reference
    _terminate_user_alloc                     - Undefined Weak Reference
    _terminateio                              - Undefined Weak Reference
    __main                                   0x000000cd   Thumb Code     8  __main.o(!!!main)
    __scatterload                            0x000000d5   Thumb Code     0  __scatter.o(!!!scatter)
    __scatterload_rt2                        0x000000d5   Thumb Code    44  __scatter.o(!!!scatter)
    __scatterload_rt2_thumb_only             0x000000d5   Thumb Code     0  __scatter.o(!!!scatter)
    __scatterload_null                       0x000000e3   Thumb Code     0  __scatter.o(!!!scatter)
    __scatterload_copy                       0x00000109   Thumb Code    26  __scatter_copy.o(!!handler_copy)
    __scatterload_zeroinit                   0x00000125   Thumb Code    28  __scatter_zi.o(!!handler_zi)
    __rt_lib_init                            0x00000141   Thumb Code     0  libinit.o(.ARM.Collect$$libinit$$00000000)
    __rt_lib_init_fp_1                       0x00000143   Thumb Code     0  libinit2.o(.ARM.Collect$$libinit$$00000002)
    __rt_lib_init_heap_1                     0x00000143   Thumb Code     0  libinit2.o(.ARM.Collect$$libinit$$0000000A)
    __rt_lib_init_preinit_1                  0x00000143   Thumb Code     0  libinit2.o(.ARM.Collect$$libinit$$00000004)
    __rt_lib_init_rand_2                     0x00000143   Thumb Code     0  libinit2.o(.ARM.Collect$$libinit$$0000000D)
    __rt_lib_init_user_alloc_1               0x00000143   Thumb Code     0  libinit2.o(.ARM.Collect$$libinit$$0000000C)
    __rt_lib_init_alloca_1                   0x00000147   Thumb Code     0  libinit2.o(.ARM.Collect$$libinit$$0000002E)
    __rt_lib_init_argv_1                     0x00000147   Thumb Code     0  libinit2.o(.ARM.Collect$$libinit$$0000002C)
    __rt_lib_init_atexit_1                   0x00000147   Thumb Code     0  libinit2.o(.ARM.Collect$$libinit$$0000001B)
    __rt_lib_init_clock_1                    0x00000147   Thumb Code     0  libinit2.o(.ARM.Collect$$libinit$$00000021)
    __rt_lib_init_cpp_1                      0x00000147   Thumb Code     0  libinit2.o(.ARM.Collect$$libinit$$00000032)
    __rt_lib_init_exceptions_1               0x00000147   Thumb Code     0  libinit2.o(.ARM.Collect$$libinit$$00000030)
    __rt_lib_init_fp_trap_1                  0x00000147   Thumb Code     0  libinit2.o(.ARM.Collect$$libinit$$0000001F)
    __rt_lib_init_getenv_1                   0x00000147   Thumb Code     0  libinit2.o(.ARM.Collect$$libinit$$00000023)
    __rt_lib_init_lc_collate_1               0x00000147   Thumb Code     0  libinit2.o(.ARM.Collect$$libinit$$00000011)
    __rt_lib_init_lc_ctype_1                 0x00000147   Thumb Code     0  libinit2.o(.ARM.Collect$$libinit$$00000013)
    __rt_lib_init_lc_monetary_1              0x00000147   Thumb Code     0  libinit2.o(.ARM.Collect$$libinit$$00000015)
    __rt_lib_init_lc_numeric_1               0x00000147   Thumb Code     0  libinit2.o(.ARM.Collect$$libinit$$00000017)
    __rt_lib_init_lc_time_1                  0x00000147   Thumb Code     0  libinit2.o(.ARM.Collect$$libinit$$00000019)
    __rt_lib_init_rand_1                     0x00000147   Thumb Code     0  libinit2.o(.ARM.Collect$$libinit$$0000000E)
    __rt_lib_init_return                     0x00000147   Thumb Code     0  libinit2.o(.ARM.Collect$$libinit$$00000033)
    __rt_lib_init_signal_1                   0x00000147   Thumb Code     0  libinit2.o(.ARM.Collect$$libinit$$0000001D)
    __rt_lib_init_stdio_1                    0x00000147   Thumb Code     0  libinit2.o(.ARM.Collect$$libinit$$00000025)
    __rt_lib_shutdown                        0x00000149   Thumb Code     0  libshutdown.o(.ARM.Collect$$libshutdown$$00000000)
    __rt_lib_shutdown_cpp_1                  0x0000014b   Thumb Code     0  libshutdown2.o(.ARM.Collect$$libshutdown$$00000002)
    __rt_lib_shutdown_fp_trap_1              0x0000014b   Thumb Code     0  libshutdown2.o(.ARM.Collect$$libshutdown$$00000007)
    __rt_lib_shutdown_heap_1                 0x0000014b   Thumb Code     0  libshutdown2.o(.ARM.Collect$$libshutdown$$0000000F)
    __rt_lib_shutdown_return                 0x0000014b   Thumb Code     0  libshutdown2.o(.ARM.Collect$$libshutdown$$00000010)
    __rt_lib_shutdown_signal_1               0x0000014b   Thumb Code     0  libshutdown2.o(.ARM.Collect$$libshutdown$$0000000A)
    __rt_lib_shutdown_stdio_1                0x0000014b   Thumb Code     0  libshutdown2.o(.ARM.Collect$$libshutdown$$00000004)
    __rt_lib_shutdown_user_alloc_1           0x0000014b   Thumb Code     0  libshutdown2.o(.ARM.Collect$$libshutdown$$0000000C)
    __rt_entry                               0x0000014d   Thumb Code     0  __rtentry.o(.ARM.Collect$$rtentry$$00000000)
    __rt_entry_presh_1                       0x0000014d   Thumb Code     0  __rtentry2.o(.ARM.Collect$$rtentry$$00000002)
    __rt_entry_sh                            0x0000014d   Thumb Code     0  __rtentry4.o(.ARM.Collect$$rtentry$$00000004)
    __rt_entry_li                            0x00000153   Thumb Code     0  __rtentry2.o(.ARM.Collect$$rtentry$$0000000A)
    __rt_entry_postsh_1                      0x00000153   Thumb Code     0  __rtentry2.o(.ARM.Collect$$rtentry$$00000009)
    __rt_entry_main                          0x00000157   Thumb Code     0  __rtentry2.o(.ARM.Collect$$rtentry$$0000000D)
    __rt_entry_postli_1                      0x00000157   Thumb Code     0  __rtentry2.o(.ARM.Collect$$rtentry$$0000000C)
    __rt_exit                                0x0000015f   Thumb Code     0  rtexit.o(.ARM.Collect$$rtexit$$00000000)
    __rt_exit_ls                             0x00000161   Thumb Code     0  rtexit2.o(.ARM.Collect$$rtexit$$00000003)
    __rt_exit_prels_1                        0x00000161   Thumb Code     0  rtexit2.o(.ARM.Collect$$rtexit$$00000002)
    __rt_exit_exit                           0x00000165   Thumb Code     0  rtexit2.o(.ARM.Collect$$rtexit$$00000004)
    rand                                     0x0000016d   Thumb Code    48  rand.o(.emb_text)
    Reset_Handler                            0x000001a1   Thumb Code     8  startup_lpc17xx.o(.text)
    NMI_Handler                              0x000001a9   Thumb Code     2  startup_lpc17xx.o(.text)
    HardFault_Handler                        0x000001ab   Thumb Code     2  startup_lpc17xx.o(.text)
    MemManage_Handler                        0x000001ad   Thumb Code     2  startup_lpc17xx.o(.text)
    BusFault_Handler                         0x000001af   Thumb Code     2  startup_lpc17xx.o(.text)
    UsageFault_Handler                       0x000001b1   Thumb Code     2  startup_lpc17xx.o(.text)
    SVC_Handler                              0x000001b3   Thumb Code     2  startup_lpc17xx.o(.text)
    DebugMon_Handler                         0x000001b5   Thumb Code     2  startup_lpc17xx.o(.text)
    PendSV_Handler                           0x000001b7   Thumb Code     2  startup_lpc17xx.o(.text)
    SysTick_Handler                          0x000001b9   Thumb Code     2  startup_lpc17xx.o(.text)
    ADC_IRQHandler                           0x000001bb   Thumb Code     0  startup_lpc17xx.o(.text)
    BOD_IRQHandler                           0x000001bb   Thumb Code     0  startup_lpc17xx.o(.text)
    CANActivity_IRQHandler                   0x000001bb   Thumb Code     0  startup_lpc17xx.o(.text)
    CAN_IRQHandler                           0x000001bb   Thumb Code     0  startup_lpc17xx.o(.text)
    EINT0_IRQHandler                         0x000001bb   Thumb Code     0  startup_lpc17xx.o(.text)
    EINT1_IRQHandler                         0x000001bb   Thumb Code     0  startup_lpc17xx.o(.text)
    EINT2_IRQHandler                         0x000001bb   Thumb Code     0  startup_lpc17xx.o(.text)
    EINT3_IRQHandler                         0x000001bb   Thumb Code     0  startup_lpc17xx.o(.text)
    ENET_IRQHandler                          0x000001bb   Thumb Code     0  startup_lpc17xx.o(.text)
    I2C0_IRQHandler                          0x000001bb   Thumb Code     0  startup_lpc17xx.o(.text)
    I2C1_IRQHandler                          0x000001bb   Thumb Code     0  startup_lpc17xx.o(.text)
    I2S_IRQHandler                           0x000001bb   Thumb Code     0  startup_lpc17xx.o(.text)
    MCPWM_IRQHandler                         0x000001bb   Thumb Code     0  startup_lpc17xx.o(.text)
    PLL0_IRQHandler                          0x000001bb   Thumb Code     0  startup_lpc17xx.o(.text)
    PLL1_IRQHandler                          0x000001bb   Thumb Code     0  startup_lpc17xx.o(.text)
    PWM1_IRQHandler                          0x000001bb   Thumb Code     0  startup_lpc17xx.o(.text)
    QEI_IRQHandler                           0x000001bb   Thumb Code     0  startup_lpc17xx.o(.text)
    RIT_IRQHandler                           0x000001bb   Thumb Code     0  startup_lpc17xx.o(.text)
    RTC_IRQHandler                           0x000001bb   Thumb Code     0  startup_lpc17xx.o(.text)
    SPI_IRQHandler                           0x000001bb   Thumb Code     0  startup_lpc17xx.o(.text)
    SSP0_IRQHandler                          0x000001bb   Thumb Code     0  startup_lpc17xx.o(.text)
    TIMER1_IRQHandler                        0x000001bb   Thumb Code     0  startup_lpc17xx.o(.text)
    TIMER2_IRQHandler                        0x000001bb   Thumb Code     0  startup_lpc17xx.o(.text)
    TIMER3_IRQHandler                        0x000001bb   Thumb Code     0  startup_lpc17xx.o(.text)
    UART0_IRQHandler                         0x000001bb   Thumb Code     0  startup_lpc17xx.o(.text)
    UART1_IRQHandler                         0x000001bb   Thumb Code     0  startup_lpc17xx.o(.text)
    UART2_IRQHandler                         0x000001bb   Thumb Code     0  startup_lpc17xx.o(.text)
    UART3_IRQHandler                         0x000001bb   Thumb Code     0  startup_lpc17xx.o(.text)
    USBActivity_IRQHandler                   0x000001bb   Thumb Code     0  startup_lpc17xx.o(.text)
    USB_IRQHandler                           0x000001bb   Thumb Code     0  startup_lpc17xx.o(.text)
    WDT_IRQHandler                           0x000001bb   Thumb Code     0  startup_lpc17xx.o(.text)
    __user_initial_stackheap                 0x000001bd   Thumb Code     0  startup_lpc17xx.o(.text)
    srand                                    0x000001dd   Thumb Code    42  rand.o(.text)
    _rand_init                               0x00000207   Thumb Code     4  rand.o(.text)
    __aeabi_memclr4                          0x00000219   Thumb Code     0  rt_memclr_w.o(.text)
    __aeabi_memclr8                          0x00000219   Thumb Code     0  rt_memclr_w.o(.text)
    __rt_memclr_w                            0x00000219   Thumb Code    78  rt_memclr_w.o(.text)
    _memset_w                                0x0000021d   Thumb Code     0  rt_memclr_w.o(.text)
    __use_two_region_memory                  0x00000267   Thumb Code     2  heapauxi.o(.text)
    __rt_heap_escrow$2region                 0x00000269   Thumb Code     2  heapauxi.o(.text)
    __rt_heap_expand$2region                 0x0000026b   Thumb Code     2  heapauxi.o(.text)
    __user_setup_stackheap                   0x0000026d   Thumb Code    74  sys_stackheap_outer.o(.text)
    exit                                     0x000002b7   Thumb Code    18  exit.o(.text)
    __user_libspace                          0x000002c9   Thumb Code     8  libspace.o(.text)
    __user_perproc_libspace                  0x000002c9   Thumb Code     0  libspace.o(.text)
    __user_perthread_libspace                0x000002c9   Thumb Code     0  libspace.o(.text)
    _sys_exit                                0x000002d1   Thumb Code     8  sys_exit.o(.text)
    __I$use$semihosting                      0x000002dd   Thumb Code     0  use_no_semi.o(.text)
    __use_no_semihosting_swi                 0x000002dd   Thumb Code     2  use_no_semi.o(.text)
    Buffer_Reset                             0x000002df   Thumb Code    20  buffer.o(i.Buffer_Reset)
    __semihosting_library_function           0x000002df   Thumb Code     0  indicate_semi.o(.text)
    __I$use$fp                               0x000002fa   Number         0  usenofp.o(x$fpl$usenofp)
    Buffer_DrawLineH                         0x0000034d   Thumb Code    36  buffer.o(i.Buffer_DrawLineH)
    Buffer_DrawRect                          0x00000371   Thumb Code    48  buffer.o(i.Buffer_DrawRect)
    Buffer_SetPixel                          0x000003a1   Thumb Code   108  buffer.o(i.Buffer_SetPixel)
    DMA_IRQHandler                           0x0000042d   Thumb Code   372  gpdma_lpc17xx.o(i.DMA_IRQHandler)
    GPDMA_ChannelConfigure                   0x000005ad   Thumb Code   232  gpdma_lpc17xx.o(i.GPDMA_ChannelConfigure)
    GPDMA_ChannelDisable                     0x000006a1   Thumb Code    44  gpdma_lpc17xx.o(i.GPDMA_ChannelDisable)
    GPDMA_ChannelGetCount                    0x000006d1   Thumb Code    38  gpdma_lpc17xx.o(i.GPDMA_ChannelGetCount)
    GPDMA_Initialize                         0x00000701   Thumb Code   146  gpdma_lpc17xx.o(i.GPDMA_Initialize)
    GPDMA_PeripheralSelect                   0x000007a9   Thumb Code    62  gpdma_lpc17xx.o(i.GPDMA_PeripheralSelect)
    GPDMA_Uninitialize                       0x000007ed   Thumb Code   116  gpdma_lpc17xx.o(i.GPDMA_Uninitialize)
    GPIO_PinRead                             0x0000086d   Thumb Code    28  gpio_lpc17xx.o(i.GPIO_PinRead)
    GPIO_PinWrite                            0x0000088d   Thumb Code    36  gpio_lpc17xx.o(i.GPIO_PinWrite)
    GPIO_PortClock                           0x000008b5   Thumb Code    38  gpio_lpc17xx.o(i.GPIO_PortClock)
    GPIO_SetDir                              0x000008e1   Thumb Code    52  gpio_lpc17xx.o(i.GPIO_SetDir)
    I2C2_IRQHandler                          0x000009d5   Thumb Code    10  i2c_lpc17xx.o(i.I2C2_IRQHandler)
    I2CACCEL_Configure                       0x00000a8d   Thumb Code    90  i2c_accel.o(i.I2CACCEL_Configure)
    I2CACCEL_GetRegister                     0x00000ae7   Thumb Code   232  i2c_accel.o(i.I2CACCEL_GetRegister)
    I2CACCEL_GetValue                        0x00000bcf   Thumb Code    66  i2c_accel.o(i.I2CACCEL_GetValue)
    I2CACCEL_Init                            0x00000c11   Thumb Code    34  i2c_accel.o(i.I2CACCEL_Init)
    I2CACCEL_SetRegister                     0x00000c35   Thumb Code   132  i2c_accel.o(i.I2CACCEL_SetRegister)
    PIN_Configure                            0x00001681   Thumb Code   246  pin_lpc17xx.o(i.PIN_Configure)
    PIN_ConfigureI2C0Pins                    0x0000177d   Thumb Code    28  pin_lpc17xx.o(i.PIN_ConfigureI2C0Pins)
    SPILCD_Configure                         0x0000179d   Thumb Code    94  spi_lcd.o(i.SPILCD_Configure)
    SPILCD_Init                              0x000017fd   Thumb Code   106  spi_lcd.o(i.SPILCD_Init)
    SPILCD_Reset                             0x0000186d   Thumb Code    68  spi_lcd.o(i.SPILCD_Reset)
    SPILCD_SendCommand                       0x000018b9   Thumb Code   104  spi_lcd.o(i.SPILCD_SendCommand)
    SPILCD_SendData                          0x00001921   Thumb Code   106  spi_lcd.o(i.SPILCD_SendData)
    SPILCD_Transfer                          0x0000198b   Thumb Code    60  spi_lcd.o(i.SPILCD_Transfer)
    SSP1_GPDMA_Rx_SignalEvent                0x000019e1   Thumb Code    14  ssp_lpc17xx.o(i.SSP1_GPDMA_Rx_SignalEvent)
    SSP1_GPDMA_Tx_SignalEvent                0x000019f5   Thumb Code    14  ssp_lpc17xx.o(i.SSP1_GPDMA_Tx_SignalEvent)
    SSP1_IRQHandler                          0x00001a29   Thumb Code    10  ssp_lpc17xx.o(i.SSP1_IRQHandler)
    SSPx_GPDMA_Rx_SignalEvent                0x00001ff7   Thumb Code    54  ssp_lpc17xx.o(i.SSPx_GPDMA_Rx_SignalEvent)
    SSPx_GPDMA_Tx_SignalEvent                0x0000202d   Thumb Code    28  ssp_lpc17xx.o(i.SSPx_GPDMA_Tx_SignalEvent)
    SystemInit                               0x000028dd   Thumb Code   302  system_lpc17xx.o(i.SystemInit)
    TIMER0_IRQHandler                        0x00002a1d   Thumb Code    62  pf_main.o(i.TIMER0_IRQHandler)
    adc_configuration                        0x00002b15   Thumb Code    68  pf_main.o(i.adc_configuration)
    check_damage                             0x00002b61   Thumb Code    40  pf_main.o(i.check_damage)
    check_enemies                            0x00002b95   Thumb Code   112  pf_main.o(i.check_enemies)
    delay                                    0x00002c15   Thumb Code   126  delay.o(i.delay)
    draw_all_enemies                         0x00002ca1   Thumb Code    50  buffer.o(i.draw_all_enemies)
    draw_enemy_one                           0x00002cd3   Thumb Code   270  buffer.o(i.draw_enemy_one)
    draw_gameOver                            0x00002de1   Thumb Code    22  buffer.o(i.draw_gameOver)
    draw_gameWin                             0x00002dfd   Thumb Code    22  buffer.o(i.draw_gameWin)
    draw_pause_screen                        0x00002e19   Thumb Code    22  buffer.o(i.draw_pause_screen)
    draw_ship                                0x00002e35   Thumb Code   182  buffer.o(i.draw_ship)
    initPin_ADC                              0x00002eeb   Thumb Code    24  pf_pin.o(i.initPin_ADC)
    initPin_JOY                              0x00002f03   Thumb Code    34  pf_pin.o(i.initPin_JOY)
    initPin_LED                              0x00002f25   Thumb Code    34  pf_pin.o(i.initPin_LED)
    main                                     0x00002f49   Thumb Code  1372  pf_main.o(i.main)
    move_enemies                             0x000034e1   Thumb Code    48  pf_main.o(i.move_enemies)
    read_peripherals                         0x00003511   Thumb Code   186  pf_main.o(i.read_peripherals)
    timmer0_configuration                    0x00003601   Thumb Code    50  pf_timmer.o(i.timmer0_configuration)
    __aeabi_f2iz                             0x0000363d   Thumb Code     0  ffix.o(x$fpl$ffix)
    _ffix                                    0x0000363d   Thumb Code    54  ffix.o(x$fpl$ffix)
    __aeabi_ui2f                             0x00003675   Thumb Code     0  fflt_clz.o(x$fpl$ffltu)
    _ffltu                                   0x00003675   Thumb Code    38  fflt_clz.o(x$fpl$ffltu)
    __aeabi_fmul                             0x0000369d   Thumb Code     0  fmul.o(x$fpl$fmul)
    _fmul                                    0x0000369d   Thumb Code   258  fmul.o(x$fpl$fmul)
    __fpl_fnaninf                            0x0000379f   Thumb Code   140  fnaninf.o(x$fpl$fnaninf)
    __fpl_fretinf                            0x0000382b   Thumb Code    10  fretinf.o(x$fpl$fretinf)
    gameWin                                  0x00003834   Data         512  buffer.o(.constdata)
    gameOver                                 0x00003a34   Data         512  buffer.o(.constdata)
    spaceInvaders                            0x00003c34   Data         512  buffer.o(.constdata)
    Driver_I2C2                              0x00003e68   Data          48  i2c_lpc17xx.o(.constdata)
    Driver_SPI1                              0x00003ee8   Data          44  ssp_lpc17xx.o(.constdata)
    Region$$Table$$Base                      0x00003f14   Number         0  anon$$obj.o(Region$$Table)
    Region$$Table$$Limit                     0x00003f34   Number         0  anon$$obj.o(Region$$Table)
    spiDrv1                                  0x10000030   Data           4  pf_main.o(.data)
    x_ship                                   0x10000034   Data           4  pf_main.o(.data)
    y_ship                                   0x10000038   Data           4  pf_main.o(.data)
    life                                     0x10000044   Data           1  pf_main.o(.data)
    x_enemies                                0x10000050   Data           1  pf_main.o(.data)
    y_enemies                                0x10000051   Data           1  pf_main.o(.data)
    sentido_enemies                          0x1000005c   Data           1  pf_main.o(.data)
    limite_inf                               0x10000070   Data           4  pf_main.o(.data)
    direccion                                0x10000074   Data           1  pf_main.o(.data)
    state_led_off                            0x10000075   Data           1  pf_main.o(.data)
    state_led_on                             0x10000076   Data           1  pf_main.o(.data)
    bullet_enemie                            0x10000077   Data           1  pf_main.o(.data)
    bullet                                   0x10000078   Data           1  pf_main.o(.data)
    pause                                    0x10000079   Data           1  pf_main.o(.data)
    x_bullet                                 0x1000007c   Data           4  pf_main.o(.data)
    i                                        0x10000080   Data           4  pf_main.o(.data)
    j                                        0x10000084   Data           4  pf_main.o(.data)
    x_bullet_enemie                          0x10000088   Data           4  pf_main.o(.data)
    lower                                    0x1000008c   Data           4  pf_main.o(.data)
    upper                                    0x10000090   Data           4  pf_main.o(.data)
    random                                   0x10000094   Data           4  pf_main.o(.data)
    dis_en                                   0x10000098   Data           4  pf_main.o(.data)
    state_game                               0x1000009c   Data           4  pf_main.o(.data)
    win                                      0x100000a0   Data           4  pf_main.o(.data)
    mode                                     0x100000a4   Data           1  pf_main.o(.data)
    updateLCD                                0x100000ac   Data           1  pf_main.o(.data)
    Enemies                                  0x100000ad   Data          30  pf_main.o(.data)
    I2C2_PIN                                 0x100000d6   Data           4  i2c_lpc17xx.o(.data)
    SystemCoreClock                          0x100000f0   Data           4  system_lpc17xx.o(.data)
    buffer                                   0x100000f4   Data         512  pf_main.o(.bss)
    _random_number_data                      0x100003e0   Data         228  rand.o(.bss)
    __libspace_start                         0x100004c4   Data          96  libspace.o(.bss)
    __temporary_stack_top$libspace           0x10000524   Data           0  libspace.o(.bss)



==============================================================================

Memory Map of the image

  Image Entry point : 0x000001a1

  Load Region LR_1 (Base: 0x00000000, Size: 0x00004028, Max: 0xffffffff, ABSOLUTE)

    Execution Region ER_RO (Exec base: 0x00000000, Load base: 0x00000000, Size: 0x00003f34, Max: 0xffffffff, ABSOLUTE)

    Exec Addr    Load Addr    Size         Type   Attr      Idx    E Section Name        Object

    0x00000000   0x00000000   0x000000cc   Data   RO          967    RESET               startup_lpc17xx.o
    0x000000cc   0x000000cc   0x00000008   Code   RO         1024  * !!!main             c_w.l(__main.o)
    0x000000d4   0x000000d4   0x00000034   Code   RO         1208    !!!scatter          c_w.l(__scatter.o)
    0x00000108   0x00000108   0x0000001a   Code   RO         1210    !!handler_copy      c_w.l(__scatter_copy.o)
    0x00000122   0x00000122   0x00000002   PAD
    0x00000124   0x00000124   0x0000001c   Code   RO         1212    !!handler_zi        c_w.l(__scatter_zi.o)
    0x00000140   0x00000140   0x00000002   Code   RO         1131    .ARM.Collect$$libinit$$00000000  c_w.l(libinit.o)
    0x00000142   0x00000142   0x00000000   Code   RO         1044    .ARM.Collect$$libinit$$00000002  c_w.l(libinit2.o)
    0x00000142   0x00000142   0x00000000   Code   RO         1046    .ARM.Collect$$libinit$$00000004  c_w.l(libinit2.o)
    0x00000142   0x00000142   0x00000000   Code   RO         1049    .ARM.Collect$$libinit$$0000000A  c_w.l(libinit2.o)
    0x00000142   0x00000142   0x00000000   Code   RO         1051    .ARM.Collect$$libinit$$0000000C  c_w.l(libinit2.o)
    0x00000142   0x00000142   0x00000004   Code   RO         1052    .ARM.Collect$$libinit$$0000000D  c_w.l(libinit2.o)
    0x00000146   0x00000146   0x00000000   Code   RO         1053    .ARM.Collect$$libinit$$0000000E  c_w.l(libinit2.o)
    0x00000146   0x00000146   0x00000000   Code   RO         1056    .ARM.Collect$$libinit$$00000011  c_w.l(libinit2.o)
    0x00000146   0x00000146   0x00000000   Code   RO         1058    .ARM.Collect$$libinit$$00000013  c_w.l(libinit2.o)
    0x00000146   0x00000146   0x00000000   Code   RO         1060    .ARM.Collect$$libinit$$00000015  c_w.l(libinit2.o)
    0x00000146   0x00000146   0x00000000   Code   RO         1062    .ARM.Collect$$libinit$$00000017  c_w.l(libinit2.o)
    0x00000146   0x00000146   0x00000000   Code   RO         1064    .ARM.Collect$$libinit$$00000019  c_w.l(libinit2.o)
    0x00000146   0x00000146   0x00000000   Code   RO         1066    .ARM.Collect$$libinit$$0000001B  c_w.l(libinit2.o)
    0x00000146   0x00000146   0x00000000   Code   RO         1068    .ARM.Collect$$libinit$$0000001D  c_w.l(libinit2.o)
    0x00000146   0x00000146   0x00000000   Code   RO         1070    .ARM.Collect$$libinit$$0000001F  c_w.l(libinit2.o)
    0x00000146   0x00000146   0x00000000   Code   RO         1072    .ARM.Collect$$libinit$$00000021  c_w.l(libinit2.o)
    0x00000146   0x00000146   0x00000000   Code   RO         1074    .ARM.Collect$$libinit$$00000023  c_w.l(libinit2.o)
    0x00000146   0x00000146   0x00000000   Code   RO         1076    .ARM.Collect$$libinit$$00000025  c_w.l(libinit2.o)
    0x00000146   0x00000146   0x00000000   Code   RO         1080    .ARM.Collect$$libinit$$0000002C  c_w.l(libinit2.o)
    0x00000146   0x00000146   0x00000000   Code   RO         1082    .ARM.Collect$$libinit$$0000002E  c_w.l(libinit2.o)
    0x00000146   0x00000146   0x00000000   Code   RO         1084    .ARM.Collect$$libinit$$00000030  c_w.l(libinit2.o)
    0x00000146   0x00000146   0x00000000   Code   RO         1086    .ARM.Collect$$libinit$$00000032  c_w.l(libinit2.o)
    0x00000146   0x00000146   0x00000002   Code   RO         1087    .ARM.Collect$$libinit$$00000033  c_w.l(libinit2.o)
    0x00000148   0x00000148   0x00000002   Code   RO         1175    .ARM.Collect$$libshutdown$$00000000  c_w.l(libshutdown.o)
    0x0000014a   0x0000014a   0x00000000   Code   RO         1191    .ARM.Collect$$libshutdown$$00000002  c_w.l(libshutdown2.o)
    0x0000014a   0x0000014a   0x00000000   Code   RO         1193    .ARM.Collect$$libshutdown$$00000004  c_w.l(libshutdown2.o)
    0x0000014a   0x0000014a   0x00000000   Code   RO         1196    .ARM.Collect$$libshutdown$$00000007  c_w.l(libshutdown2.o)
    0x0000014a   0x0000014a   0x00000000   Code   RO         1199    .ARM.Collect$$libshutdown$$0000000A  c_w.l(libshutdown2.o)
    0x0000014a   0x0000014a   0x00000000   Code   RO         1201    .ARM.Collect$$libshutdown$$0000000C  c_w.l(libshutdown2.o)
    0x0000014a   0x0000014a   0x00000000   Code   RO         1204    .ARM.Collect$$libshutdown$$0000000F  c_w.l(libshutdown2.o)
    0x0000014a   0x0000014a   0x00000002   Code   RO         1205    .ARM.Collect$$libshutdown$$00000010  c_w.l(libshutdown2.o)
    0x0000014c   0x0000014c   0x00000000   Code   RO         1038    .ARM.Collect$$rtentry$$00000000  c_w.l(__rtentry.o)
    0x0000014c   0x0000014c   0x00000000   Code   RO         1094    .ARM.Collect$$rtentry$$00000002  c_w.l(__rtentry2.o)
    0x0000014c   0x0000014c   0x00000006   Code   RO         1106    .ARM.Collect$$rtentry$$00000004  c_w.l(__rtentry4.o)
    0x00000152   0x00000152   0x00000000   Code   RO         1096    .ARM.Collect$$rtentry$$00000009  c_w.l(__rtentry2.o)
    0x00000152   0x00000152   0x00000004   Code   RO         1097    .ARM.Collect$$rtentry$$0000000A  c_w.l(__rtentry2.o)
    0x00000156   0x00000156   0x00000000   Code   RO         1099    .ARM.Collect$$rtentry$$0000000C  c_w.l(__rtentry2.o)
    0x00000156   0x00000156   0x00000008   Code   RO         1100    .ARM.Collect$$rtentry$$0000000D  c_w.l(__rtentry2.o)
    0x0000015e   0x0000015e   0x00000002   Code   RO         1137    .ARM.Collect$$rtexit$$00000000  c_w.l(rtexit.o)
    0x00000160   0x00000160   0x00000000   Code   RO         1157    .ARM.Collect$$rtexit$$00000002  c_w.l(rtexit2.o)
    0x00000160   0x00000160   0x00000004   Code   RO         1158    .ARM.Collect$$rtexit$$00000003  c_w.l(rtexit2.o)
    0x00000164   0x00000164   0x00000006   Code   RO         1159    .ARM.Collect$$rtexit$$00000004  c_w.l(rtexit2.o)
    0x0000016a   0x0000016a   0x00000002   PAD
    0x0000016c   0x0000016c   0x00000034   Code   RO         1015    .emb_text           c_w.l(rand.o)
    0x000001a0   0x000001a0   0x0000003c   Code   RO          969  * .text               startup_lpc17xx.o
    0x000001dc   0x000001dc   0x0000003c   Code   RO         1016    .text               c_w.l(rand.o)
    0x00000218   0x00000218   0x0000004e   Code   RO         1020    .text               c_w.l(rt_memclr_w.o)
    0x00000266   0x00000266   0x00000006   Code   RO         1022    .text               c_w.l(heapauxi.o)
    0x0000026c   0x0000026c   0x0000004a   Code   RO         1114    .text               c_w.l(sys_stackheap_outer.o)
    0x000002b6   0x000002b6   0x00000012   Code   RO         1116    .text               c_w.l(exit.o)
    0x000002c8   0x000002c8   0x00000008   Code   RO         1134    .text               c_w.l(libspace.o)
    0x000002d0   0x000002d0   0x0000000c   Code   RO         1151    .text               c_w.l(sys_exit.o)
    0x000002dc   0x000002dc   0x00000002   Code   RO         1153    .text               c_w.l(use_no_semi.o)
    0x000002de   0x000002de   0x00000000   Code   RO         1155    .text               c_w.l(indicate_semi.o)
    0x000002de   0x000002de   0x00000014   Code   RO            4    i.Buffer_Reset      buffer.o
    0x000002f2   0x000002f2   0x00000008   Code   RO          432    i.I2Cx_GetDataCount  i2c_lpc17xx.o
    0x000002fa   0x000002fa   0x00000000   Code   RO         1092    x$fpl$usenofp       fz_ws.l(usenofp.o)
    0x000002fa   0x000002fa   0x00000002   PAD
    0x000002fc   0x000002fc   0x00000004   Code   RO          968    .ARM.__at_0x02FC    startup_lpc17xx.o
    0x00000300   0x00000300   0x0000004c   Code   RO          216    i.ADC_value         pf_main.o
    0x0000034c   0x0000034c   0x00000024   Code   RO            1    i.Buffer_DrawLineH  buffer.o
    0x00000370   0x00000370   0x00000030   Code   RO            3    i.Buffer_DrawRect   buffer.o
    0x000003a0   0x000003a0   0x0000006c   Code   RO            5    i.Buffer_SetPixel   buffer.o
    0x0000040c   0x0000040c   0x00000020   Code   RO          788    i.Clear_Channel_active_flag  gpdma_lpc17xx.o
    0x0000042c   0x0000042c   0x00000180   Code   RO          789    i.DMA_IRQHandler    gpdma_lpc17xx.o
    0x000005ac   0x000005ac   0x000000f4   Code   RO          790    i.GPDMA_ChannelConfigure  gpdma_lpc17xx.o
    0x000006a0   0x000006a0   0x00000030   Code   RO          791    i.GPDMA_ChannelDisable  gpdma_lpc17xx.o
    0x000006d0   0x000006d0   0x00000030   Code   RO          793    i.GPDMA_ChannelGetCount  gpdma_lpc17xx.o
    0x00000700   0x00000700   0x000000a8   Code   RO          795    i.GPDMA_Initialize  gpdma_lpc17xx.o
    0x000007a8   0x000007a8   0x00000044   Code   RO          796    i.GPDMA_PeripheralSelect  gpdma_lpc17xx.o
    0x000007ec   0x000007ec   0x00000080   Code   RO          797    i.GPDMA_Uninitialize  gpdma_lpc17xx.o
    0x0000086c   0x0000086c   0x00000020   Code   RO          878    i.GPIO_PinRead      gpio_lpc17xx.o
    0x0000088c   0x0000088c   0x00000028   Code   RO          879    i.GPIO_PinWrite     gpio_lpc17xx.o
    0x000008b4   0x000008b4   0x0000002c   Code   RO          880    i.GPIO_PortClock    gpio_lpc17xx.o
    0x000008e0   0x000008e0   0x00000038   Code   RO          883    i.GPIO_SetDir       gpio_lpc17xx.o
    0x00000918   0x00000918   0x00000040   Code   RO          417    i.GetI2CClockFreq   i2c_lpc17xx.o
    0x00000958   0x00000958   0x00000044   Code   RO          610    i.GetSSPClockFreq   ssp_lpc17xx.o
    0x0000099c   0x0000099c   0x00000018   Code   RO          418    i.I2C2_Control      i2c_lpc17xx.o
    0x000009b4   0x000009b4   0x00000010   Code   RO          419    i.I2C2_GetDataCount  i2c_lpc17xx.o
    0x000009c4   0x000009c4   0x00000010   Code   RO          420    i.I2C2_GetStatus    i2c_lpc17xx.o
    0x000009d4   0x000009d4   0x00000010   Code   RO          421    i.I2C2_IRQHandler   i2c_lpc17xx.o
    0x000009e4   0x000009e4   0x00000014   Code   RO          422    i.I2C2_Initialize   i2c_lpc17xx.o
    0x000009f8   0x000009f8   0x00000020   Code   RO          423    i.I2C2_MasterReceive  i2c_lpc17xx.o
    0x00000a18   0x00000a18   0x00000020   Code   RO          424    i.I2C2_MasterTransmit  i2c_lpc17xx.o
    0x00000a38   0x00000a38   0x00000014   Code   RO          425    i.I2C2_PowerControl  i2c_lpc17xx.o
    0x00000a4c   0x00000a4c   0x00000018   Code   RO          426    i.I2C2_SlaveReceive  i2c_lpc17xx.o
    0x00000a64   0x00000a64   0x00000018   Code   RO          427    i.I2C2_SlaveTransmit  i2c_lpc17xx.o
    0x00000a7c   0x00000a7c   0x00000010   Code   RO          428    i.I2C2_Uninitialize  i2c_lpc17xx.o
    0x00000a8c   0x00000a8c   0x0000005a   Code   RO          371    i.I2CACCEL_Configure  i2c_accel.o
    0x00000ae6   0x00000ae6   0x000000e8   Code   RO          372    i.I2CACCEL_GetRegister  i2c_accel.o
    0x00000bce   0x00000bce   0x00000042   Code   RO          373    i.I2CACCEL_GetValue  i2c_accel.o
    0x00000c10   0x00000c10   0x00000022   Code   RO          374    i.I2CACCEL_Init     i2c_accel.o
    0x00000c32   0x00000c32   0x00000002   PAD
    0x00000c34   0x00000c34   0x00000088   Code   RO          375    i.I2CACCEL_SetRegister  i2c_accel.o
    0x00000cbc   0x00000cbc   0x0000000c   Code   RO          429    i.I2C_GetCapabilities  i2c_lpc17xx.o
    0x00000cc8   0x00000cc8   0x00000010   Code   RO          430    i.I2C_GetVersion    i2c_lpc17xx.o
    0x00000cd8   0x00000cd8   0x0000018c   Code   RO          431    i.I2Cx_Control      i2c_lpc17xx.o
    0x00000e64   0x00000e64   0x00000008   Code   RO          433    i.I2Cx_GetStatus    i2c_lpc17xx.o
    0x00000e6c   0x00000e6c   0x00000030   Code   RO          434    i.I2Cx_IRQHandler   i2c_lpc17xx.o
    0x00000e9c   0x00000e9c   0x0000004e   Code   RO          435    i.I2Cx_Initialize   i2c_lpc17xx.o
    0x00000eea   0x00000eea   0x000001ce   Code   RO          436    i.I2Cx_MasterHandler  i2c_lpc17xx.o
    0x000010b8   0x000010b8   0x000000ce   Code   RO          437    i.I2Cx_MasterReceive  i2c_lpc17xx.o
    0x00001186   0x00001186   0x000000cc   Code   RO          438    i.I2Cx_MasterTransmit  i2c_lpc17xx.o
    0x00001252   0x00001252   0x00000140   Code   RO          439    i.I2Cx_PowerControl  i2c_lpc17xx.o
    0x00001392   0x00001392   0x000001d4   Code   RO          440    i.I2Cx_SlaveHandler  i2c_lpc17xx.o
    0x00001566   0x00001566   0x00000074   Code   RO          441    i.I2Cx_SlaveReceive  i2c_lpc17xx.o
    0x000015da   0x000015da   0x00000074   Code   RO          442    i.I2Cx_SlaveTransmit  i2c_lpc17xx.o
    0x0000164e   0x0000164e   0x00000030   Code   RO          443    i.I2Cx_Uninitialize  i2c_lpc17xx.o
    0x0000167e   0x0000167e   0x00000002   PAD
    0x00001680   0x00001680   0x000000fc   Code   RO          932    i.PIN_Configure     pin_lpc17xx.o
    0x0000177c   0x0000177c   0x00000020   Code   RO          933    i.PIN_ConfigureI2C0Pins  pin_lpc17xx.o
    0x0000179c   0x0000179c   0x0000005e   Code   RO          159    i.SPILCD_Configure  spi_lcd.o
    0x000017fa   0x000017fa   0x00000002   PAD
    0x000017fc   0x000017fc   0x00000070   Code   RO          160    i.SPILCD_Init       spi_lcd.o
    0x0000186c   0x0000186c   0x0000004c   Code   RO          161    i.SPILCD_Reset      spi_lcd.o
    0x000018b8   0x000018b8   0x00000068   Code   RO          162    i.SPILCD_SendCommand  spi_lcd.o
    0x00001920   0x00001920   0x0000006a   Code   RO          163    i.SPILCD_SendData   spi_lcd.o
    0x0000198a   0x0000198a   0x0000003c   Code   RO          164    i.SPILCD_Transfer   spi_lcd.o
    0x000019c6   0x000019c6   0x00000002   PAD
    0x000019c8   0x000019c8   0x00000018   Code   RO          611    i.SSP1_Control      ssp_lpc17xx.o
    0x000019e0   0x000019e0   0x00000014   Code   RO          612    i.SSP1_GPDMA_Rx_SignalEvent  ssp_lpc17xx.o
    0x000019f4   0x000019f4   0x00000014   Code   RO          613    i.SSP1_GPDMA_Tx_SignalEvent  ssp_lpc17xx.o
    0x00001a08   0x00001a08   0x00000010   Code   RO          614    i.SSP1_GetDataCount  ssp_lpc17xx.o
    0x00001a18   0x00001a18   0x00000010   Code   RO          615    i.SSP1_GetStatus    ssp_lpc17xx.o
    0x00001a28   0x00001a28   0x00000010   Code   RO          616    i.SSP1_IRQHandler   ssp_lpc17xx.o
    0x00001a38   0x00001a38   0x00000014   Code   RO          617    i.SSP1_Initialize   ssp_lpc17xx.o
    0x00001a4c   0x00001a4c   0x00000014   Code   RO          618    i.SSP1_PowerControl  ssp_lpc17xx.o
    0x00001a60   0x00001a60   0x00000018   Code   RO          619    i.SSP1_Receive      ssp_lpc17xx.o
    0x00001a78   0x00001a78   0x00000018   Code   RO          620    i.SSP1_Send         ssp_lpc17xx.o
    0x00001a90   0x00001a90   0x0000001c   Code   RO          621    i.SSP1_Transfer     ssp_lpc17xx.o
    0x00001aac   0x00001aac   0x00000010   Code   RO          622    i.SSP1_Uninitialize  ssp_lpc17xx.o
    0x00001abc   0x00001abc   0x0000000c   Code   RO          623    i.SSP_GetCapabilities  ssp_lpc17xx.o
    0x00001ac8   0x00001ac8   0x00000010   Code   RO          624    i.SSP_GetVersion    ssp_lpc17xx.o
    0x00001ad8   0x00001ad8   0x0000051e   Code   RO          625    i.SSPx_Control      ssp_lpc17xx.o
    0x00001ff6   0x00001ff6   0x00000036   Code   RO          626    i.SSPx_GPDMA_Rx_SignalEvent  ssp_lpc17xx.o
    0x0000202c   0x0000202c   0x0000001c   Code   RO          627    i.SSPx_GPDMA_Tx_SignalEvent  ssp_lpc17xx.o
    0x00002048   0x00002048   0x0000002c   Code   RO          628    i.SSPx_GetDataCount  ssp_lpc17xx.o
    0x00002074   0x00002074   0x0000005a   Code   RO          629    i.SSPx_GetStatus    ssp_lpc17xx.o
    0x000020ce   0x000020ce   0x00000104   Code   RO          630    i.SSPx_IRQHandler   ssp_lpc17xx.o
    0x000021d2   0x000021d2   0x000000a8   Code   RO          631    i.SSPx_Initialize   ssp_lpc17xx.o
    0x0000227a   0x0000227a   0x00000002   PAD
    0x0000227c   0x0000227c   0x000001b4   Code   RO          632    i.SSPx_PowerControl  ssp_lpc17xx.o
    0x00002430   0x00002430   0x0000015c   Code   RO          633    i.SSPx_Receive      ssp_lpc17xx.o
    0x0000258c   0x0000258c   0x00000154   Code   RO          634    i.SSPx_Send         ssp_lpc17xx.o
    0x000026e0   0x000026e0   0x00000152   Code   RO          635    i.SSPx_Transfer     ssp_lpc17xx.o
    0x00002832   0x00002832   0x00000070   Code   RO          636    i.SSPx_Uninitialize  ssp_lpc17xx.o
    0x000028a2   0x000028a2   0x00000002   PAD
    0x000028a4   0x000028a4   0x00000038   Code   RO          798    i.Set_Channel_active_flag  gpdma_lpc17xx.o
    0x000028dc   0x000028dc   0x00000140   Code   RO          979    i.SystemInit        system_lpc17xx.o
    0x00002a1c   0x00002a1c   0x0000004c   Code   RO          217    i.TIMER0_IRQHandler  pf_main.o
    0x00002a68   0x00002a68   0x0000001c   Code   RO          444    i.__NVIC_ClearPendingIRQ  i2c_lpc17xx.o
    0x00002a84   0x00002a84   0x0000001c   Code   RO          637    i.__NVIC_ClearPendingIRQ  ssp_lpc17xx.o
    0x00002aa0   0x00002aa0   0x0000001c   Code   RO          799    i.__NVIC_ClearPendingIRQ  gpdma_lpc17xx.o
    0x00002abc   0x00002abc   0x0000003c   Code   RO          445    i.__NVIC_DisableIRQ  i2c_lpc17xx.o
    0x00002af8   0x00002af8   0x0000001a   Code   RO          446    i.__NVIC_EnableIRQ  i2c_lpc17xx.o
    0x00002b12   0x00002b12   0x00000002   PAD
    0x00002b14   0x00002b14   0x0000004c   Code   RO          218    i.adc_configuration  pf_main.o
    0x00002b60   0x00002b60   0x00000034   Code   RO          219    i.check_damage      pf_main.o
    0x00002b94   0x00002b94   0x00000080   Code   RO          220    i.check_enemies     pf_main.o
    0x00002c14   0x00002c14   0x0000008c   Code   RO          108    i.delay             delay.o
    0x00002ca0   0x00002ca0   0x00000032   Code   RO            6    i.draw_all_enemies  buffer.o
    0x00002cd2   0x00002cd2   0x0000010e   Code   RO            7    i.draw_enemy_one    buffer.o
    0x00002de0   0x00002de0   0x0000001c   Code   RO            8    i.draw_gameOver     buffer.o
    0x00002dfc   0x00002dfc   0x0000001c   Code   RO            9    i.draw_gameWin      buffer.o
    0x00002e18   0x00002e18   0x0000001c   Code   RO           10    i.draw_pause_screen  buffer.o
    0x00002e34   0x00002e34   0x000000b6   Code   RO           11    i.draw_ship         buffer.o
    0x00002eea   0x00002eea   0x00000018   Code   RO          338    i.initPin_ADC       pf_pin.o
    0x00002f02   0x00002f02   0x00000022   Code   RO          339    i.initPin_JOY       pf_pin.o
    0x00002f24   0x00002f24   0x00000022   Code   RO          340    i.initPin_LED       pf_pin.o
    0x00002f46   0x00002f46   0x00000002   PAD
    0x00002f48   0x00002f48   0x00000598   Code   RO          221    i.main              pf_main.o
    0x000034e0   0x000034e0   0x00000030   Code   RO          222    i.move_enemies      pf_main.o
    0x00003510   0x00003510   0x000000f0   Code   RO          223    i.read_peripherals  pf_main.o
    0x00003600   0x00003600   0x0000003c   Code   RO          312    i.timmer0_configuration  pf_timmer.o
    0x0000363c   0x0000363c   0x00000036   Code   RO         1026    x$fpl$ffix          fz_ws.l(ffix.o)
    0x00003672   0x00003672   0x00000002   PAD
    0x00003674   0x00003674   0x00000026   Code   RO         1030    x$fpl$ffltu         fz_ws.l(fflt_clz.o)
    0x0000369a   0x0000369a   0x00000002   PAD
    0x0000369c   0x0000369c   0x00000102   Code   RO         1036    x$fpl$fmul          fz_ws.l(fmul.o)
    0x0000379e   0x0000379e   0x0000008c   Code   RO         1088    x$fpl$fnaninf       fz_ws.l(fnaninf.o)
    0x0000382a   0x0000382a   0x0000000a   Code   RO         1090    x$fpl$fretinf       fz_ws.l(fretinf.o)
    0x00003834   0x00003834   0x00000600   Data   RO           12    .constdata          buffer.o
    0x00003e34   0x00003e34   0x00000064   Data   RO          448    .constdata          i2c_lpc17xx.o
    0x00003e98   0x00003e98   0x0000007c   Data   RO          639    .constdata          ssp_lpc17xx.o
    0x00003f14   0x00003f14   0x00000020   Data   RO         1206    Region$$Table       anon$$obj.o


    Execution Region ER_RW (Exec base: 0x10000000, Load base: 0x00003f34, Size: 0x000000f4, Max: 0xffffffff, ABSOLUTE)

    Exec Addr    Load Addr    Size         Type   Attr      Idx    E Section Name        Object

    0x10000000   0x00003f34   0x000000cb   Data   RW          225    .data               pf_main.o
    0x100000cb   0x00003fff   0x00000001   PAD
    0x100000cc   0x00004000   0x00000008   Data   RW          313    .data               pf_timmer.o
    0x100000d4   0x00004008   0x00000002   Data   RW          377    .data               i2c_accel.o
    0x100000d6   0x0000400a   0x00000004   Data   RW          449    .data               i2c_lpc17xx.o
    0x100000da   0x0000400e   0x00000002   PAD
    0x100000dc   0x00004010   0x0000000c   Data   RW          640    .data               ssp_lpc17xx.o
    0x100000e8   0x0000401c   0x00000008   Data   RW          801    .data               gpdma_lpc17xx.o
    0x100000f0   0x00004024   0x00000004   Data   RW          980    .data               system_lpc17xx.o


    Execution Region ER_ZI (Exec base: 0x100000f4, Load base: 0x00004028, Size: 0x00000634, Max: 0xffffffff, ABSOLUTE)

    Exec Addr    Load Addr    Size         Type   Attr      Idx    E Section Name        Object

    0x100000f4        -       0x00000200   Zero   RW          224    .bss                pf_main.o
    0x100002f4        -       0x00000024   Zero   RW          447    .bss                i2c_lpc17xx.o
    0x10000318        -       0x00000028   Zero   RW          638    .bss                ssp_lpc17xx.o
    0x10000340        -       0x000000a0   Zero   RW          800    .bss                gpdma_lpc17xx.o
    0x100003e0        -       0x000000e4   Zero   RW         1017    .bss                c_w.l(rand.o)
    0x100004c4        -       0x00000060   Zero   RW         1135    .bss                c_w.l(libspace.o)
    0x10000524   0x00004028   0x00000004   PAD
    0x10000528        -       0x00000000   Zero   RW          966    HEAP                startup_lpc17xx.o
    0x10000528        -       0x00000200   Zero   RW          965    STACK               startup_lpc17xx.o


==============================================================================

Image component sizes


      Code (inc. data)   RO Data    RW Data    ZI Data      Debug   Object Name

       798         18       1536          0          0      16110   buffer.o
       140         14          0          0          0      17296   delay.o
      1204         94          0          8        160       8206   gpdma_lpc17xx.o
       172         18          0          0          0       2298   gpio_lpc17xx.o
       558          4          0          2          0       3251   i2c_accel.o
      2924        132        100          4         36      48664   i2c_lpc17xx.o
      2128        276          0        203        512      36721   pf_main.o
        92          0          0          0          0       1502   pf_pin.o
        60         10          0          8          0        580   pf_timmer.o
       284         10          0          0          0       1464   pin_lpc17xx.o
       552         14          0          0          0       3505   spi_lcd.o
      3896        106        124         12         40      53575   ssp_lpc17xx.o
        64         26        204          0        512        988   startup_lpc17xx.o
       320         18          0          4          0        795   system_lpc17xx.o

    ----------------------------------------------------------------------
     13208        740       1996        244       1260     194955   Object Totals
         0          0         32          0          0          0   (incl. Generated)
        16          0          0          3          0          0   (incl. Padding)

    ----------------------------------------------------------------------

      Code (inc. data)   RO Data    RW Data    ZI Data      Debug   Library Member Name

         8          0          0          0          0         68   __main.o
         0          0          0          0          0          0   __rtentry.o
        12          0          0          0          0          0   __rtentry2.o
         6          0          0          0          0          0   __rtentry4.o
        52          8          0          0          0          0   __scatter.o
        26          0          0          0          0          0   __scatter_copy.o
        28          0          0          0          0          0   __scatter_zi.o
        18          0          0          0          0         80   exit.o
         6          0          0          0          0        152   heapauxi.o
         0          0          0          0          0          0   indicate_semi.o
         2          0          0          0          0          0   libinit.o
         6          0          0          0          0          0   libinit2.o
         2          0          0          0          0          0   libshutdown.o
         2          0          0          0          0          0   libshutdown2.o
         8          4          0          0         96         68   libspace.o
       112         18          0          0        228        160   rand.o
        78          0          0          0          0         80   rt_memclr_w.o
         2          0          0          0          0          0   rtexit.o
        10          0          0          0          0          0   rtexit2.o
        12          4          0          0          0         68   sys_exit.o
        74          0          0          0          0         80   sys_stackheap_outer.o
         2          0          0          0          0         68   use_no_semi.o
        54          4          0          0          0         84   ffix.o
        38          0          0          0          0         68   fflt_clz.o
       258          4          0          0          0         84   fmul.o
       140          4          0          0          0         84   fnaninf.o
        10          0          0          0          0         68   fretinf.o
         0          0          0          0          0          0   usenofp.o

    ----------------------------------------------------------------------
       976         46          0          0        328       1212   Library Totals
        10          0          0          0          4          0   (incl. Padding)

    ----------------------------------------------------------------------

      Code (inc. data)   RO Data    RW Data    ZI Data      Debug   Library Name

       466         34          0          0        324        824   c_w.l
       500         12          0          0          0        388   fz_ws.l

    ----------------------------------------------------------------------
       976         46          0          0        328       1212   Library Totals

    ----------------------------------------------------------------------

==============================================================================


      Code (inc. data)   RO Data    RW Data    ZI Data      Debug   

     14184        786       1996        244       1588     190079   Grand Totals
     14184        786       1996        244       1588     190079   ELF Image Totals
     14184        786       1996        244          0          0   ROM Totals

==============================================================================

    Total RO  Size (Code + RO Data)                16180 (  15.80kB)
    Total RW  Size (RW Data + ZI Data)              1832 (   1.79kB)
    Total ROM Size (Code + RO Data + RW Data)      16424 (  16.04kB)

==============================================================================

